D/MyActivity( 1555): Gyroscope: X: 0.006657903 Y :-0.012516857 Z: -7.9894834E-4
D/MyActivity( 1555): Accelerometer: X: 0.16400282 Y :-0.09995792 Z: 10.414179
D/MyActivity( 1555): Magnetometer: X: -43.08 Y :27.18 Z: 17.64
D/MyActivity( 1555): Gyroscope: X: 0.0058589545 Y :-0.004527374 Z: -0.0013315806
D/MyActivity( 1555): Accelerometer: X: 0.19393034 Y :-0.076015905 Z: 10.42196
D/MyActivity( 1555): Magnetometer: X: -43.08 Y :27.24 Z: 17.64
D/MyActivity( 1555): Gyroscope: X: 0.0029294773 Y :-0.008788432 Z: -0.0029294773
D/MyActivity( 1555): Accelerometer: X: 0.18614918 Y :-0.08020575 Z: 10.430939
D/MyActivity( 1555): Magnetometer: X: -43.14 Y :27.3 Z: 17.64
D/MyActivity( 1555): Gyroscope: X: 0.00479369 Y :-0.0127831735 Z: -0.0015978967
D/MyActivity( 1555): Accelerometer: X: 0.16340427 Y :-0.090979666 Z: 10.458471
D/MyActivity( 1555): Magnetometer: X: -43.14 Y :27.36 Z: 17.64
D/MyActivity( 1555): Gyroscope: X: 0.005060006 Y :-0.016511599 Z: -0.0010652645
D/MyActivity( 1555): Accelerometer: X: 0.18734628 Y :-0.092176765 Z: 10.451289
D/MyActivity( 1555): Magnetometer: X: -43.14 Y :27.36 Z: 17.58
D/MyActivity( 1555): Gyroscope: X: 0.0034621095 Y :-0.010386328 Z: -0.0013315806
D/MyActivity( 1555): Accelerometer: X: 0.16220717 Y :-0.08319851 Z: 10.429741
D/MyActivity( 1555): Magnetometer: X: -43.2 Y :27.36 Z: 17.58
D/MyActivity( 1555): Gyroscope: X: 0.0039947415 Y :-0.01571265 Z: -0.0015978967
D/MyActivity( 1555): Accelerometer: X: 0.18255788 Y :-0.08619126 Z: 10.432734
D/MyActivity( 1555): Magnetometer: X: -43.2 Y :27.36 Z: 17.58
D/MyActivity( 1555): Gyroscope: X: 0.0031957934 Y :-0.013848438 Z: -0.0013315806
D/SSRM:m  (  881): SIOP:: AP = 260, PST = 260, CUR = 450
D/MyActivity( 1555): Accelerometer: X: 0.17118542 Y :-0.09816227 Z: 10.434529
D/MyActivity( 1555): Magnetometer: X: -43.2 Y :27.36 Z: 17.52
D/MyActivity( 1555): Gyroscope: X: 0.0055926386 Y :-0.0055926386 Z: -0.0010652645
D/MyActivity( 1555): Accelerometer: X: 0.19512744 Y :-0.107739076 Z: 10.443508
D/MyActivity( 1555): Magnetometer: X: -43.2 Y :27.42 Z: 17.52
D/MyActivity( 1555): Gyroscope: X: 0.0034621095 Y :-0.010918961 Z: -0.0010652645
D/MyActivity( 1555): Accelerometer: X: 0.17417817 Y :-0.08738836 Z: 10.458471
D/MyActivity( 1555): Magnetometer: X: -43.26 Y :27.42 Z: 17.52
D/MyActivity( 1555): Gyroscope: X: 0.006657903 Y :-0.008788432 Z: -7.9894834E-4
D/MyActivity( 1555): Accelerometer: X: 0.1592144 Y :-0.092775315 Z: 10.442909
D/MyActivity( 1555): Magnetometer: X: -43.26 Y :27.36 Z: 17.52
D/MyActivity( 1555): Gyroscope: X: 0.006924219 Y :-0.011185277 Z: -0.002130529
D/MyActivity( 1555): Accelerometer: X: 0.18255788 Y :-0.08678981 Z: 10.423756
D/MyActivity( 1555): Magnetometer: X: -43.26 Y :27.36 Z: 17.52
D/MyActivity( 1555): Gyroscope: X: 0.0063915867 Y :-0.008522116 Z: -0.0013315806
D/MyActivity( 1555): Accelerometer: X: 0.16220717 Y :-0.095169514 Z: 10.4010105
D/MyActivity( 1555): Magnetometer: X: -43.26 Y :27.36 Z: 17.52
D/MyActivity( 1555): Gyroscope: X: 0.00479369 Y :-0.0058589545 Z: -2.663161E-4
E/SMD     (  298): DCD ON
D/MyActivity( 1555): Accelerometer: X: 0.17178397 Y :-0.108337626 Z: 10.421362
D/MyActivity( 1555): Magnetometer: X: -43.32 Y :27.36 Z: 17.52
D/MyActivity( 1555): Gyroscope: X: 0.0063915867 Y :-0.0061252704 Z: -7.9894834E-4
D/MyActivity( 1555): Accelerometer: X: 0.17896658 Y :-0.08200141 Z: 10.436325
D/MyActivity( 1555): Magnetometer: X: -43.32 Y :27.36 Z: 17.52
D/MyActivity( 1555): Gyroscope: X: 0.005060006 Y :-0.008255799 Z: -0.0029294773
D/MyActivity( 1555): Accelerometer: X: 0.16819267 Y :-0.08738836 Z: 10.461464
D/MyActivity( 1555): Magnetometer: X: -43.32 Y :27.36 Z: 17.52
D/MyActivity( 1555): Gyroscope: X: 0.0061252704 Y :-0.014647386 Z: -0.0034621095
D/MyActivity( 1555): Accelerometer: X: 0.17357962 Y :-0.0712275 Z: 10.429741
D/MyActivity( 1555): Magnetometer: X: -43.32 Y :27.3 Z: 17.52
D/MyActivity( 1555): Gyroscope: X: 0.0077231675 Y :-0.013848438 Z: -0.0026631611
D/MyActivity( 1555): Accelerometer: X: 0.17238252 Y :-0.10354923 Z: 10.4249525
D/MyActivity( 1555): Magnetometer: X: -43.32 Y :27.3 Z: 17.52
D/MyActivity( 1555): Gyroscope: X: 0.006657903 Y :-0.0058589545 Z: -0.0015978967
D/MyActivity( 1555): Accelerometer: X: 0.16460137 Y :-0.088585466 Z: 10.425551
D/MyActivity( 1555): Magnetometer: X: -43.32 Y :27.3 Z: 17.52
D/MyActivity( 1555): Gyroscope: X: 0.0053263223 Y :-0.010120012 Z: -0.0018642128
D/MyActivity( 1555): Accelerometer: X: 0.1592144 Y :-0.090381116 Z: 10.432734
D/MyActivity( 1555): Magnetometer: X: -43.32 Y :27.3 Z: 17.58
D/MyActivity( 1555): Gyroscope: X: 0.0053263223 Y :-0.004527374 Z: -0.002130529
D/MyActivity( 1555): Accelerometer: X: 0.16579847 Y :-0.09935937 Z: 10.42196
D/MyActivity( 1555): Magnetometer: X: -43.32 Y :27.3 Z: 17.58
D/MyActivity( 1555): Gyroscope: X: 0.0034621095 Y :-0.016245283 Z: -0.002130529
D/MyActivity( 1555): Accelerometer: X: 0.17417817 Y :-0.089184016 Z: 10.408194
D/MyActivity( 1555): Magnetometer: X: -43.32 Y :27.3 Z: 17.58
D/MyActivity( 1555): Gyroscope: X: 0.0039947415 Y :-0.007456851 Z: -0.0031957934
D/MyActivity( 1555): Accelerometer: X: 0.16938977 Y :-0.08499416 Z: 10.419566
D/MyActivity( 1555): Magnetometer: X: -43.26 Y :27.3 Z: 17.64
D/MyActivity( 1555): Gyroscope: X: 0.004527374 Y :-0.011717909 Z: -0.0026631611
D/MyActivity( 1555): Accelerometer: X: 0.17238252 Y :-0.092176765 Z: 10.457873
D/MyActivity( 1555): Magnetometer: X: -43.26 Y :27.3 Z: 17.64
D/MyActivity( 1555): Gyroscope: X: 0.007456851 Y :-0.013315806 Z: -0.0015978967
D/MyActivity( 1555): Accelerometer: X: 0.18555063 Y :-0.09696517 Z: 10.429143
D/MyActivity( 1555): Magnetometer: X: -43.26 Y :27.3 Z: 17.64
D/MyActivity( 1555): Gyroscope: X: 0.0039947415 Y :-0.0127831735 Z: -0.002396845
D/MyActivity( 1555): Accelerometer: X: 0.18195933 Y :-0.090979666 Z: 10.437522
D/MyActivity( 1555): Magnetometer: X: -43.26 Y :27.3 Z: 17.7
D/MyActivity( 1555): Gyroscope: X: 0.0063915867 Y :-0.0053263223 Z: -0.0018642128
D/MyActivity( 1555): Accelerometer: X: 0.17417817 Y :-0.09816227 Z: 10.435727
D/MyActivity( 1555): Magnetometer: X: -43.26 Y :27.3 Z: 17.7
D/MyActivity( 1555): Gyroscope: X: 0.005060006 Y :-0.010386328 Z: -5.326322E-4
D/MyActivity( 1555): Accelerometer: X: 0.18136078 Y :-0.095169514 Z: 10.427347
D/MyActivity( 1555): Magnetometer: X: -43.26 Y :27.3 Z: 17.7
D/MyActivity( 1555): Gyroscope: X: 0.004261058 Y :-0.0077231675 Z: -0.0031957934
D/MyActivity( 1555): Accelerometer: X: 0.16759412 Y :-0.0688333 Z: 10.432734
D/MyActivity( 1555): Magnetometer: X: -43.26 Y :27.3 Z: 17.7
D/MyActivity( 1555): Gyroscope: X: 0.005060006 Y :-0.011984225 Z: -0.002396845
D/MyActivity( 1555): Accelerometer: X: 0.16938977 Y :-0.08259996 Z: 10.4488945
D/MyActivity( 1555): Magnetometer: X: -43.26 Y :27.3 Z: 17.76
D/MyActivity( 1555): Gyroscope: X: 0.006657903 Y :-0.009321064 Z: -0.002130529
E/SMD     (  298): DCD ON
D/MyActivity( 1555): Accelerometer: X: 0.16400282 Y :-0.10654198 Z: 10.444705
D/MyActivity( 1555): Magnetometer: X: -43.26 Y :27.3 Z: 17.76
D/MyActivity( 1555): Gyroscope: X: 0.006924219 Y :-0.015180019 Z: -0.002396845
D/MyActivity( 1555): Accelerometer: X: 0.17178397 Y :-0.079008654 Z: 10.408194
D/MyActivity( 1555): Magnetometer: X: -43.26 Y :27.24 Z: 17.76
D/MyActivity( 1555): Gyroscope: X: 0.0063915867 Y :-0.01304949 Z: -0.0015978967
D/MyActivity( 1555): Accelerometer: X: 0.17118542 Y :-0.08200141 Z: 10.429741
D/MyActivity( 1555): Magnetometer: X: -43.26 Y :27.24 Z: 17.76
D/MyActivity( 1555): Gyroscope: X: 0.0058589545 Y :-0.013582122 Z: -0.0013315806
D/MyActivity( 1555): Accelerometer: X: 0.17058687 Y :-0.09876082 Z: 10.443508
D/MyActivity( 1555): Magnetometer: X: -43.26 Y :27.24 Z: 17.76
D/MyActivity( 1555): Gyroscope: X: 0.0061252704 Y :-0.012250541 Z: -0.002130529
D/MyActivity( 1555): Accelerometer: X: 0.16340427 Y :-0.089184016 Z: 10.429143
D/MyActivity( 1555): Magnetometer: X: -43.2 Y :27.18 Z: 17.76
D/MyActivity( 1555): Gyroscope: X: 0.0061252704 Y :-0.01571265 Z: -0.0029294773
D/MyActivity( 1555): Accelerometer: X: 0.16819267 Y :-0.08379706 Z: 10.415975
D/MyActivity( 1555): Magnetometer: X: -43.2 Y :27.18 Z: 17.76
D/MyActivity( 1555): Gyroscope: X: 0.004261058 Y :-0.0029294773 Z: -0.0015978967
D/MyActivity( 1555): Accelerometer: X: 0.18435353 Y :-0.08200141 Z: 10.412383
D/MyActivity( 1555): Magnetometer: X: -43.2 Y :27.12 Z: 17.76
D/MyActivity( 1555): Gyroscope: X: 0.0063915867 Y :-0.01571265 Z: -0.0026631611
D/MyActivity( 1555): Accelerometer: X: 0.18076223 Y :-0.091578215 Z: 10.43872
D/MyActivity( 1555): Magnetometer: X: -43.2 Y :27.12 Z: 17.7
D/MyActivity( 1555): Gyroscope: X: 0.0055926386 Y :-0.01304949 Z: 0.0
D/MyActivity( 1555): Accelerometer: X: 0.16639702 Y :-0.092176765 Z: 10.439917
D/MyActivity( 1555): Magnetometer: X: -43.2 Y :27.12 Z: 17.7
D/MyActivity( 1555): Gyroscope: X: 0.0055926386 Y :-0.011984225 Z: -0.0018642128
D/MyActivity( 1555): Accelerometer: X: 0.15263036 Y :-0.10175357 Z: 10.426748
D/MyActivity( 1555): Magnetometer: X: -43.2 Y :27.06 Z: 17.7
D/MyActivity( 1555): Gyroscope: X: 0.0053263223 Y :-0.014913702 Z: 2.663161E-4
D/MyActivity( 1555): Accelerometer: X: 0.17417817 Y :-0.09816227 Z: 10.447698
D/MyActivity( 1555): Magnetometer: X: -43.2 Y :27.06 Z: 17.7
D/MyActivity( 1555): Gyroscope: X: 0.006657903 Y :-0.014913702 Z: -7.9894834E-4
D/MyActivity( 1555): Accelerometer: X: 0.17956513 Y :-0.08559271 Z: 10.426748
D/MyActivity( 1555): Magnetometer: X: -43.2 Y :27.0 Z: 17.7
D/MyActivity( 1555): Gyroscope: X: 0.0058589545 Y :-0.0039947415 Z: -5.326322E-4
D/MyActivity( 1555): Accelerometer: X: 0.17717093 Y :-0.078410104 Z: 10.423157
D/MyActivity( 1555): Magnetometer: X: -43.2 Y :27.0 Z: 17.7
D/MyActivity( 1555): Gyroscope: X: 0.007190535 Y :-0.01571265 Z: -0.002130529
D/MyActivity( 1555): Accelerometer: X: 0.17058687 Y :-0.078410104 Z: 10.431537
D/MyActivity( 1555): Magnetometer: X: -43.2 Y :27.0 Z: 17.64
D/MyActivity( 1555): Gyroscope: X: 0.006924219 Y :-0.0063915867 Z: -0.0018642128
D/MyActivity( 1555): Accelerometer: X: 0.16220717 Y :-0.108337626 Z: 10.427347
D/MyActivity( 1555): Magnetometer: X: -43.2 Y :26.94 Z: 17.64
D/MyActivity( 1555): Gyroscope: X: 0.0039947415 Y :-0.015180019 Z: -0.0013315806
D/MyActivity( 1555): Accelerometer: X: 0.17238252 Y :-0.077213004 Z: 10.443508
D/MyActivity( 1555): Magnetometer: X: -43.2 Y :26.94 Z: 17.64
D/MyActivity( 1555): Gyroscope: X: 0.006657903 Y :-0.012516857 Z: -0.0010652645
E/SMD     (  298): DCD ON
D/MyActivity( 1555): Accelerometer: X: 0.14305355 Y :-0.093972415 Z: 10.420164
D/MyActivity( 1555): Magnetometer: X: -43.26 Y :26.94 Z: 17.58
D/MyActivity( 1555): Gyroscope: X: 0.0055926386 Y :-0.002396845 Z: -7.9894834E-4
D/MyActivity( 1555): Accelerometer: X: 0.15981296 Y :-0.08200141 Z: 10.435128
D/MyActivity( 1555): Magnetometer: X: -43.2 Y :26.88 Z: 17.58
D/MyActivity( 1555): Gyroscope: X: 0.0063915867 Y :-0.004261058 Z: -0.0015978967
D/MyActivity( 1555): Accelerometer: X: 0.17537527 Y :-0.090979666 Z: 10.435727
D/MyActivity( 1555): Magnetometer: X: -43.26 Y :26.88 Z: 17.58
D/MyActivity( 1555): Gyroscope: X: 0.007989483 Y :-0.013315806 Z: -7.9894834E-4
D/MyActivity( 1555): Accelerometer: X: 0.14544775 Y :-0.090979666 Z: 10.450092
D/MyActivity( 1555): Magnetometer: X: -43.26 Y :26.88 Z: 17.52
D/MyActivity( 1555): Gyroscope: X: 0.0055926386 Y :-0.0039947415 Z: -7.9894834E-4
D/MyActivity( 1555): Accelerometer: X: 0.17717093 Y :-0.091578215 Z: 10.412982
D/MyActivity( 1555): Magnetometer: X: -43.26 Y :26.88 Z: 17.52
D/MyActivity( 1555): Gyroscope: X: 0.004261058 Y :-0.0061252704 Z: -0.002396845
D/MyActivity( 1555): Accelerometer: X: 0.15622166 Y :-0.11971009 Z: 10.410587
D/MyActivity( 1555): Magnetometer: X: -43.26 Y :26.88 Z: 17.52
D/MyActivity( 1555): Gyroscope: X: 0.007190535 Y :-0.0058589545 Z: -0.0015978967
D/MyActivity( 1555): Accelerometer: X: 0.17776948 Y :-0.10115502 Z: 10.42615
D/MyActivity( 1555): Magnetometer: X: -43.26 Y :26.88 Z: 17.46
D/MyActivity( 1555): Gyroscope: X: 0.004527374 Y :-0.002396845 Z: -0.002130529
D/MyActivity( 1555): Accelerometer: X: 0.18555063 Y :-0.073023155 Z: 10.40939
D/MyActivity( 1555): Magnetometer: X: -43.26 Y :26.88 Z: 17.46
D/MyActivity( 1555): Gyroscope: X: 0.00479369 Y :-0.0127831735 Z: -0.0018642128
D/MyActivity( 1555): Accelerometer: X: 0.17238252 Y :-0.08379706 Z: 10.444705
D/MyActivity( 1555): Magnetometer: X: -43.26 Y :26.88 Z: 17.46
D/MyActivity( 1555): Gyroscope: X: 0.0039947415 Y :-0.013582122 Z: -0.0039947415
D/MyActivity( 1555): Accelerometer: X: 0.17776948 Y :-0.077213004 Z: 10.451289
D/MyActivity( 1555): Magnetometer: X: -43.26 Y :26.88 Z: 17.46
D/MyActivity( 1555): Gyroscope: X: 0.007190535 Y :-0.007456851 Z: -7.9894834E-4
D/MyActivity( 1555): Accelerometer: X: 0.15861586 Y :-0.090381116 Z: 10.447698
D/MyActivity( 1555): Magnetometer: X: -43.32 Y :26.88 Z: 17.46
D/MyActivity( 1555): Gyroscope: X: 0.0063915867 Y :-0.016511599 Z: 0.0
V/AlarmManager(  881): waitForAlarm result :4
D/MyActivity( 1555): Accelerometer: X: 0.17537527 Y :-0.08798691 Z: 10.456078
D/MyActivity( 1555): Magnetometer: X: -43.32 Y :26.82 Z: 17.46
I/PedometerService( 1933): onStartCommand  true, true, false
D/BatteryService(  881): level:56, scale:100, status:2, health:2, present:true, voltage: 4032, temperature: 271, technology: Li-ion, AC powered:false, USB powered:true, Wireless powered:false, icon:17303749, invalid charger:0
D/MyActivity( 1555): Gyroscope: X: 0.004527374 Y :-0.006657903 Z: -0.0015978967
D/BatteryService(  881): online:4, current avg:450, charge type:1, power sharing:false, high voltage charger:false, capacity:280000
D/BatteryService(  881): stay LED for charging
I/PedometerService( 1933): onStartCommand  true, true, false
D/KeyguardUpdateMonitor( 1188): received broadcast android.intent.action.TIME_TICK
D/KeyguardUpdateMonitor( 1188): handleTimeUpdate
D/KeyguardEffectViewController( 1188): onReceive action : android.intent.action.TIME_TICK
I/KeyguardEffectViewController( 1188): *** don't update sliding image ***
D/BatteryService(  881): Sending ACTION_BATTERY_CHANGED.
I/SQLiteSecureOpenHelper( 1933): getReadableDatabase(pwd)
I/SQLiteSecureOpenHelper( 1933): getDatabaseLocked(b,b,pwd)...
D/KeyguardUpdateMonitor( 1188): received broadcast android.intent.action.BATTERY_CHANGED
D/KeyguardUpdateMonitor( 1188): handleBatteryUpdate
D/MotionRecognitionService(  881):   mReceiver.onReceive : ACTION_BATTERY_CHANGED
I/MotionRecognitionService(  881): Plugged
I/MotionRecognitionService(  881): setPowerConnected  = true
I/BusinessExecutor( 2176): registered Task#997 : PowerInfoEventSource$1
I/BusinessExecutor( 2176): Task#997 : #run() called
I/PowerInfoEventSource( 2176): Battery state updated, level=56 plugged=true
I/BusinessExecutor( 2176): registered Task#998 : PlatformEventSender$1
I/BusinessExecutor( 2176): Task#997 : #run() ended
I/BusinessExecutor( 2176): Task#998 : #run() called
I/BusinessExecutor( 2176): Task#998 : #run() ended
D/STATUSBAR-PhoneStatusBar( 1188):  mBrightnessEnablebySettings = true mBrightnessEnablebyBattery = true mBrightnessEnablebyDisableFlag = true mPmsBrightnessEnablebySettings = true
D/ConnectivityService(  881): returning getNetworkInfo(networkType - 1) :[type: WIFI[] - WIFI, state: CONNECTED/CONNECTED, reason: (unspecified), extra: "TangGarMong", roaming: false, failover: false, isAvailable: true, isConnectedToProvisioningNetwork: false]
D/BatteryMeterView( 1188): ACTION_BATTERY_CHANGED : level:56 status:2 health:2
D/BatteryMeterView( 1188): ACTION_BATTERY_CHANGED : level:56 status:2 health:2
D/BatteryMeterView( 1188): ACTION_BATTERY_CHANGED : level:56 status:2 health:2
D/SViewCoverView( 1188): BroadcastReceiver onReceive() : action : android.intent.action.BATTERY_CHANGED
D/SViewCoverView( 1188): level :56 plugged : 2
D/BatteryMeterView( 1188): ACTION_BATTERY_CHANGED : level:56 status:2 health:2
E/MtpServerJNI(22520): server is null in send_object_removed
I/DBG_FMMDM( 5128): [50.20.150730][Line:931][onReceive] Batter Changed
D/MyActivity( 1555): Accelerometer: X: 0.17597382 Y :-0.088585466 Z: 10.436924
D/MyActivity( 1555): Magnetometer: X: -43.32 Y :26.82 Z: 17.46
D/MyActivity( 1555): Gyroscope: X: 0.0053263223 Y :-0.009853696 Z: -0.002396845
I/DBG_FMMDM( 5128): [50.20.150730][Line:1242][xlawmoAdpGetUltraBatteryLevel] cnt: 56
I/DBG_FMMDM( 5128): [50.20.150730][Line:1253][xlawmoAdpGetBatteryStatus] xlawmoAdpGetBatteryStatus
I/DBG_FMMDM( 5128): [50.20.150730][Line:1255][xlawmoAdpGetBatteryStatus] 
D/ActivityManager(  881): startService callerProcessName:com.sec.spp.push, calleePkgName: com.sec.spp.push
I/DBG_FMMDM( 5128): [50.20.150730][Line:1281][xlawmoAdpGetBatteryStatus] szBatteryStatus = CHARGING
I/DBG_FMMDM( 5128): [50.20.150730][Line:529][xdbLawmoGetExtLastLoactionSet] LastLoactionSet : 0
I/DBG_FMMDM( 5128): [50.20.150730][Line:360][xlawmoAdpGetLastLocationState] Device LastLocationMode state : 0
I/DBG_FMMDM( 5128): [50.20.150730][Line:839][xdmBroadcastBatteryInfo] Battery Flag : 0
I/DBG_FMMDM( 5128): [50.20.150730][Line:840][xdmBroadcastBatteryInfo] Battery szBatteryStatus : CHARGING
E/SPPClientService( 4111): [b] __PingReply__
D/ActivityManager(  881): startService callerProcessName:com.sec.spp.push, calleePkgName: com.sec.spp.push
D/ActivityManager(  881): startService callerProcessName:com.google.android.gms, calleePkgName: com.google.android.gms
D/MyActivity( 1555): Accelerometer: X: 0.17836803 Y :-0.08798691 Z: 10.442909
D/DateView( 1188): regionalDateFormat = 22/11/3333 isRTLlanguage = false returnDateFormat = E, d MMMM
D/MyActivity( 1555): Magnetometer: X: -43.32 Y :26.82 Z: 17.46
D/MyActivity( 1555): Gyroscope: X: 0.004261058 Y :-0.011185277 Z: -0.0029294773
E/Sensors (  881): Pressure old sensor_state 8211, new sensor_state : 8243 en : 1
D/ActivityManager(  881): bindService callerProcessName:com.google.android.gms, calleePkgName: com.google.android.gms, action: com.google.android.gms.clearcut.service.START
D/ActivityManager(  881): bindService callerProcessName:com.google.android.gms, calleePkgName: com.google.android.gms, action: com.google.android.gms.phenotype.service.START
D/DateView( 1188): regionalDateFormat = 22/11/3333 isRTLlanguage = false returnDateFormat = E, d MMMM
D/SensorManager( 1668): registerListener :: 4, Barometer Sensor, 0, 0,  
D/ActivityManager(  881): bindService callerProcessName:com.google.android.gms, calleePkgName: com.google.android.gms, action: com.google.android.gms.udc.service.START
D/ActivityManager(  881): bindService callerProcessName:com.google.android.gms, calleePkgName: com.google.android.gms, action: com.google.android.contextmanager.service.ContextManagerService.START
D/ConnectivityService(  881): returning getActiveNetworkInfo :[type: WIFI[] - WIFI, state: CONNECTED/CONNECTED, reason: (unspecified), extra: "TangGarMong", roaming: false, failover: false, isAvailable: true, isConnectedToProvisioningNetwork: false]
D/ActivityManager(  881): startService callerProcessName:com.sec.spp.push, calleePkgName: com.sec.spp.push
D/ActivityManager(  881): startService callerProcessName:com.sec.spp.push, calleePkgName: com.sec.spp.push
D/ConnectivityService(  881): returning getActiveNetworkInfo :[type: WIFI[] - WIFI, state: CONNECTED/CONNECTED, reason: (unspecified), extra: "TangGarMong", roaming: false, failover: false, isAvailable: true, isConnectedToProvisioningNetwork: false]
D/SViewCoverWidget( 1188): initClock() : TimeZone =libcore.util.ZoneInfo[id="Europe/London",mRawOffset=0,mEarliestRawOffset=0,mUseDst=true,mDstSavings=3600000,transitions=242]
D/SViewCoverWidget( 1188): initClock() : TimeZone =libcore.util.ZoneInfo[id="Europe/London",mRawOffset=0,mEarliestRawOffset=0,mUseDst=true,mDstSavings=3600000,transitions=242]
D/SViewCoverWidget( 1188): Weather changed action :android.intent.action.TIME_TICK
D/ConnectivityService(  881): returning getActiveNetworkInfo :[type: WIFI[] - WIFI, state: CONNECTED/CONNECTED, reason: (unspecified), extra: "TangGarMong", roaming: false, failover: false, isAvailable: true, isConnectedToProvisioningNetwork: false]
D/daemonapp( 1635): [MSC_Daemon]>>> WCP:1142 [0:0] Provider query : content://apaccuweatherprovider/settings
D/SViewCoverWidget( 1188): getCheckCurrent: result = 0
D/ActivityManager(  881): startService callerProcessName:com.sec.spp.push, calleePkgName: com.sec.spp.push
D/ConnectivityService(  881): returning getActiveNetworkInfo :[type: WIFI[] - WIFI, state: CONNECTED/CONNECTED, reason: (unspecified), extra: "TangGarMong", roaming: false, failover: false, isAvailable: true, isConnectedToProvisioningNetwork: false]
D/MyActivity( 1555): Accelerometer: X: 0.18495208 Y :-0.09696517 Z: 10.421362
D/MyActivity( 1555): Magnetometer: X: -43.32 Y :26.82 Z: 17.46
D/MyActivity( 1555): Gyroscope: X: 0.0053263223 Y :-0.011185277 Z: -0.002396845
E/Sensors (  881): Pressure old sensor_state 8243, new sensor_state : 8211 en : 0
D/SensorManager( 1668): unregisterListener ::   
D/ActivityManager(  881): startService callerProcessName:com.sec.android.app.shealth, calleePkgName: com.sec.android.app.shealth
D/MyActivity( 1555): Accelerometer: X: 0.1604115 Y :-0.08020575 Z: 10.433332
D/MyActivity( 1555): Magnetometer: X: -43.38 Y :26.82 Z: 17.4
D/MyActivity( 1555): Gyroscope: X: 0.004261058 Y :-0.011451593 Z: -0.002130529
I/SQLiteSecureOpenHelper( 1933): getReadableDatabase(pwd)
I/SQLiteSecureOpenHelper( 1933): getDatabaseLocked(b,b,pwd)...
I/SQLiteSecureOpenHelper( 1933): getReadableDatabase(pwd)
I/SQLiteSecureOpenHelper( 1933): getDatabaseLocked(b,b,pwd)...
I/SQLiteSecureOpenHelper( 1933): getReadableDatabase(pwd)
I/SQLiteSecureOpenHelper( 1933): getDatabaseLocked(b,b,pwd)...
D/MyActivity( 1555): Accelerometer: X: 0.15322891 Y :-0.077213004 Z: 10.405799
D/MyActivity( 1555): Magnetometer: X: -43.38 Y :26.82 Z: 17.4
D/MyActivity( 1555): Gyroscope: X: 0.006657903 Y :-0.011717909 Z: -0.0031957934
D/SSRM:m  (  881): SIOP:: AP = 260, PST = 260, CUR = 450
I/SQLiteSecureOpenHelper( 1933): getReadableDatabase(pwd)
I/SQLiteSecureOpenHelper( 1933): getDatabaseLocked(b,b,pwd)...
I/SQLiteSecureOpenHelper( 1933): getReadableDatabase(pwd)
I/SQLiteSecureOpenHelper( 1933): getDatabaseLocked(b,b,pwd)...
E/SMD     (  298): DCD ON
D/MyActivity( 1555): Accelerometer: X: 0.16938977 Y :-0.09756372 Z: 10.435727
D/MyActivity( 1555): Magnetometer: X: -43.38 Y :26.76 Z: 17.4
D/MyActivity( 1555): Gyroscope: X: 0.0055926386 Y :-0.010386328 Z: -0.0015978967
D/MyActivity( 1555): Accelerometer: X: 0.17776948 Y :-0.090979666 Z: 10.434529
D/MyActivity( 1555): Magnetometer: X: -43.38 Y :26.76 Z: 17.4
D/MyActivity( 1555): Gyroscope: X: 0.00479369 Y :-0.011185277 Z: -0.0018642128
D/ActivityManager(  881): startService callerProcessName:com.sec.android.app.shealth, calleePkgName: com.sec.android.app.shealth
I/SQLiteSecureOpenHelper( 1933): getReadableDatabase(pwd)
I/SQLiteSecureOpenHelper( 1933): getDatabaseLocked(b,b,pwd)...
I/SQLiteSecureOpenHelper( 1933): getReadableDatabase(pwd)
I/SQLiteSecureOpenHelper( 1933): getDatabaseLocked(b,b,pwd)...
D/MyActivity( 1555): Accelerometer: X: 0.17597382 Y :-0.0712275 Z: 10.3932295
D/MyActivity( 1555): Magnetometer: X: -43.44 Y :26.76 Z: 17.4
D/MyActivity( 1555): Gyroscope: X: 0.00479369 Y :-0.010918961 Z: -0.002396845
I/SQLiteSecureOpenHelper( 1933): getReadableDatabase(pwd)
I/SQLiteSecureOpenHelper( 1933): getDatabaseLocked(b,b,pwd)...
I/SQLiteSecureOpenHelper( 1933): getReadableDatabase(pwd)
I/SQLiteSecureOpenHelper( 1933): getDatabaseLocked(b,b,pwd)...
D/MyActivity( 1555): Accelerometer: X: 0.16879122 Y :-0.08319851 Z: 10.423756
D/MyActivity( 1555): Magnetometer: X: -43.44 Y :26.76 Z: 17.34
D/MyActivity( 1555): Gyroscope: X: 0.0037284256 Y :-0.010386328 Z: -0.0013315806
D/MyActivity( 1555): Accelerometer: X: 0.14604631 Y :-0.092775315 Z: 10.452486
D/MyActivity( 1555): Magnetometer: X: -43.44 Y :26.76 Z: 17.34
D/MyActivity( 1555): Gyroscope: X: 0.0055926386 Y :-0.010918961 Z: -0.0026631611
D/ConnectivityService(  881): returning getNetworkInfo(networkType - 1) :[type: WIFI[] - WIFI, state: CONNECTED/CONNECTED, reason: (unspecified), extra: "TangGarMong", roaming: false, failover: false, isAvailable: true, isConnectedToProvisioningNetwork: false]
D/ConnectivityService(  881): returning getNetworkInfo(networkType - 1) :[type: WIFI[] - WIFI, state: CONNECTED/CONNECTED, reason: (unspecified), extra: "TangGarMong", roaming: false, failover: false, isAvailable: true, isConnectedToProvisioningNetwork: false]
D/MyActivity( 1555): Accelerometer: X: 0.17357962 Y :-0.089184016 Z: 10.465055
D/MyActivity( 1555): Magnetometer: X: -43.5 Y :26.7 Z: 17.28
D/MyActivity( 1555): Gyroscope: X: 0.005060006 Y :-0.011717909 Z: -0.002130529
I/Finsky  (31079): [2507] com.google.android.finsky.bp.an.run(6): Stats for Executor: Db-scheduler_logging_store.db com.google.android.finsky.bp.ao@3ead5f82[Running, pool size = 0, active threads = 0, queued tasks = 0, completed tasks = 2]
D/MyActivity( 1555): Accelerometer: X: 0.16340427 Y :-0.092176765 Z: 10.466252
D/MyActivity( 1555): Magnetometer: X: -43.5 Y :26.7 Z: 17.28
D/MyActivity( 1555): Gyroscope: X: 0.0053263223 Y :-0.008522116 Z: -0.0015978967
D/MyActivity( 1555): Accelerometer: X: 0.16879122 Y :-0.092176765 Z: 10.449493
D/MyActivity( 1555): Magnetometer: X: -43.5 Y :26.7 Z: 17.16
D/MyActivity( 1555): Gyroscope: X: 0.0058589545 Y :-0.009321064 Z: -0.0018642128
D/MyActivity( 1555): Accelerometer: X: 0.1436521 Y :-0.092176765 Z: 10.41777
D/MyActivity( 1555): Magnetometer: X: -43.56 Y :26.64 Z: 17.16
D/MyActivity( 1555): Gyroscope: X: 0.005060006 Y :-0.01304949 Z: -0.002396845
D/MyActivity( 1555): Accelerometer: X: 0.17357962 Y :-0.09876082 Z: 10.403405
D/MyActivity( 1555): Magnetometer: X: -43.56 Y :26.64 Z: 17.1
D/MyActivity( 1555): Gyroscope: X: 0.0063915867 Y :-0.00479369 Z: -0.0013315806
D/MyActivity( 1555): Accelerometer: X: 0.18315643 Y :-0.090979666 Z: 10.427945
D/MyActivity( 1555): Magnetometer: X: -43.62 Y :26.64 Z: 17.04
D/MyActivity( 1555): Gyroscope: X: 0.005060006 Y :-0.00479369 Z: -0.0018642128
D/MyActivity( 1555): Accelerometer: X: 0.17118542 Y :-0.093373865 Z: 10.455479
D/MyActivity( 1555): Magnetometer: X: -43.62 Y :26.64 Z: 17.04
D/MyActivity( 1555): Gyroscope: X: 0.0063915867 Y :-0.015446335 Z: -7.9894834E-4
D/MyActivity( 1555): Accelerometer: X: 0.18614918 Y :-0.08738836 Z: 10.442909
D/MyActivity( 1555): Magnetometer: X: -43.62 Y :26.64 Z: 16.98
D/MyActivity( 1555): Gyroscope: X: 0.005060006 Y :-0.009853696 Z: -0.002396845
D/MyActivity( 1555): Accelerometer: X: 0.15502456 Y :-0.110731825 Z: 10.462063
D/MyActivity( 1555): Magnetometer: X: -43.62 Y :26.58 Z: 16.98
D/MyActivity( 1555): Gyroscope: X: 0.0058589545 Y :-0.015446335 Z: -0.0026631611
D/MyActivity( 1555): Accelerometer: X: 0.17956513 Y :-0.08559271 Z: 10.445902
D/MyActivity( 1555): Magnetometer: X: -43.62 Y :26.64 Z: 16.92
D/MyActivity( 1555): Gyroscope: X: 0.0034621095 Y :-0.006924219 Z: -0.0015978967
D/MyActivity( 1555): Accelerometer: X: 0.17717093 Y :-0.076015905 Z: 10.453683
D/MyActivity( 1555): Magnetometer: X: -43.62 Y :26.64 Z: 16.92
D/MyActivity( 1555): Gyroscope: X: 0.0063915867 Y :-0.014913702 Z: -0.0029294773
D/MyActivity( 1555): Accelerometer: X: 0.17776948 Y :-0.090979666 Z: 10.441712
D/MyActivity( 1555): Magnetometer: X: -43.62 Y :26.64 Z: 16.92
D/MyActivity( 1555): Gyroscope: X: 0.0039947415 Y :-0.010652645 Z: -0.0018642128
E/SMD     (  298): DCD ON
D/MyActivity( 1555): Accelerometer: X: 0.16819267 Y :-0.08259996 Z: 10.411784
D/MyActivity( 1555): Magnetometer: X: -43.62 Y :26.64 Z: 16.92
D/MyActivity( 1555): Gyroscope: X: 0.00479369 Y :-0.0034621095 Z: -0.0018642128
I/Finsky  (31079): [2507] com.google.android.finsky.bp.an.run(6): Stats for Executor: BlockingExecutor com.google.android.finsky.bp.ao@3100d0d1[Running, pool size = 0, active threads = 0, queued tasks = 0, completed tasks = 6]
I/Finsky  (31079): [2507] com.google.android.finsky.bp.an.run(6): Stats for Executor: LightweightExecutor com.google.android.finsky.bp.ao@2f9ec736[Running, pool size = 3, active threads = 0, queued tasks = 0, completed tasks = 55]
D/MyActivity( 1555): Accelerometer: X: 0.16160862 Y :-0.090381116 Z: 10.435128
D/MyActivity( 1555): Magnetometer: X: -43.56 Y :26.7 Z: 16.92
D/MyActivity( 1555): Gyroscope: X: 0.0063915867 Y :-0.014647386 Z: -0.0013315806
D/MyActivity( 1555): Accelerometer: X: 0.16998832 Y :-0.0700304 Z: 10.431537
D/MyActivity( 1555): Magnetometer: X: -43.56 Y :26.76 Z: 16.92
D/MyActivity( 1555): Gyroscope: X: 0.0063915867 Y :-0.008522116 Z: -0.002130529
D/MyActivity( 1555): Accelerometer: X: 0.17836803 Y :-0.08319851 Z: 10.468048
D/MyActivity( 1555): Magnetometer: X: -43.56 Y :26.82 Z: 16.92
D/MyActivity( 1555): Gyroscope: X: 0.005060006 Y :-0.009853696 Z: -0.0029294773
D/MyActivity( 1555): Accelerometer: X: 0.17118542 Y :-0.091578215 Z: 10.441113
D/MyActivity( 1555): Magnetometer: X: -43.5 Y :26.88 Z: 16.92
D/MyActivity( 1555): Gyroscope: X: 0.0063915867 Y :-0.015978966 Z: -0.002396845
I/Finsky  (31079): [2507] com.google.android.finsky.bp.an.run(6): Stats for Executor: bgExecutor com.google.android.finsky.bp.ao@31117637[Running, pool size = 4, active threads = 0, queued tasks = 0, completed tasks = 8]
D/MyActivity( 1555): Accelerometer: X: 0.17537527 Y :-0.091578215 Z: 10.458471
D/MyActivity( 1555): Magnetometer: X: -43.5 Y :26.94 Z: 16.98
D/MyActivity( 1555): Gyroscope: X: 0.004527374 Y :-0.011451593 Z: -0.0015978967
I/Finsky  (31079): [2507] com.google.android.finsky.bp.an.run(6): Stats for Executor: Db-xternal_referrer_status.db com.google.android.finsky.bp.ao@1bfe47a4[Running, pool size = 0, active threads = 0, queued tasks = 0, completed tasks = 0]
I/Finsky  (31079): [2507] com.google.android.finsky.bp.an.run(6): Stats for Executor: Db-split_install_service com.google.android.finsky.bp.ao@31f0a90d[Running, pool size = 0, active threads = 0, queued tasks = 0, completed tasks = 1]
I/Finsky  (31079): [2507] com.google.android.finsky.bp.an.run(6): Stats for Executor: StorageAwareDownloadServiceManagerSpaceChecker com.google.android.finsky.bp.ao@240820c2[Running, pool size = 0, active threads = 0, queued tasks = 0, completed tasks = 0]
D/MyActivity( 1555): Accelerometer: X: 0.16759412 Y :-0.095169514 Z: 10.445304
D/MyActivity( 1555): Magnetometer: X: -43.44 Y :27.0 Z: 16.98
D/MyActivity( 1555): Gyroscope: X: 0.0055926386 Y :-0.011185277 Z: -0.0018642128
D/MyActivity( 1555): Accelerometer: X: 0.18794483 Y :-0.076015905 Z: 10.456078
D/MyActivity( 1555): Magnetometer: X: -43.38 Y :27.0 Z: 17.04
D/MyActivity( 1555): Gyroscope: X: 0.0058589545 Y :-0.0127831735 Z: 0.0
D/MyActivity( 1555): Accelerometer: X: 0.18016368 Y :-0.10235212 Z: 10.450092
D/MyActivity( 1555): Magnetometer: X: -43.38 Y :27.06 Z: 17.04
D/MyActivity( 1555): Gyroscope: X: 0.0063915867 Y :-0.010652645 Z: -0.0013315806
I/Finsky  (31079): [2507] com.google.android.finsky.bp.an.run(6): Stats for Executor: InstallBackgroundThread com.google.android.finsky.bp.ao@297d3ed3[Running, pool size = 0, active threads = 0, queued tasks = 0, completed tasks = 0]
I/Finsky  (31079): [2507] com.google.android.finsky.bp.an.run(6): Stats for Executor: Db-install_service com.google.android.finsky.bp.ao@3daa3a10[Running, pool size = 0, active threads = 0, queued tasks = 0, completed tasks = 0]
I/Finsky  (31079): [2507] com.google.android.finsky.bp.an.run(6): Stats for Executor: InstallBackgroundThread com.google.android.finsky.bp.ao@178bc909[Running, pool size = 0, active threads = 0, queued tasks = 0, completed tasks = 0]
D/MyActivity( 1555): Accelerometer: X: 0.17417817 Y :-0.095768064 Z: 10.43034
D/MyActivity( 1555): Magnetometer: X: -43.32 Y :27.12 Z: 17.1
D/MyActivity( 1555): Gyroscope: X: 0.0063915867 Y :-0.014913702 Z: -0.0026631611
D/MyActivity( 1555): Accelerometer: X: 0.16220717 Y :-0.092176765 Z: 10.435128
D/MyActivity( 1555): Magnetometer: X: -43.26 Y :27.18 Z: 17.1
D/MyActivity( 1555): Gyroscope: X: 0.0053263223 Y :-0.0063915867 Z: -0.0018642128
D/MyActivity( 1555): Accelerometer: X: 0.16639702 Y :-0.10295067 Z: 10.432734
D/MyActivity( 1555): Magnetometer: X: -43.26 Y :27.24 Z: 17.1
D/MyActivity( 1555): Gyroscope: X: 0.0058589545 Y :-0.0031957934 Z: -0.0010652645
D/MyActivity( 1555): Accelerometer: X: 0.15801731 Y :-0.08798691 Z: 10.447099
D/MyActivity( 1555): Magnetometer: X: -43.26 Y :27.3 Z: 17.16
D/MyActivity( 1555): Gyroscope: X: 0.0039947415 Y :-0.0034621095 Z: -2.663161E-4
D/MyActivity( 1555): Accelerometer: X: 0.18614918 Y :-0.088585466 Z: 10.437522
D/MyActivity( 1555): Magnetometer: X: -43.2 Y :27.3 Z: 17.16
D/MyActivity( 1555): Gyroscope: X: 0.00479369 Y :-0.013848438 Z: -0.0015978967
D/MyActivity( 1555): Accelerometer: X: 0.1921347 Y :-0.107140526 Z: 10.422559
D/MyActivity( 1555): Magnetometer: X: -43.2 Y :27.36 Z: 17.16
D/MyActivity( 1555): Gyroscope: X: 0.0026631611 Y :-0.010386328 Z: -0.0015978967
D/MyActivity( 1555): Accelerometer: X: 0.18555063 Y :-0.10115502 Z: 10.4249525
D/MyActivity( 1555): Magnetometer: X: -43.2 Y :27.36 Z: 17.16
D/MyActivity( 1555): Gyroscope: X: 0.0053263223 Y :-0.016777916 Z: -0.002396845
E/SMD     (  298): DCD ON
D/MyActivity( 1555): Accelerometer: X: 0.19692309 Y :-0.08020575 Z: 10.427945
D/MyActivity( 1555): Magnetometer: X: -43.14 Y :27.36 Z: 17.16
D/MyActivity( 1555): Gyroscope: X: 0.0055926386 Y :-0.011717909 Z: -0.0029294773
D/MyActivity( 1555): Accelerometer: X: 0.1412579 Y :-0.110133275 Z: 10.430939
D/MyActivity( 1555): Magnetometer: X: -43.14 Y :27.36 Z: 17.22
D/MyActivity( 1555): Gyroscope: X: 0.004527374 Y :-0.0053263223 Z: -0.0015978967
D/MyActivity( 1555): Accelerometer: X: 0.17298107 Y :-0.089184016 Z: 10.411186
D/MyActivity( 1555): Magnetometer: X: -43.14 Y :27.3 Z: 17.22
D/MyActivity( 1555): Gyroscope: X: 0.005060006 Y :-0.016511599 Z: -7.9894834E-4
D/MyActivity( 1555): Accelerometer: X: 0.17298107 Y :-0.093972415 Z: 10.460267
D/MyActivity( 1555): Magnetometer: X: -43.14 Y :27.24 Z: 17.22
D/MyActivity( 1555): Gyroscope: X: 0.0063915867 Y :-0.0053263223 Z: -0.002130529
D/MyActivity( 1555): Accelerometer: X: 0.16699557 Y :-0.073023155 Z: 10.4488945
D/MyActivity( 1555): Magnetometer: X: -43.14 Y :27.18 Z: 17.22
D/MyActivity( 1555): Gyroscope: X: 0.0037284256 Y :-0.015978966 Z: -0.0015978967
D/MyActivity( 1555): Accelerometer: X: 0.16220717 Y :-0.09816227 Z: 10.441113
D/MyActivity( 1555): Magnetometer: X: -43.14 Y :27.12 Z: 17.22
D/MyActivity( 1555): Gyroscope: X: 0.0031957934 Y :-0.009321064 Z: -0.0037284256
D/MyActivity( 1555): Accelerometer: X: 0.17896658 Y :-0.08678981 Z: 10.427945
D/MyActivity( 1555): Magnetometer: X: -43.14 Y :27.06 Z: 17.22
D/MyActivity( 1555): Gyroscope: X: 0.0053263223 Y :-0.015180019 Z: -0.0010652645
D/MyActivity( 1555): Accelerometer: X: 0.17178397 Y :-0.11192893 Z: 10.44231
D/MyActivity( 1555): Magnetometer: X: -43.14 Y :27.0 Z: 17.22
D/MyActivity( 1555): Gyroscope: X: 0.00479369 Y :-0.0058589545 Z: -0.0010652645
D/MyActivity( 1555): Accelerometer: X: 0.17956513 Y :-0.094570965 Z: 10.412383
D/MyActivity( 1555): Magnetometer: X: -43.14 Y :26.94 Z: 17.22
D/MyActivity( 1555): Gyroscope: X: 0.00479369 Y :-0.012516857 Z: -0.002130529
D/MyActivity( 1555): Accelerometer: X: 0.1921347 Y :-0.10414778 Z: 10.456676
D/MyActivity( 1555): Magnetometer: X: -43.14 Y :26.88 Z: 17.22
D/MyActivity( 1555): Gyroscope: X: 0.004261058 Y :-0.013315806 Z: -0.0029294773
D/MyActivity( 1555): Accelerometer: X: 0.16879122 Y :-0.073621705 Z: 10.44231
D/MyActivity( 1555): Magnetometer: X: -43.14 Y :26.82 Z: 17.22
D/MyActivity( 1555): Gyroscope: X: 0.007190535 Y :-0.008255799 Z: -0.002396845
D/MyActivity( 1555): Accelerometer: X: 0.16220717 Y :-0.090979666 Z: 10.454881
D/MyActivity( 1555): Magnetometer: X: -43.14 Y :26.76 Z: 17.22
D/MyActivity( 1555): Gyroscope: X: 0.005060006 Y :-0.006924219 Z: -0.0026631611
D/MyActivity( 1555): Accelerometer: X: 0.18435353 Y :-0.10534488 Z: 10.422559
D/MyActivity( 1555): Magnetometer: X: -43.08 Y :26.7 Z: 17.22
D/MyActivity( 1555): Gyroscope: X: 0.0034621095 Y :-0.006657903 Z: -0.0010652645
D/MyActivity( 1555): Accelerometer: X: 0.15861586 Y :-0.090979666 Z: 10.428544
D/MyActivity( 1555): Magnetometer: X: -43.08 Y :26.64 Z: 17.22
D/MyActivity( 1555): Gyroscope: X: 0.0039947415 Y :-0.013848438 Z: -0.0031957934
D/MyActivity( 1555): Accelerometer: X: 0.17118542 Y :-0.089184016 Z: 10.452486
D/MyActivity( 1555): Magnetometer: X: -43.08 Y :26.64 Z: 17.22
D/MyActivity( 1555): Gyroscope: X: 0.006657903 Y :-0.011451593 Z: -0.002130529
D/MyActivity( 1555): Accelerometer: X: 0.17896658 Y :-0.092775315 Z: 10.424355
D/MyActivity( 1555): Magnetometer: X: -43.08 Y :26.58 Z: 17.22
D/MyActivity( 1555): Gyroscope: X: 0.004527374 Y :-0.008522116 Z: 0.0
D/MyActivity( 1555): Accelerometer: X: 0.16699557 Y :-0.10295067 Z: 10.422559
D/MyActivity( 1555): Magnetometer: X: -43.08 Y :26.58 Z: 17.22
D/MyActivity( 1555): Gyroscope: X: 0.0058589545 Y :-0.010652645 Z: -0.0029294773
E/SMD     (  298): DCD ON
D/MyActivity( 1555): Accelerometer: X: 0.16460137 Y :-0.10594343 Z: 10.451887
D/MyActivity( 1555): Magnetometer: X: -43.08 Y :26.52 Z: 17.22
D/MyActivity( 1555): Gyroscope: X: 0.0058589545 Y :-0.015978966 Z: -0.002396845
D/BatteryService(  881): level:56, scale:100, status:2, health:2, present:true, voltage: 4030, temperature: 271, technology: Li-ion, AC powered:false, USB powered:true, Wireless powered:false, icon:17303749, invalid charger:0
D/BatteryService(  881): online:4, current avg:450, charge type:1, power sharing:false, high voltage charger:false, capacity:280000
D/BatteryService(  881): Sending ACTION_BATTERY_CHANGED.
D/MotionRecognitionService(  881):   mReceiver.onReceive : ACTION_BATTERY_CHANGED
D/BatteryService(  881): stay LED for charging
I/MotionRecognitionService(  881): Plugged
I/MotionRecognitionService(  881): setPowerConnected  = true
D/KeyguardUpdateMonitor( 1188): received broadcast android.intent.action.BATTERY_CHANGED
D/KeyguardUpdateMonitor( 1188): handleBatteryUpdate
I/BusinessExecutor( 2176): registered Task#999 : PowerInfoEventSource$1
I/BusinessExecutor( 2176): Task#999 : #run() called
I/BusinessExecutor( 2176): Task#999 : #run() ended
D/STATUSBAR-PhoneStatusBar( 1188):  mBrightnessEnablebySettings = true mBrightnessEnablebyBattery = true mBrightnessEnablebyDisableFlag = true mPmsBrightnessEnablebySettings = true
D/MyActivity( 1555): Accelerometer: X: 0.18734628 Y :-0.08259996 Z: 10.442909
D/MyActivity( 1555): Magnetometer: X: -43.08 Y :26.52 Z: 17.22
D/MyActivity( 1555): Gyroscope: X: 0.0053263223 Y :-0.007456851 Z: -0.0015978967
D/BatteryMeterView( 1188): ACTION_BATTERY_CHANGED : level:56 status:2 health:2
D/BatteryMeterView( 1188): ACTION_BATTERY_CHANGED : level:56 status:2 health:2
D/BatteryMeterView( 1188): ACTION_BATTERY_CHANGED : level:56 status:2 health:2
D/SViewCoverView( 1188): BroadcastReceiver onReceive() : action : android.intent.action.BATTERY_CHANGED
D/SViewCoverView( 1188): level :56 plugged : 2
D/BatteryMeterView( 1188): ACTION_BATTERY_CHANGED : level:56 status:2 health:2
I/DBG_FMMDM( 5128): [50.20.150730][Line:931][onReceive] Batter Changed
I/DBG_FMMDM( 5128): [50.20.150730][Line:1242][xlawmoAdpGetUltraBatteryLevel] cnt: 56
I/DBG_FMMDM( 5128): [50.20.150730][Line:1253][xlawmoAdpGetBatteryStatus] xlawmoAdpGetBatteryStatus
I/DBG_FMMDM( 5128): [50.20.150730][Line:1255][xlawmoAdpGetBatteryStatus] 
I/DBG_FMMDM( 5128): [50.20.150730][Line:1281][xlawmoAdpGetBatteryStatus] szBatteryStatus = CHARGING
I/DBG_FMMDM( 5128): [50.20.150730][Line:529][xdbLawmoGetExtLastLoactionSet] LastLoactionSet : 0
I/DBG_FMMDM( 5128): [50.20.150730][Line:360][xlawmoAdpGetLastLocationState] Device LastLocationMode state : 0
I/DBG_FMMDM( 5128): [50.20.150730][Line:839][xdmBroadcastBatteryInfo] Battery Flag : 0
I/DBG_FMMDM( 5128): [50.20.150730][Line:840][xdmBroadcastBatteryInfo] Battery szBatteryStatus : CHARGING
D/MyActivity( 1555): Accelerometer: X: 0.18076223 Y :-0.08439561 Z: 10.456078
D/MyActivity( 1555): Magnetometer: X: -43.08 Y :26.52 Z: 17.28
D/MyActivity( 1555): Gyroscope: X: 0.00479369 Y :-0.010652645 Z: -7.9894834E-4
D/MyActivity( 1555): Accelerometer: X: 0.17896658 Y :-0.08439561 Z: 10.400413
D/MyActivity( 1555): Magnetometer: X: -43.08 Y :26.52 Z: 17.34
D/MyActivity( 1555): Gyroscope: X: 0.0055926386 Y :-0.009321064 Z: -0.0034621095
D/MyActivity( 1555): Accelerometer: X: 0.17058687 Y :-0.090381116 Z: 10.441113
D/MyActivity( 1555): Magnetometer: X: -43.08 Y :26.58 Z: 17.34
D/MyActivity( 1555): Gyroscope: X: 0.0037284256 Y :-0.014114754 Z: -0.0018642128
D/SSRM:m  (  881): SIOP:: AP = 260, PST = 260, CUR = 450
D/MyActivity( 1555): Accelerometer: X: 0.17597382 Y :-0.11372458 Z: 10.457274
D/MyActivity( 1555): Magnetometer: X: -43.08 Y :26.58 Z: 17.4
D/MyActivity( 1555): Gyroscope: X: 0.004527374 Y :-0.011185277 Z: -0.0015978967
D/MyActivity( 1555): Accelerometer: X: 0.16579847 Y :-0.091578215 Z: 10.431537
D/MyActivity( 1555): Magnetometer: X: -43.08 Y :26.64 Z: 17.4
D/MyActivity( 1555): Gyroscope: X: 0.006657903 Y :-0.010120012 Z: -0.0013315806
D/MyActivity( 1555): Accelerometer: X: 0.17776948 Y :-0.10474633 Z: 10.428544
D/MyActivity( 1555): Magnetometer: X: -43.08 Y :26.64 Z: 17.46
D/MyActivity( 1555): Gyroscope: X: 0.006924219 Y :-0.0055926386 Z: -0.002396845
D/MyActivity( 1555): Accelerometer: X: 0.17717093 Y :-0.10534488 Z: 10.445304
D/MyActivity( 1555): Magnetometer: X: -43.08 Y :26.7 Z: 17.46
D/MyActivity( 1555): Gyroscope: X: 0.0055926386 Y :-0.0039947415 Z: -0.0015978967
D/MyActivity( 1555): Accelerometer: X: 0.18315643 Y :-0.10354923 Z: 10.450092
D/MyActivity( 1555): Magnetometer: X: -43.14 Y :26.7 Z: 17.52
D/MyActivity( 1555): Gyroscope: X: 0.0039947415 Y :-0.01571265 Z: -0.0010652645
D/MyActivity( 1555): Accelerometer: X: 0.16340427 Y :-0.09816227 Z: 10.425551
D/MyActivity( 1555): Magnetometer: X: -43.14 Y :26.76 Z: 17.52
D/MyActivity( 1555): Gyroscope: X: 0.0058589545 Y :-0.005060006 Z: -0.002130529
D/MyActivity( 1555): Accelerometer: X: 0.14963761 Y :-0.108337626 Z: 10.409989
D/MyActivity( 1555): Magnetometer: X: -43.14 Y :26.76 Z: 17.58
D/MyActivity( 1555): Gyroscope: X: 0.0029294773 Y :-0.008788432 Z: -0.0013315806
D/MyActivity( 1555): Accelerometer: X: 0.17836803 Y :-0.10414778 Z: 10.435727
D/MyActivity( 1555): Magnetometer: X: -43.2 Y :26.76 Z: 17.58
D/MyActivity( 1555): Gyroscope: X: 0.0058589545 Y :-0.017044231 Z: -0.002130529
D/MyActivity( 1555): Accelerometer: X: 0.17597382 Y :-0.09696517 Z: 10.428544
D/MyActivity( 1555): Magnetometer: X: -43.2 Y :26.82 Z: 17.58
D/MyActivity( 1555): Gyroscope: X: 0.0063915867 Y :-0.014913702 Z: -0.002130529
D/MyActivity( 1555): Accelerometer: X: 0.1604115 Y :-0.09816227 Z: 10.436924
D/MyActivity( 1555): Magnetometer: X: -43.2 Y :26.82 Z: 17.58
D/MyActivity( 1555): Gyroscope: X: 0.0034621095 Y :-0.004261058 Z: -0.0015978967
I/Finsky  (31079): [2507] com.google.android.finsky.bp.an.run(6): Stats for Executor: Db-frosting.db com.google.android.finsky.bp.ao@23bb870e[Running, pool size = 0, active threads = 0, queued tasks = 0, completed tasks = 4]
D/MyActivity( 1555): Accelerometer: X: 0.14425065 Y :-0.095169514 Z: 10.439318
D/MyActivity( 1555): Magnetometer: X: -43.2 Y :26.82 Z: 17.58
D/MyActivity( 1555): Gyroscope: X: 0.0061252704 Y :-0.009321064 Z: -7.9894834E-4
D/MyActivity( 1555): Accelerometer: X: 0.16579847 Y :-0.08020575 Z: 10.439318
D/MyActivity( 1555): Magnetometer: X: -43.26 Y :26.82 Z: 17.58
D/MyActivity( 1555): Gyroscope: X: 0.004527374 Y :-0.017044231 Z: -0.0015978967
E/SMD     (  298): DCD ON
E/Watchdog(  881): !@Sync 338
D/MyActivity( 1555): Accelerometer: X: 0.18914193 Y :-0.090979666 Z: 10.42196
D/MyActivity( 1555): Magnetometer: X: -43.26 Y :26.82 Z: 17.58
D/MyActivity( 1555): Gyroscope: X: 0.0053263223 Y :-0.016245283 Z: -0.0013315806
D/MyActivity( 1555): Accelerometer: X: 0.15741876 Y :-0.10295067 Z: 10.436325
D/MyActivity( 1555): Magnetometer: X: -43.26 Y :26.82 Z: 17.58
D/MyActivity( 1555): Gyroscope: X: 0.0037284256 Y :-0.007456851 Z: -0.0010652645
D/MyActivity( 1555): Accelerometer: X: 0.16699557 Y :-0.088585466 Z: 10.420164
D/MyActivity( 1555): Magnetometer: X: -43.26 Y :26.82 Z: 17.52
D/MyActivity( 1555): Gyroscope: X: 0.004261058 Y :-0.013848438 Z: -0.002396845
D/MyActivity( 1555): Accelerometer: X: 0.19273324 Y :-0.09816227 Z: 10.418967
D/MyActivity( 1555): Magnetometer: X: -43.32 Y :26.82 Z: 17.52
D/MyActivity( 1555): Gyroscope: X: 0.0034621095 Y :-0.006657903 Z: -0.0015978967
D/MyActivity( 1555): Accelerometer: X: 0.16879122 Y :-0.09756372 Z: 10.422559
D/MyActivity( 1555): Magnetometer: X: -43.32 Y :26.82 Z: 17.46
D/MyActivity( 1555): Gyroscope: X: 0.007190535 Y :-0.008788432 Z: -0.0010652645
D/MyActivity( 1555): Accelerometer: X: 0.16460137 Y :-0.088585466 Z: 10.423756
D/MyActivity( 1555): Magnetometer: X: -43.32 Y :26.76 Z: 17.46
D/MyActivity( 1555): Gyroscope: X: 0.004527374 Y :-0.01571265 Z: -0.0026631611
D/MyActivity( 1555): Accelerometer: X: 0.17717093 Y :-0.08798691 Z: 10.427347
D/MyActivity( 1555): Magnetometer: X: -43.32 Y :26.76 Z: 17.4
D/MyActivity( 1555): Gyroscope: X: 0.0063915867 Y :-0.013582122 Z: -0.0013315806
D/MyActivity( 1555): Accelerometer: X: 0.16639702 Y :-0.08619126 Z: 10.44231
D/MyActivity( 1555): Magnetometer: X: -43.38 Y :26.76 Z: 17.4
D/MyActivity( 1555): Gyroscope: X: 0.007190535 Y :-0.015180019 Z: -0.002130529
D/MyActivity( 1555): Accelerometer: X: 0.17118542 Y :-0.093972415 Z: 10.447698
D/MyActivity( 1555): Magnetometer: X: -43.38 Y :26.76 Z: 17.34
D/MyActivity( 1555): Gyroscope: X: 0.0037284256 Y :-0.01784318 Z: -0.0018642128
D/MyActivity( 1555): Accelerometer: X: 0.17537527 Y :-0.0724246 Z: 10.433332
D/MyActivity( 1555): Magnetometer: X: -43.44 Y :26.76 Z: 17.34
D/MyActivity( 1555): Gyroscope: X: 0.0055926386 Y :-0.015978966 Z: -0.0013315806
D/MyActivity( 1555): Accelerometer: X: 0.17058687 Y :-0.077811554 Z: 10.469844
D/MyActivity( 1555): Magnetometer: X: -43.44 Y :26.76 Z: 17.34
D/MyActivity( 1555): Gyroscope: X: 0.0039947415 Y :-0.009321064 Z: -0.0029294773
D/MyActivity( 1555): Accelerometer: X: 0.18854338 Y :-0.08798691 Z: 10.394426
D/MyActivity( 1555): Magnetometer: X: -43.44 Y :26.76 Z: 17.34
D/MyActivity( 1555): Gyroscope: X: 0.0058589545 Y :-0.0061252704 Z: -0.0018642128
I/Finsky  (31079): [2507] com.google.android.finsky.bp.an.run(6): Stats for Executor: Db-verify_apps.db com.google.android.finsky.bp.ao@1cd2f52f[Running, pool size = 0, active threads = 0, queued tasks = 0, completed tasks = 7]
D/MyActivity( 1555): Accelerometer: X: 0.18375498 Y :-0.089184016 Z: 10.432136
D/MyActivity( 1555): Magnetometer: X: -43.5 Y :26.82 Z: 17.28
D/MyActivity( 1555): Gyroscope: X: 0.0058589545 Y :-0.009321064 Z: -0.0026631611
I/Finsky  (31079): [2507] com.google.android.finsky.bp.an.run(6): Stats for Executor: Db-notification_cache com.google.android.finsky.bp.ao@1de0e73c[Running, pool size = 0, active threads = 0, queued tasks = 0, completed tasks = 2]
D/MyActivity( 1555): Accelerometer: X: 0.19093758 Y :-0.089184016 Z: 10.390237
D/MyActivity( 1555): Magnetometer: X: -43.5 Y :26.82 Z: 17.28
D/MyActivity( 1555): Gyroscope: X: 0.0053263223 Y :-0.012250541 Z: -0.002130529
D/MyActivity( 1555): Accelerometer: X: 0.18076223 Y :-0.090979666 Z: 10.4405155
D/MyActivity( 1555): Magnetometer: X: -43.5 Y :26.82 Z: 17.28
D/MyActivity( 1555): Gyroscope: X: 0.0037284256 Y :-0.015978966 Z: -0.0029294773
I/Finsky  (31079): [2507] com.google.android.finsky.bp.an.run(6): Stats for Executor: Db-scheduler com.google.android.finsky.bp.ao@139eecc5[Running, pool size = 0, active threads = 0, queued tasks = 0, completed tasks = 11]
I/Finsky  (31079): [2507] com.google.android.finsky.bp.an.run(6): Stats for Executor: InstallQueueDatabaseManager com.google.android.finsky.bp.ao@2c2d061a[Running, pool size = 0, active threads = 0, queued tasks = 0, completed tasks = 3]
D/MyActivity( 1555): Accelerometer: X: 0.18614918 Y :-0.095169514 Z: 10.45069
D/MyActivity( 1555): Magnetometer: X: -43.56 Y :26.88 Z: 17.28
D/MyActivity( 1555): Gyroscope: X: 0.0061252704 Y :-0.01571265 Z: -0.0013315806
D/MyActivity( 1555): Accelerometer: X: 0.16519992 Y :-0.11312603 Z: 10.4488945
D/MyActivity( 1555): Magnetometer: X: -43.56 Y :26.88 Z: 17.28
D/MyActivity( 1555): Gyroscope: X: 0.00479369 Y :-0.01571265 Z: -0.0034621095
E/SMD     (  298): DCD ON
D/MyActivity( 1555): Accelerometer: X: 0.17298107 Y :-0.095169514 Z: 10.412982
D/MyActivity( 1555): Magnetometer: X: -43.56 Y :26.94 Z: 17.28
D/MyActivity( 1555): Gyroscope: X: 0.0026631611 Y :-0.008255799 Z: -0.002396845
D/MyActivity( 1555): Accelerometer: X: 0.15203181 Y :-0.079008654 Z: 10.436325
D/MyActivity( 1555): Magnetometer: X: -43.62 Y :26.94 Z: 17.28
D/MyActivity( 1555): Gyroscope: X: 0.0031957934 Y :-0.0063915867 Z: -0.002130529
D/MyActivity( 1555): Accelerometer: X: 0.1592144 Y :-0.09995792 Z: 10.415376
D/MyActivity( 1555): Magnetometer: X: -43.62 Y :27.0 Z: 17.28
D/MyActivity( 1555): Gyroscope: X: 0.004261058 Y :-0.011185277 Z: -0.0015978967
D/MyActivity( 1555): Accelerometer: X: 0.17717093 Y :-0.08619126 Z: 10.448297
D/MyActivity( 1555): Magnetometer: X: -43.62 Y :27.0 Z: 17.34
D/MyActivity( 1555): Gyroscope: X: 0.0029294773 Y :-0.011451593 Z: -0.0015978967
D/MyActivity( 1555): Accelerometer: X: 0.18255788 Y :-0.092176765 Z: 10.434529
D/MyActivity( 1555): Magnetometer: X: -43.68 Y :27.06 Z: 17.34
D/MyActivity( 1555): Gyroscope: X: 0.006657903 Y :-0.011185277 Z: -0.002130529
D/MyActivity( 1555): Accelerometer: X: 0.16938977 Y :-0.08080431 Z: 10.411186
D/MyActivity( 1555): Magnetometer: X: -43.68 Y :27.06 Z: 17.34
D/MyActivity( 1555): Gyroscope: X: 0.006924219 Y :-0.004527374 Z: -0.0018642128
D/MyActivity( 1555): Accelerometer: X: 0.16759412 Y :-0.088585466 Z: 10.427347
D/MyActivity( 1555): Magnetometer: X: -43.68 Y :27.12 Z: 17.34
D/MyActivity( 1555): Gyroscope: X: 0.0037284256 Y :-0.014913702 Z: -0.0018642128
D/MyActivity( 1555): Accelerometer: X: 0.16340427 Y :-0.059855044 Z: 10.43872
D/MyActivity( 1555): Magnetometer: X: -43.68 Y :27.12 Z: 17.34
D/MyActivity( 1555): Gyroscope: X: 0.0037284256 Y :-0.0127831735 Z: -0.002396845
D/MyActivity( 1555): Accelerometer: X: 0.17597382 Y :-0.0724246 Z: 10.445304
D/MyActivity( 1555): Magnetometer: X: -43.68 Y :27.18 Z: 17.34
D/MyActivity( 1555): Gyroscope: X: 0.0037284256 Y :-0.0127831735 Z: -0.0015978967
D/MyActivity( 1555): Accelerometer: X: 0.1592144 Y :-0.094570965 Z: 10.412982
