D/MyActivity( 1555): Accelerometer: X: 0.17597382 Y :-0.08738836 Z: 10.415975
D/MyActivity( 1555): Magnetometer: X: -43.26 Y :26.88 Z: 17.34
D/MyActivity( 1555): Gyroscope: X: 0.0037284256 Y :-0.012516857 Z: -0.0026631611
D/MyActivity( 1555): Accelerometer: X: 0.15083471 Y :-0.09636662 Z: 10.441712
D/MyActivity( 1555): Magnetometer: X: -43.32 Y :26.88 Z: 17.34
D/MyActivity( 1555): Gyroscope: X: 0.005060006 Y :-0.011185277 Z: -0.0015978967
D/MyActivity( 1555): Magnetometer: X: -43.32 Y :26.88 Z: 17.4
D/MyActivity( 1555): Gyroscope: X: 0.0053263223 Y :-0.009321064 Z: -0.002396845
D/MyActivity( 1555): Accelerometer: X: 0.17298107 Y :-0.077811554 Z: 10.460866
D/MyActivity( 1555): Accelerometer: X: 0.17298107 Y :-0.10295067 Z: 10.457873
D/MyActivity( 1555): Magnetometer: X: -43.32 Y :26.88 Z: 17.4
D/MyActivity( 1555): Gyroscope: X: 0.0063915867 Y :-0.01304949 Z: -0.0010652645
D/MyActivity( 1555): Accelerometer: X: 0.1921347 Y :-0.07062895 Z: 10.419566
D/MyActivity( 1555): Magnetometer: X: -43.38 Y :26.94 Z: 17.4
D/MyActivity( 1555): Gyroscope: X: 0.0061252704 Y :-0.0077231675 Z: -2.663161E-4
D/MyActivity( 1555): Accelerometer: X: 0.17357962 Y :-0.076614454 Z: 10.433332
D/MyActivity( 1555): Magnetometer: X: -43.38 Y :26.94 Z: 17.4
D/MyActivity( 1555): Gyroscope: X: 0.0055926386 Y :-0.007989483 Z: -0.002130529
D/MyActivity( 1555): Accelerometer: X: 0.16160862 Y :-0.108337626 Z: 10.448297
D/MyActivity( 1555): Magnetometer: X: -43.44 Y :26.94 Z: 17.4
D/MyActivity( 1555): Gyroscope: X: 0.004261058 Y :-0.010918961 Z: -0.0010652645
D/MyActivity( 1555): Accelerometer: X: 0.18555063 Y :-0.093373865 Z: 10.441113
D/MyActivity( 1555): Magnetometer: X: -43.44 Y :26.94 Z: 17.4
D/MyActivity( 1555): Gyroscope: X: 0.006657903 Y :-0.007989483 Z: -0.0018642128
D/MyActivity( 1555): Accelerometer: X: 0.17058687 Y :-0.074220255 Z: 10.441712
D/MyActivity( 1555): Magnetometer: X: -43.44 Y :26.94 Z: 17.4
D/MyActivity( 1555): Gyroscope: X: 0.0061252704 Y :-0.010120012 Z: -0.002130529
D/MyActivity( 1555): Accelerometer: X: 0.17238252 Y :-0.10414778 Z: 10.429143
D/MyActivity( 1555): Magnetometer: X: -43.5 Y :26.94 Z: 17.4
D/MyActivity( 1555): Gyroscope: X: 0.00479369 Y :-0.007989483 Z: -0.0013315806
D/MyActivity( 1555): Accelerometer: X: 0.14903906 Y :-0.091578215 Z: 10.463859
D/MyActivity( 1555): Magnetometer: X: -43.5 Y :26.94 Z: 17.4
D/MyActivity( 1555): Gyroscope: X: 0.0055926386 Y :-0.009321064 Z: -0.0013315806
E/SMD     (  298): DCD ON
D/MyActivity( 1555): Accelerometer: X: 0.1604115 Y :-0.10295067 Z: 10.418967
D/MyActivity( 1555): Magnetometer: X: -43.5 Y :26.94 Z: 17.4
D/MyActivity( 1555): Gyroscope: X: 0.0055926386 Y :-0.011451593 Z: -0.0029294773
D/MyActivity( 1555): Accelerometer: X: 0.16699557 Y :-0.094570965 Z: 10.423157
D/MyActivity( 1555): Magnetometer: X: -43.5 Y :26.94 Z: 17.4
D/MyActivity( 1555): Gyroscope: X: 0.004261058 Y :-0.007989483 Z: -0.0018642128
D/MyActivity( 1555): Accelerometer: X: 0.17776948 Y :-0.073621705 Z: 10.453683
D/MyActivity( 1555): Magnetometer: X: -43.5 Y :26.94 Z: 17.4
D/MyActivity( 1555): Gyroscope: X: 0.004527374 Y :-0.013315806 Z: -0.002130529
D/MyActivity( 1555): Accelerometer: X: 0.16998832 Y :-0.10474633 Z: 10.437522
D/MyActivity( 1555): Magnetometer: X: -43.5 Y :26.94 Z: 17.4
D/MyActivity( 1555): Gyroscope: X: 0.0053263223 Y :-0.013315806 Z: -0.002130529
D/MyActivity( 1555): Accelerometer: X: 0.17058687 Y :-0.09696517 Z: 10.432734
D/MyActivity( 1555): Magnetometer: X: -43.5 Y :26.88 Z: 17.4
D/MyActivity( 1555): Gyroscope: X: 0.006924219 Y :-0.009853696 Z: -0.002396845
D/MyActivity( 1555): Accelerometer: X: 0.16101007 Y :-0.08798691 Z: 10.446501
D/MyActivity( 1555): Magnetometer: X: -43.5 Y :26.88 Z: 17.4
D/MyActivity( 1555): Gyroscope: X: 0.0061252704 Y :-0.014114754 Z: -7.9894834E-4
D/MyActivity( 1555): Accelerometer: X: 0.18375498 Y :-0.0712275 Z: 10.430939
D/MyActivity( 1555): Magnetometer: X: -43.5 Y :26.88 Z: 17.4
D/MyActivity( 1555): Gyroscope: X: 0.0053263223 Y :-0.008788432 Z: -0.002396845
D/MyActivity( 1555): Accelerometer: X: 0.17537527 Y :-0.088585466 Z: 10.439318
D/MyActivity( 1555): Magnetometer: X: -43.5 Y :26.88 Z: 17.4
D/MyActivity( 1555): Gyroscope: X: 0.005060006 Y :-0.010386328 Z: -0.0018642128
D/MyActivity( 1555): Accelerometer: X: 0.17298107 Y :-0.108936176 Z: 10.429143
D/MyActivity( 1555): Magnetometer: X: -43.44 Y :26.88 Z: 17.4
D/MyActivity( 1555): Gyroscope: X: 0.005060006 Y :-0.010386328 Z: -0.0018642128
D/MyActivity( 1555): Accelerometer: X: 0.17298107 Y :-0.08319851 Z: 10.439318
D/MyActivity( 1555): Magnetometer: X: -43.44 Y :26.88 Z: 17.4
D/MyActivity( 1555): Gyroscope: X: 0.0053263223 Y :-0.00958738 Z: -0.002396845
D/MyActivity( 1555): Accelerometer: X: 0.16699557 Y :-0.089782566 Z: 10.460267
D/MyActivity( 1555): Magnetometer: X: -43.38 Y :26.88 Z: 17.46
D/MyActivity( 1555): Gyroscope: X: 0.00479369 Y :-0.009054748 Z: -0.002130529
D/MyActivity( 1555): Accelerometer: X: 0.18734628 Y :-0.093373865 Z: 10.44231
D/MyActivity( 1555): Magnetometer: X: -43.38 Y :26.94 Z: 17.46
D/MyActivity( 1555): Gyroscope: X: 0.004527374 Y :-0.010386328 Z: -0.002396845
D/MyActivity( 1555): Accelerometer: X: 0.17357962 Y :-0.078410104 Z: 10.402806
D/MyActivity( 1555): Magnetometer: X: -43.32 Y :26.94 Z: 17.52
D/MyActivity( 1555): Gyroscope: X: 0.004527374 Y :-0.010386328 Z: -0.002130529
D/MyActivity( 1555): Accelerometer: X: 0.17836803 Y :-0.10235212 Z: 10.414778
D/MyActivity( 1555): Magnetometer: X: -43.32 Y :27.0 Z: 17.52
D/MyActivity( 1555): Gyroscope: X: 0.0058589545 Y :-0.012250541 Z: -0.002396845
D/MyActivity( 1555): Accelerometer: X: 0.15382746 Y :-0.11133038 Z: 10.447099
D/MyActivity( 1555): Magnetometer: X: -43.26 Y :27.06 Z: 17.52
D/MyActivity( 1555): Gyroscope: X: 0.0061252704 Y :-0.011185277 Z: -0.0015978967
D/MyActivity( 1555): Accelerometer: X: 0.16759412 Y :-0.089184016 Z: 10.414179
D/MyActivity( 1555): Magnetometer: X: -43.26 Y :27.06 Z: 17.52
D/MyActivity( 1555): Gyroscope: X: 0.0053263223 Y :-0.010652645 Z: 0.0
D/MyActivity( 1555): Accelerometer: X: 0.16340427 Y :-0.10534488 Z: 10.435727
D/MyActivity( 1555): Magnetometer: X: -43.2 Y :27.12 Z: 17.58
D/MyActivity( 1555): Gyroscope: X: 0.0055926386 Y :-0.008788432 Z: -0.0013315806
E/SMD     (  298): DCD ON
D/MyActivity( 1555): Accelerometer: X: 0.17238252 Y :-0.11133038 Z: 10.436924
D/MyActivity( 1555): Magnetometer: X: -43.2 Y :27.12 Z: 17.58
D/MyActivity( 1555): Gyroscope: X: 0.0058589545 Y :-0.012250541 Z: -2.663161E-4
D/MyActivity( 1555): Accelerometer: X: 0.16519992 Y :-0.08319851 Z: 10.423157
D/MyActivity( 1555): Magnetometer: X: -43.14 Y :27.18 Z: 17.64
D/MyActivity( 1555): Gyroscope: X: 0.0053263223 Y :-0.007456851 Z: -5.326322E-4
D/MyActivity( 1555): Accelerometer: X: 0.19093758 Y :-0.11731588 Z: 10.444106
D/MyActivity( 1555): Magnetometer: X: -43.14 Y :27.24 Z: 17.64
D/MyActivity( 1555): Gyroscope: X: 0.0055926386 Y :-0.011984225 Z: -0.0013315806
D/MyActivity( 1555): Accelerometer: X: 0.18076223 Y :-0.095768064 Z: 10.423756
D/MyActivity( 1555): Magnetometer: X: -43.14 Y :27.3 Z: 17.64
D/MyActivity( 1555): Gyroscope: X: 0.0053263223 Y :-0.012516857 Z: -0.0034621095
D/MyActivity( 1555): Accelerometer: X: 0.16819267 Y :-0.093373865 Z: 10.435128
D/MyActivity( 1555): Magnetometer: X: -43.08 Y :27.3 Z: 17.7
D/MyActivity( 1555): Gyroscope: X: 0.0055926386 Y :-0.008255799 Z: -0.0013315806
D/MyActivity( 1555): Accelerometer: X: 0.16579847 Y :-0.10414778 Z: 10.434529
D/MyActivity( 1555): Magnetometer: X: -43.08 Y :27.36 Z: 17.7
D/MyActivity( 1555): Gyroscope: X: 0.0029294773 Y :-0.012250541 Z: -0.0013315806
D/MyActivity( 1555): Accelerometer: X: 0.16819267 Y :-0.093373865 Z: 10.433931
D/MyActivity( 1555): Magnetometer: X: -43.08 Y :27.36 Z: 17.7
D/MyActivity( 1555): Gyroscope: X: 0.0077231675 Y :-0.016245283 Z: -7.9894834E-4
D/MyActivity( 1555): Accelerometer: X: 0.16998832 Y :-0.095768064 Z: 10.465055
D/MyActivity( 1555): Magnetometer: X: -43.08 Y :27.42 Z: 17.76
D/MyActivity( 1555): Gyroscope: X: 0.006657903 Y :-0.011185277 Z: -0.0026631611
D/MyActivity( 1555): Accelerometer: X: 0.17657238 Y :-0.10354923 Z: 10.429143
D/MyActivity( 1555): Magnetometer: X: -43.14 Y :27.42 Z: 17.7
D/MyActivity( 1555): Gyroscope: X: 0.0058589545 Y :-0.012250541 Z: -0.002130529
D/SSRM:m  (  881): SIOP:: AP = 260, PST = 260, CUR = 450
D/MyActivity( 1555): Accelerometer: X: 0.15442601 Y :-0.10354923 Z: 10.4249525
D/MyActivity( 1555): Magnetometer: X: -43.14 Y :27.42 Z: 17.7
D/MyActivity( 1555): Gyroscope: X: 0.005060006 Y :-0.011717909 Z: -0.002130529
D/MyActivity( 1555): Accelerometer: X: 0.18195933 Y :-0.091578215 Z: 10.445304
D/MyActivity( 1555): Magnetometer: X: -43.14 Y :27.42 Z: 17.7
D/MyActivity( 1555): Gyroscope: X: 0.0063915867 Y :-0.010652645 Z: -0.0026631611
D/MyActivity( 1555): Accelerometer: X: 0.16280572 Y :-0.08619126 Z: 10.412383
D/MyActivity( 1555): Magnetometer: X: -43.2 Y :27.42 Z: 17.7
D/MyActivity( 1555): Gyroscope: X: 0.005060006 Y :-0.010918961 Z: -0.0013315806
D/MyActivity( 1555): Accelerometer: X: 0.17597382 Y :-0.08259996 Z: 10.43872
D/MyActivity( 1555): Magnetometer: X: -43.2 Y :27.36 Z: 17.64
D/MyActivity( 1555): Gyroscope: X: 0.005060006 Y :-0.012250541 Z: -0.002396845
D/MyActivity( 1555): Accelerometer: X: 0.16340427 Y :-0.08259996 Z: 10.468647
D/MyActivity( 1555): Magnetometer: X: -43.2 Y :27.36 Z: 17.64
D/MyActivity( 1555): Gyroscope: X: 0.005060006 Y :-0.0127831735 Z: -0.002130529
D/MyActivity( 1555): Accelerometer: X: 0.15981296 Y :-0.08559271 Z: 10.438121
D/MyActivity( 1555): Magnetometer: X: -43.2 Y :27.36 Z: 17.64
D/MyActivity( 1555): Gyroscope: X: 0.0055926386 Y :-0.01304949 Z: -0.0029294773
D/MyActivity( 1555): Accelerometer: X: 0.17118542 Y :-0.092775315 Z: 10.418967
D/MyActivity( 1555): Magnetometer: X: -43.26 Y :27.3 Z: 17.58
D/MyActivity( 1555): Gyroscope: X: 0.004261058 Y :-0.011451593 Z: -0.002130529
D/MyActivity( 1555): Accelerometer: X: 0.18076223 Y :-0.09935937 Z: 10.444106
D/MyActivity( 1555): Magnetometer: X: -43.26 Y :27.3 Z: 17.52
D/MyActivity( 1555): Gyroscope: X: 0.006924219 Y :-0.007989483 Z: -0.0013315806
E/SMD     (  298): DCD ON
D/MyActivity( 1555): Accelerometer: X: 0.17896658 Y :-0.092176765 Z: 10.44231
D/MyActivity( 1555): Magnetometer: X: -43.26 Y :27.3 Z: 17.52
D/MyActivity( 1555): Gyroscope: X: 0.0055926386 Y :-0.013848438 Z: -0.002396845
D/MyActivity( 1555): Accelerometer: X: 0.16998832 Y :-0.10474633 Z: 10.4249525
D/MyActivity( 1555): Magnetometer: X: -43.26 Y :27.24 Z: 17.46
D/MyActivity( 1555): Gyroscope: X: 0.00479369 Y :-0.015180019 Z: -0.0026631611
D/BatteryService(  881): level:55, scale:100, status:2, health:2, present:true, voltage: 4031, temperature: 271, technology: Li-ion, AC powered:false, USB powered:true, Wireless powered:false, icon:17303749, invalid charger:0
D/BatteryService(  881): online:4, current avg:450, charge type:1, power sharing:false, high voltage charger:false, capacity:280000
D/BatteryService(  881): Sending ACTION_BATTERY_CHANGED.
D/MotionRecognitionService(  881):   mReceiver.onReceive : ACTION_BATTERY_CHANGED
I/MotionRecognitionService(  881): Plugged
D/MyActivity( 1555): Accelerometer: X: 0.16879122 Y :-0.088585466 Z: 10.430939
D/MyActivity( 1555): Magnetometer: X: -43.26 Y :27.24 Z: 17.46
D/MyActivity( 1555): Gyroscope: X: 0.004527374 Y :-0.010386328 Z: -7.9894834E-4
D/KeyguardUpdateMonitor( 1188): received broadcast android.intent.action.BATTERY_CHANGED
D/KeyguardUpdateMonitor( 1188): handleBatteryUpdate
I/MotionRecognitionService(  881): setPowerConnected  = true
D/BatteryService(  881): stay LED for charging
D/STATUSBAR-PhoneStatusBar( 1188):  mBrightnessEnablebySettings = true mBrightnessEnablebyBattery = true mBrightnessEnablebyDisableFlag = true mPmsBrightnessEnablebySettings = true
I/BusinessExecutor( 2176): Task#991 : #run() called
I/BusinessExecutor( 2176): Task#991 : #run() ended
I/BusinessExecutor( 2176): registered Task#991 : PowerInfoEventSource$1
D/BatteryMeterView( 1188): ACTION_BATTERY_CHANGED : level:55 status:2 health:2
D/BatteryMeterView( 1188): ACTION_BATTERY_CHANGED : level:55 status:2 health:2
D/BatteryMeterView( 1188): ACTION_BATTERY_CHANGED : level:55 status:2 health:2
D/SViewCoverView( 1188): BroadcastReceiver onReceive() : action : android.intent.action.BATTERY_CHANGED
D/SViewCoverView( 1188): level :55 plugged : 2
D/BatteryMeterView( 1188): ACTION_BATTERY_CHANGED : level:55 status:2 health:2
I/DBG_FMMDM( 5128): [50.20.150730][Line:931][onReceive] Batter Changed
I/DBG_FMMDM( 5128): [50.20.150730][Line:1242][xlawmoAdpGetUltraBatteryLevel] cnt: 55
I/DBG_FMMDM( 5128): [50.20.150730][Line:1253][xlawmoAdpGetBatteryStatus] xlawmoAdpGetBatteryStatus
I/DBG_FMMDM( 5128): [50.20.150730][Line:1255][xlawmoAdpGetBatteryStatus] 
I/DBG_FMMDM( 5128): [50.20.150730][Line:1281][xlawmoAdpGetBatteryStatus] szBatteryStatus = CHARGING
I/DBG_FMMDM( 5128): [50.20.150730][Line:529][xdbLawmoGetExtLastLoactionSet] LastLoactionSet : 0
I/DBG_FMMDM( 5128): [50.20.150730][Line:360][xlawmoAdpGetLastLocationState] Device LastLocationMode state : 0
I/DBG_FMMDM( 5128): [50.20.150730][Line:839][xdmBroadcastBatteryInfo] Battery Flag : 0
I/DBG_FMMDM( 5128): [50.20.150730][Line:840][xdmBroadcastBatteryInfo] Battery szBatteryStatus : CHARGING
D/MyActivity( 1555): Accelerometer: X: 0.16340427 Y :-0.10654198 Z: 10.444705
D/MyActivity( 1555): Magnetometer: X: -43.32 Y :27.18 Z: 17.4
D/MyActivity( 1555): Gyroscope: X: 0.00479369 Y :-0.010120012 Z: -0.0029294773
D/MyActivity( 1555): Accelerometer: X: 0.1604115 Y :-0.093373865 Z: 10.444705
D/MyActivity( 1555): Magnetometer: X: -43.32 Y :27.18 Z: 17.34
D/MyActivity( 1555): Gyroscope: X: 0.0061252704 Y :-0.012516857 Z: -0.0029294773
D/MyActivity( 1555): Accelerometer: X: 0.16759412 Y :-0.110133275 Z: 10.42615
D/MyActivity( 1555): Magnetometer: X: -43.32 Y :27.18 Z: 17.28
D/MyActivity( 1555): Gyroscope: X: 0.0034621095 Y :-0.010918961 Z: -0.002396845
D/MyActivity( 1555): Accelerometer: X: 0.16819267 Y :-0.08259996 Z: 10.427347
D/MyActivity( 1555): Magnetometer: X: -43.38 Y :27.12 Z: 17.28
D/MyActivity( 1555): Gyroscope: X: 0.0058589545 Y :-0.009321064 Z: -7.9894834E-4
D/MyActivity( 1555): Accelerometer: X: 0.16879122 Y :-0.10534488 Z: 10.41358
D/MyActivity( 1555): Magnetometer: X: -43.38 Y :27.12 Z: 17.22
D/MyActivity( 1555): Gyroscope: X: 0.0053263223 Y :-0.010918961 Z: -0.0015978967
D/MyActivity( 1555): Accelerometer: X: 0.16938977 Y :-0.08499416 Z: 10.442909
D/MyActivity( 1555): Magnetometer: X: -43.44 Y :27.12 Z: 17.22
D/MyActivity( 1555): Gyroscope: X: 0.0063915867 Y :-0.011717909 Z: -7.9894834E-4
D/MyActivity( 1555): Accelerometer: X: 0.18614918 Y :-0.110133275 Z: 10.404602
D/MyActivity( 1555): Magnetometer: X: -43.44 Y :27.12 Z: 17.22
D/MyActivity( 1555): Gyroscope: X: 0.0063915867 Y :-0.01304949 Z: -0.002396845
D/MyActivity( 1555): Accelerometer: X: 0.16998832 Y :-0.088585466 Z: 10.435128
D/MyActivity( 1555): Magnetometer: X: -43.5 Y :27.12 Z: 17.22
D/MyActivity( 1555): Gyroscope: X: 0.0055926386 Y :-0.011717909 Z: -0.0026631611
D/MyActivity( 1555): Accelerometer: X: 0.19153613 Y :-0.08678981 Z: 10.386645
D/MyActivity( 1555): Magnetometer: X: -43.5 Y :27.12 Z: 17.22
D/MyActivity( 1555): Gyroscope: X: 0.006657903 Y :-0.012250541 Z: -0.0031957934
D/MyActivity( 1555): Accelerometer: X: 0.16519992 Y :-0.091578215 Z: 10.439318
D/MyActivity( 1555): Magnetometer: X: -43.56 Y :27.12 Z: 17.28
D/MyActivity( 1555): Gyroscope: X: 0.00479369 Y :-0.008522116 Z: -0.002396845
D/MyActivity( 1555): Accelerometer: X: 0.17537527 Y :-0.089782566 Z: 10.43872
D/MyActivity( 1555): Magnetometer: X: -43.56 Y :27.06 Z: 17.28
D/MyActivity( 1555): Gyroscope: X: 0.004527374 Y :-0.011717909 Z: -0.0015978967
D/MyActivity( 1555): Accelerometer: X: 0.18794483 Y :-0.10295067 Z: 10.438121
D/MyActivity( 1555): Magnetometer: X: -43.62 Y :27.06 Z: 17.28
D/MyActivity( 1555): Gyroscope: X: 0.0055926386 Y :-0.010918961 Z: -0.0026631611
D/MyActivity( 1555): Accelerometer: X: 0.16998832 Y :-0.107140526 Z: 10.412383
D/MyActivity( 1555): Magnetometer: X: -43.68 Y :27.06 Z: 17.34
D/MyActivity( 1555): Gyroscope: X: 0.005060006 Y :-0.009054748 Z: -0.0010652645
E/SMD     (  298): DCD ON
D/MyActivity( 1555): Accelerometer: X: 0.16460137 Y :-0.095169514 Z: 10.439318
D/MyActivity( 1555): Magnetometer: X: -43.68 Y :27.06 Z: 17.34
D/MyActivity( 1555): Gyroscope: X: 0.004261058 Y :-0.009321064 Z: -7.9894834E-4
D/MyActivity( 1555): Accelerometer: X: 0.16938977 Y :-0.08798691 Z: 10.424355
D/MyActivity( 1555): Magnetometer: X: -43.74 Y :27.06 Z: 17.34
D/MyActivity( 1555): Gyroscope: X: 0.005060006 Y :-0.009853696 Z: -0.0015978967
D/MyActivity( 1555): Accelerometer: X: 0.16819267 Y :-0.10055647 Z: 10.420164
D/MyActivity( 1555): Magnetometer: X: -43.74 Y :27.06 Z: 17.4
D/MyActivity( 1555): Gyroscope: X: 0.00479369 Y :-0.010386328 Z: -0.0015978967
D/MyActivity( 1555): Accelerometer: X: 0.17776948 Y :-0.095768064 Z: 10.456078
D/MyActivity( 1555): Magnetometer: X: -43.74 Y :27.0 Z: 17.4
D/MyActivity( 1555): Gyroscope: X: 0.0058589545 Y :-0.008522116 Z: -0.0010652645
D/MyActivity( 1555): Accelerometer: X: 0.18195933 Y :-0.073023155 Z: 10.430939
D/MyActivity( 1555): Magnetometer: X: -43.74 Y :27.0 Z: 17.46
D/MyActivity( 1555): Gyroscope: X: 0.00479369 Y :-0.007190535 Z: -5.326322E-4
D/MyActivity( 1555): Accelerometer: X: 0.17477672 Y :-0.06943185 Z: 10.449493
D/MyActivity( 1555): Magnetometer: X: -43.74 Y :27.0 Z: 17.46
D/MyActivity( 1555): Gyroscope: X: 0.004261058 Y :-0.010918961 Z: -0.0010652645
D/MyActivity( 1555): Accelerometer: X: 0.17836803 Y :-0.09995792 Z: 10.433332
D/MyActivity( 1555): Magnetometer: X: -43.74 Y :27.0 Z: 17.46
D/MyActivity( 1555): Gyroscope: X: 0.00479369 Y :-0.0127831735 Z: -7.9894834E-4
D/MyActivity( 1555): Accelerometer: X: 0.17417817 Y :-0.09636662 Z: 10.460866
D/MyActivity( 1555): Magnetometer: X: -43.68 Y :27.0 Z: 17.46
D/MyActivity( 1555): Gyroscope: X: 0.00479369 Y :-0.010120012 Z: -0.0015978967
D/MyActivity( 1555): Accelerometer: X: 0.1933318 Y :-0.10235212 Z: 10.451887
D/MyActivity( 1555): Magnetometer: X: -43.62 Y :27.0 Z: 17.46
D/MyActivity( 1555): Gyroscope: X: 0.006657903 Y :-0.007989483 Z: -0.0013315806
D/MyActivity( 1555): Accelerometer: X: 0.17058687 Y :-0.107739076 Z: 10.449493
D/MyActivity( 1555): Magnetometer: X: -43.56 Y :27.0 Z: 17.46
D/MyActivity( 1555): Gyroscope: X: 0.005060006 Y :-0.011984225 Z: -7.9894834E-4
D/MyActivity( 1555): Accelerometer: X: 0.18255788 Y :-0.108936176 Z: 10.458471
D/MyActivity( 1555): Magnetometer: X: -43.5 Y :27.0 Z: 17.4
D/MyActivity( 1555): Gyroscope: X: 0.006657903 Y :-0.010386328 Z: -7.9894834E-4
D/MyActivity( 1555): Accelerometer: X: 0.17956513 Y :-0.093373865 Z: 10.444705
D/MyActivity( 1555): Magnetometer: X: -43.44 Y :27.0 Z: 17.4
D/MyActivity( 1555): Gyroscope: X: 0.00479369 Y :-0.007989483 Z: -0.0029294773
D/MyActivity( 1555): Accelerometer: X: 0.17118542 Y :-0.08439561 Z: 10.447698
D/MyActivity( 1555): Magnetometer: X: -43.38 Y :27.0 Z: 17.4
D/MyActivity( 1555): Gyroscope: X: 0.0055926386 Y :-0.010120012 Z: -0.0031957934
D/MyActivity( 1555): Accelerometer: X: 0.17058687 Y :-0.10654198 Z: 10.438121
D/MyActivity( 1555): Magnetometer: X: -43.26 Y :27.06 Z: 17.34
D/MyActivity( 1555): Gyroscope: X: 0.00479369 Y :-0.011717909 Z: -0.002130529
D/MyActivity( 1555): Accelerometer: X: 0.16639702 Y :-0.09756372 Z: 10.477027
D/MyActivity( 1555): Magnetometer: X: -43.2 Y :27.06 Z: 17.34
D/MyActivity( 1555): Gyroscope: X: 0.004527374 Y :-0.013582122 Z: -0.002396845
D/MyActivity( 1555): Accelerometer: X: 0.17717093 Y :-0.08319851 Z: 10.426748
D/MyActivity( 1555): Magnetometer: X: -43.14 Y :27.06 Z: 17.34
D/MyActivity( 1555): Gyroscope: X: 0.005060006 Y :-0.006924219 Z: -2.663161E-4
D/MyActivity( 1555): Accelerometer: X: 0.19752164 Y :-0.08080431 Z: 10.425551
D/MyActivity( 1555): Magnetometer: X: -43.08 Y :27.06 Z: 17.34
D/MyActivity( 1555): Gyroscope: X: 0.0039947415 Y :-0.008255799 Z: -0.0029294773
E/SMD     (  298): DCD ON
D/MyActivity( 1555): Accelerometer: X: 0.16879122 Y :-0.108936176 Z: 10.441113
D/MyActivity( 1555): Magnetometer: X: -43.02 Y :27.06 Z: 17.34
D/MyActivity( 1555): Gyroscope: X: 0.0061252704 Y :-0.008788432 Z: -0.0029294773
D/MyActivity( 1555): Accelerometer: X: 0.15682021 Y :-0.092775315 Z: 10.436325
D/MyActivity( 1555): Magnetometer: X: -42.96 Y :27.12 Z: 17.34
D/MyActivity( 1555): Gyroscope: X: 0.0055926386 Y :-0.008788432 Z: -0.002130529
D/MyActivity( 1555): Accelerometer: X: 0.17717093 Y :-0.05746084 Z: 10.423157
D/MyActivity( 1555): Magnetometer: X: -42.9 Y :27.12 Z: 17.34
D/MyActivity( 1555): Gyroscope: X: 0.0077231675 Y :-0.010386328 Z: -0.0029294773
D/MyActivity( 1555): Accelerometer: X: 0.18315643 Y :-0.107140526 Z: 10.441113
D/MyActivity( 1555): Magnetometer: X: -42.84 Y :27.18 Z: 17.34
D/MyActivity( 1555): Gyroscope: X: 0.0055926386 Y :-0.012250541 Z: -0.002130529
D/MyActivity( 1555): Accelerometer: X: 0.17417817 Y :-0.08200141 Z: 10.436325
D/MyActivity( 1555): Magnetometer: X: -42.84 Y :27.18 Z: 17.34
D/MyActivity( 1555): Gyroscope: X: 0.00479369 Y :-0.012250541 Z: -2.663161E-4
D/MyActivity( 1555): Accelerometer: X: 0.17776948 Y :-0.08080431 Z: 10.439917
D/MyActivity( 1555): Magnetometer: X: -42.78 Y :27.18 Z: 17.34
D/MyActivity( 1555): Gyroscope: X: 0.0058589545 Y :-0.013848438 Z: -0.002130529
D/MyActivity( 1555): Accelerometer: X: 0.2088941 Y :-0.095768064 Z: 10.431537
D/MyActivity( 1555): Magnetometer: X: -42.78 Y :27.18 Z: 17.34
D/MyActivity( 1555): Gyroscope: X: 0.00479369 Y :-0.012250541 Z: -0.0031957934
D/MyActivity( 1555): Accelerometer: X: 0.17597382 Y :-0.10594343 Z: 10.427347
D/MyActivity( 1555): Magnetometer: X: -42.78 Y :27.24 Z: 17.34
D/MyActivity( 1555): Gyroscope: X: 0.005060006 Y :-0.006657903 Z: -0.0013315806
D/MyActivity( 1555): Accelerometer: X: 0.18734628 Y :-0.05925649 Z: 10.445902
D/MyActivity( 1555): Magnetometer: X: -42.72 Y :27.24 Z: 17.34
D/MyActivity( 1555): Gyroscope: X: 0.0039947415 Y :-0.009853696 Z: -0.0018642128
D/MyActivity( 1555): Accelerometer: X: 0.16639702 Y :-0.077811554 Z: 10.423756
D/MyActivity( 1555): Magnetometer: X: -42.72 Y :27.24 Z: 17.34
D/MyActivity( 1555): Gyroscope: X: 0.0053263223 Y :-0.011717909 Z: -0.0010652645
D/MyActivity( 1555): Accelerometer: X: 0.17597382 Y :-0.09935937 Z: 10.454282
D/MyActivity( 1555): Magnetometer: X: -42.72 Y :27.24 Z: 17.34
D/MyActivity( 1555): Gyroscope: X: 0.0053263223 Y :-0.010386328 Z: -0.0013315806
D/MyActivity( 1555): Accelerometer: X: 0.16160862 Y :-0.10115502 Z: 10.428544
D/MyActivity( 1555): Magnetometer: X: -42.72 Y :27.24 Z: 17.34
D/MyActivity( 1555): Gyroscope: X: 0.004527374 Y :-0.007989483 Z: -0.0034621095
D/MyActivity( 1555): Accelerometer: X: 0.15023616 Y :-0.10534488 Z: 10.428544
D/MyActivity( 1555): Magnetometer: X: -42.72 Y :27.24 Z: 17.34
D/MyActivity( 1555): Gyroscope: X: 0.0039947415 Y :-0.009853696 Z: -0.002130529
D/MyActivity( 1555): Accelerometer: X: 0.15741876 Y :-0.09696517 Z: 10.427347
D/MyActivity( 1555): Magnetometer: X: -42.72 Y :27.18 Z: 17.34
D/MyActivity( 1555): Gyroscope: X: 0.005060006 Y :-0.013848438 Z: -0.0015978967
D/MyActivity( 1555): Accelerometer: X: 0.18495208 Y :-0.090979666 Z: 10.429741
D/MyActivity( 1555): Magnetometer: X: -42.72 Y :27.18 Z: 17.34
D/MyActivity( 1555): Gyroscope: X: 0.007190535 Y :-0.010120012 Z: -0.0018642128
D/SSRM:m  (  881): SIOP:: AP = 260, PST = 260, CUR = 450
D/MyActivity( 1555): Accelerometer: X: 0.17597382 Y :-0.092775315 Z: 10.429143
D/MyActivity( 1555): Magnetometer: X: -42.72 Y :27.18 Z: 17.34
D/MyActivity( 1555): Gyroscope: X: 0.0063915867 Y :-0.007456851 Z: -0.0015978967
D/MyActivity( 1555): Accelerometer: X: 0.17597382 Y :-0.090979666 Z: 10.419566
D/MyActivity( 1555): Magnetometer: X: -42.72 Y :27.18 Z: 17.34
D/MyActivity( 1555): Gyroscope: X: 0.0039947415 Y :-0.013582122 Z: -0.002396845
E/SMD     (  298): DCD ON
D/MyActivity( 1555): Accelerometer: X: 0.17058687 Y :-0.077811554 Z: 10.414778
D/MyActivity( 1555): Magnetometer: X: -42.72 Y :27.18 Z: 17.34
D/MyActivity( 1555): Gyroscope: X: 0.007190535 Y :-0.011185277 Z: -0.002130529
D/MyActivity( 1555): Accelerometer: X: 0.18255788 Y :-0.095169514 Z: 10.437522
D/MyActivity( 1555): Magnetometer: X: -42.72 Y :27.12 Z: 17.34
D/MyActivity( 1555): Gyroscope: X: 0.004261058 Y :-0.010386328 Z: -0.002396845
D/MyActivity( 1555): Accelerometer: X: 0.18614918 Y :-0.08738836 Z: 10.423756
D/MyActivity( 1555): Magnetometer: X: -42.72 Y :27.12 Z: 17.34
D/MyActivity( 1555): Gyroscope: X: 0.0031957934 Y :-0.012250541 Z: -0.002396845
D/MyActivity( 1555): Accelerometer: X: 0.15562311 Y :-0.10055647 Z: 10.458471
D/MyActivity( 1555): Magnetometer: X: -42.72 Y :27.12 Z: 17.34
D/MyActivity( 1555): Gyroscope: X: 0.00479369 Y :-0.011185277 Z: -0.002396845
D/MyActivity( 1555): Accelerometer: X: 0.18076223 Y :-0.073023155 Z: 10.451887
D/MyActivity( 1555): Magnetometer: X: -42.72 Y :27.12 Z: 17.28
D/MyActivity( 1555): Gyroscope: X: 0.0031957934 Y :-0.011185277 Z: -0.0026631611
D/MyActivity( 1555): Accelerometer: X: 0.1945289 Y :-0.093373865 Z: 10.443508
D/MyActivity( 1555): Magnetometer: X: -42.72 Y :27.12 Z: 17.28
D/MyActivity( 1555): Gyroscope: X: 0.006657903 Y :-0.008788432 Z: -0.0015978967
I/Finsky  (31079): [2507] com.google.android.finsky.bp.an.run(6): Stats for Executor: Db-scheduler_logging_store.db com.google.android.finsky.bp.ao@3ead5f82[Running, pool size = 0, active threads = 0, queued tasks = 0, completed tasks = 2]
D/MyActivity( 1555): Accelerometer: X: 0.17657238 Y :-0.093373865 Z: 10.42196
D/MyActivity( 1555): Magnetometer: X: -42.72 Y :27.12 Z: 17.28
D/MyActivity( 1555): Gyroscope: X: 0.0055926386 Y :-0.0077231675 Z: -0.002130529
D/MyActivity( 1555): Accelerometer: X: 0.15442601 Y :-0.08499416 Z: 10.432734
D/MyActivity( 1555): Magnetometer: X: -42.72 Y :27.06 Z: 17.28
D/MyActivity( 1555): Gyroscope: X: 0.0053263223 Y :-0.006657903 Z: -0.0018642128
D/MyActivity( 1555): Accelerometer: X: 0.18136078 Y :-0.10235212 Z: 10.430939
D/MyActivity( 1555): Magnetometer: X: -42.78 Y :27.06 Z: 17.28
D/MyActivity( 1555): Gyroscope: X: 0.007190535 Y :-0.008788432 Z: -0.0013315806
D/BatteryService(  881): level:55, scale:100, status:2, health:2, present:true, voltage: 4028, temperature: 271, technology: Li-ion, AC powered:false, USB powered:true, Wireless powered:false, icon:17303749, invalid charger:0
D/BatteryService(  881): online:4, current avg:450, charge type:1, power sharing:false, high voltage charger:false, capacity:280000
D/BatteryService(  881): Sending ACTION_BATTERY_CHANGED.
D/MotionRecognitionService(  881):   mReceiver.onReceive : ACTION_BATTERY_CHANGED
I/MotionRecognitionService(  881): Plugged
I/MotionRecognitionService(  881): setPowerConnected  = true
D/BatteryService(  881): stay LED for charging
D/KeyguardUpdateMonitor( 1188): received broadcast android.intent.action.BATTERY_CHANGED
D/KeyguardUpdateMonitor( 1188): handleBatteryUpdate
D/STATUSBAR-PhoneStatusBar( 1188):  mBrightnessEnablebySettings = true mBrightnessEnablebyBattery = true mBrightnessEnablebyDisableFlag = true mPmsBrightnessEnablebySettings = true
I/BusinessExecutor( 2176): registered Task#992 : PowerInfoEventSource$1
I/BusinessExecutor( 2176): Task#992 : #run() called
I/BusinessExecutor( 2176): Task#992 : #run() ended
D/BatteryMeterView( 1188): ACTION_BATTERY_CHANGED : level:55 status:2 health:2
D/BatteryMeterView( 1188): ACTION_BATTERY_CHANGED : level:55 status:2 health:2
D/BatteryMeterView( 1188): ACTION_BATTERY_CHANGED : level:55 status:2 health:2
D/SViewCoverView( 1188): BroadcastReceiver onReceive() : action : android.intent.action.BATTERY_CHANGED
D/SViewCoverView( 1188): level :55 plugged : 2
I/DBG_FMMDM( 5128): [50.20.150730][Line:931][onReceive] Batter Changed
I/DBG_FMMDM( 5128): [50.20.150730][Line:1242][xlawmoAdpGetUltraBatteryLevel] cnt: 55
I/DBG_FMMDM( 5128): [50.20.150730][Line:1253][xlawmoAdpGetBatteryStatus] xlawmoAdpGetBatteryStatus
I/DBG_FMMDM( 5128): [50.20.150730][Line:1255][xlawmoAdpGetBatteryStatus] 
I/DBG_FMMDM( 5128): [50.20.150730][Line:1281][xlawmoAdpGetBatteryStatus] szBatteryStatus = CHARGING
D/BatteryMeterView( 1188): ACTION_BATTERY_CHANGED : level:55 status:2 health:2
I/DBG_FMMDM( 5128): [50.20.150730][Line:529][xdbLawmoGetExtLastLoactionSet] LastLoactionSet : 0
I/DBG_FMMDM( 5128): [50.20.150730][Line:360][xlawmoAdpGetLastLocationState] Device LastLocationMode state : 0
I/DBG_FMMDM( 5128): [50.20.150730][Line:839][xdmBroadcastBatteryInfo] Battery Flag : 0
I/DBG_FMMDM( 5128): [50.20.150730][Line:840][xdmBroadcastBatteryInfo] Battery szBatteryStatus : CHARGING
D/MyActivity( 1555): Accelerometer: X: 0.17238252 Y :-0.09816227 Z: 10.429741
D/MyActivity( 1555): Magnetometer: X: -42.78 Y :27.06 Z: 17.28
D/MyActivity( 1555): Gyroscope: X: 0.0055926386 Y :-0.010386328 Z: -0.0010652645
D/MyActivity( 1555): Accelerometer: X: 0.17298107 Y :-0.08080431 Z: 10.408792
D/MyActivity( 1555): Magnetometer: X: -42.84 Y :27.0 Z: 17.34
D/MyActivity( 1555): Gyroscope: X: 0.005060006 Y :-0.007456851 Z: -0.0026631611
D/MyActivity( 1555): Accelerometer: X: 0.19512744 Y :-0.08200141 Z: 10.43034
D/MyActivity( 1555): Magnetometer: X: -42.84 Y :27.0 Z: 17.34
D/MyActivity( 1555): Gyroscope: X: 0.00479369 Y :-0.009853696 Z: -0.0013315806
D/MyActivity( 1555): Accelerometer: X: 0.18315643 Y :-0.08259996 Z: 10.428544
D/MyActivity( 1555): Magnetometer: X: -42.84 Y :26.94 Z: 17.34
D/MyActivity( 1555): Gyroscope: X: 0.006657903 Y :-0.010386328 Z: -0.0029294773
D/MyActivity( 1555): Accelerometer: X: 0.18136078 Y :-0.092176765 Z: 10.428544
D/MyActivity( 1555): Magnetometer: X: -42.9 Y :26.94 Z: 17.34
D/MyActivity( 1555): Gyroscope: X: 0.004261058 Y :-0.008522116 Z: -0.0026631611
D/MyActivity( 1555): Accelerometer: X: 0.16879122 Y :-0.091578215 Z: 10.444705
D/MyActivity( 1555): Magnetometer: X: -42.96 Y :26.94 Z: 17.34
D/MyActivity( 1555): Gyroscope: X: 0.0058589545 Y :-0.007190535 Z: -0.0018642128
D/MyActivity( 1555): Accelerometer: X: 0.17477672 Y :-0.074818805 Z: 10.420164
D/MyActivity( 1555): Magnetometer: X: -42.96 Y :26.94 Z: 17.34
D/MyActivity( 1555): Gyroscope: X: 0.005060006 Y :-0.012250541 Z: -0.0013315806
D/MyActivity( 1555): Accelerometer: X: 0.15861586 Y :-0.0796072 Z: 10.412383
D/MyActivity( 1555): Magnetometer: X: -43.02 Y :26.94 Z: 17.34
D/MyActivity( 1555): Gyroscope: X: 0.004527374 Y :-0.0127831735 Z: 0.0
E/SMD     (  298): DCD ON
D/MyActivity( 1555): Accelerometer: X: 0.17417817 Y :-0.08200141 Z: 10.435727
D/MyActivity( 1555): Magnetometer: X: -43.02 Y :27.0 Z: 17.34
D/MyActivity( 1555): Gyroscope: X: 0.004527374 Y :-0.009853696 Z: -0.0029294773
I/Finsky  (31079): [2507] com.google.android.finsky.bp.an.run(6): Stats for Executor: BlockingExecutor com.google.android.finsky.bp.ao@3100d0d1[Running, pool size = 0, active threads = 0, queued tasks = 0, completed tasks = 6]
I/Finsky  (31079): [2507] com.google.android.finsky.bp.an.run(6): Stats for Executor: LightweightExecutor com.google.android.finsky.bp.ao@2f9ec736[Running, pool size = 3, active threads = 0, queued tasks = 0, completed tasks = 55]
D/MyActivity( 1555): Accelerometer: X: 0.17178397 Y :-0.10594343 Z: 10.435727
D/MyActivity( 1555): Magnetometer: X: -43.08 Y :26.94 Z: 17.34
D/MyActivity( 1555): Gyroscope: X: 0.0034621095 Y :-0.009853696 Z: -0.0013315806
D/MyActivity( 1555): Accelerometer: X: 0.18076223 Y :-0.095768064 Z: 10.444106
D/MyActivity( 1555): Magnetometer: X: -43.14 Y :26.94 Z: 17.34
D/MyActivity( 1555): Gyroscope: X: 0.0053263223 Y :-0.011185277 Z: -7.9894834E-4
D/MyActivity( 1555): Accelerometer: X: 0.17836803 Y :-0.093373865 Z: 10.445902
D/MyActivity( 1555): Magnetometer: X: -43.14 Y :26.94 Z: 17.34
D/MyActivity( 1555): Gyroscope: X: 0.005060006 Y :-0.014647386 Z: -0.0026631611
I/Finsky  (31079): [2507] com.google.android.finsky.bp.an.run(6): Stats for Executor: bgExecutor com.google.android.finsky.bp.ao@31117637[Running, pool size = 4, active threads = 0, queued tasks = 0, completed tasks = 8]
D/MyActivity( 1555): Accelerometer: X: 0.16400282 Y :-0.08738836 Z: 10.4171715
D/MyActivity( 1555): Magnetometer: X: -43.14 Y :26.94 Z: 17.34
D/MyActivity( 1555): Gyroscope: X: 0.0055926386 Y :-0.010386328 Z: -0.0018642128
D/MyActivity( 1555): Accelerometer: X: 0.19153613 Y :-0.088585466 Z: 10.429741
D/MyActivity( 1555): Magnetometer: X: -43.14 Y :26.94 Z: 17.34
D/MyActivity( 1555): Gyroscope: X: 0.0039947415 Y :-0.009853696 Z: -0.0015978967
I/Finsky  (31079): [2507] com.google.android.finsky.bp.an.run(6): Stats for Executor: Db-xternal_referrer_status.db com.google.android.finsky.bp.ao@1bfe47a4[Running, pool size = 0, active threads = 0, queued tasks = 0, completed tasks = 0]
I/Finsky  (31079): [2507] com.google.android.finsky.bp.an.run(6): Stats for Executor: Db-split_install_service com.google.android.finsky.bp.ao@31f0a90d[Running, pool size = 0, active threads = 0, queued tasks = 0, completed tasks = 1]
I/Finsky  (31079): [2507] com.google.android.finsky.bp.an.run(6): Stats for Executor: StorageAwareDownloadServiceManagerSpaceChecker com.google.android.finsky.bp.ao@240820c2[Running, pool size = 0, active threads = 0, queued tasks = 0, completed tasks = 0]
D/MyActivity( 1555): Accelerometer: X: 0.1933318 Y :-0.093972415 Z: 10.436924
D/MyActivity( 1555): Magnetometer: X: -43.14 Y :26.94 Z: 17.34
D/MyActivity( 1555): Gyroscope: X: 0.0053263223 Y :-0.011984225 Z: -2.663161E-4
D/MyActivity( 1555): Accelerometer: X: 0.16639702 Y :-0.09636662 Z: 10.46745
D/MyActivity( 1555): Magnetometer: X: -43.14 Y :27.0 Z: 17.34
D/MyActivity( 1555): Gyroscope: X: 0.006657903 Y :-0.009321064 Z: -0.0013315806
D/MyActivity( 1555): Accelerometer: X: 0.18614918 Y :-0.076015905 Z: 10.45069
D/MyActivity( 1555): Magnetometer: X: -43.14 Y :27.0 Z: 17.34
D/MyActivity( 1555): Gyroscope: X: 0.00479369 Y :-0.012516857 Z: -0.0018642128
I/Finsky  (31079): [2507] com.google.android.finsky.bp.an.run(6): Stats for Executor: InstallBackgroundThread com.google.android.finsky.bp.ao@297d3ed3[Running, pool size = 0, active threads = 0, queued tasks = 0, completed tasks = 0]
I/Finsky  (31079): [2507] com.google.android.finsky.bp.an.run(6): Stats for Executor: Db-install_service com.google.android.finsky.bp.ao@3daa3a10[Running, pool size = 0, active threads = 0, queued tasks = 0, completed tasks = 0]
I/Finsky  (31079): [2507] com.google.android.finsky.bp.an.run(6): Stats for Executor: InstallBackgroundThread com.google.android.finsky.bp.ao@178bc909[Running, pool size = 0, active threads = 0, queued tasks = 0, completed tasks = 0]
D/MyActivity( 1555): Accelerometer: X: 0.17238252 Y :-0.10594343 Z: 10.420763
D/MyActivity( 1555): Magnetometer: X: -43.2 Y :27.0 Z: 17.34
D/MyActivity( 1555): Gyroscope: X: 0.0063915867 Y :-0.008255799 Z: -0.002130529
D/MyActivity( 1555): Accelerometer: X: 0.16639702 Y :-0.10295067 Z: 10.433332
D/MyActivity( 1555): Magnetometer: X: -43.2 Y :27.0 Z: 17.34
D/MyActivity( 1555): Gyroscope: X: 0.006657903 Y :-0.01304949 Z: -0.0015978967
D/MyActivity( 1555): Accelerometer: X: 0.19093758 Y :-0.088585466 Z: 10.415376
D/MyActivity( 1555): Magnetometer: X: -43.2 Y :27.0 Z: 17.34
D/MyActivity( 1555): Gyroscope: X: 0.0053263223 Y :-0.00958738 Z: -0.0031957934
D/MyActivity( 1555): Accelerometer: X: 0.18674773 Y :-0.09696517 Z: 10.428544
D/MyActivity( 1555): Magnetometer: X: -43.2 Y :27.0 Z: 17.34
D/MyActivity( 1555): Gyroscope: X: 0.005060006 Y :-0.009853696 Z: -0.002396845
D/MyActivity( 1555): Accelerometer: X: 0.17836803 Y :-0.094570965 Z: 10.43872
D/MyActivity( 1555): Magnetometer: X: -43.2 Y :27.0 Z: 17.34
D/MyActivity( 1555): Gyroscope: X: 0.0055926386 Y :-0.006924219 Z: -0.0031957934
D/MyActivity( 1555): Accelerometer: X: 0.16938977 Y :-0.092775315 Z: 10.435128
D/MyActivity( 1555): Magnetometer: X: -43.2 Y :27.0 Z: 17.4
D/MyActivity( 1555): Gyroscope: X: 0.0061252704 Y :-0.008788432 Z: -0.0010652645
D/MyActivity( 1555): Accelerometer: X: 0.1592144 Y :-0.090381116 Z: 10.42196
D/MyActivity( 1555): Magnetometer: X: -43.2 Y :27.0 Z: 17.4
D/MyActivity( 1555): Gyroscope: X: 0.0055926386 Y :-0.010120012 Z: -0.002130529
E/SMD     (  298): DCD ON
D/MyActivity( 1555): Accelerometer: X: 0.19393034 Y :-0.08319851 Z: 10.433931
D/MyActivity( 1555): Magnetometer: X: -43.2 Y :26.94 Z: 17.4
D/MyActivity( 1555): Gyroscope: X: 0.004261058 Y :-0.011717909 Z: -0.0018642128
D/MyActivity( 1555): Accelerometer: X: 0.18674773 Y :-0.08319851 Z: 10.446501
D/MyActivity( 1555): Magnetometer: X: -43.2 Y :26.94 Z: 17.46
D/MyActivity( 1555): Gyroscope: X: 0.00479369 Y :-0.011984225 Z: -0.0018642128
D/MyActivity( 1555): Accelerometer: X: 0.17238252 Y :-0.092775315 Z: 10.436325
D/MyActivity( 1555): Magnetometer: X: -43.14 Y :26.94 Z: 17.46
D/MyActivity( 1555): Gyroscope: X: 0.0055926386 Y :-0.014114754 Z: -0.0018642128
D/MyActivity( 1555): Accelerometer: X: 0.15382746 Y :-0.08559271 Z: 10.427945
D/MyActivity( 1555): Magnetometer: X: -43.14 Y :26.94 Z: 17.52
D/MyActivity( 1555): Gyroscope: X: 0.0063915867 Y :-0.008788432 Z: -0.0015978967
D/MyActivity( 1555): Accelerometer: X: 0.17537527 Y :-0.075417355 Z: 10.435727
D/MyActivity( 1555): Magnetometer: X: -43.14 Y :26.94 Z: 17.52
D/MyActivity( 1555): Gyroscope: X: 0.004527374 Y :-0.007989483 Z: -0.0013315806
D/MyActivity( 1555): Accelerometer: X: 0.1945289 Y :-0.08559271 Z: 10.411784
D/MyActivity( 1555): Magnetometer: X: -43.14 Y :26.94 Z: 17.52
D/MyActivity( 1555): Gyroscope: X: 0.009054748 Y :-0.008255799 Z: -0.0029294773
D/MyActivity( 1555): Accelerometer: X: 0.17058687 Y :-0.08619126 Z: 10.436325
D/MyActivity( 1555): Magnetometer: X: -43.2 Y :26.94 Z: 17.58
D/MyActivity( 1555): Gyroscope: X: 0.0055926386 Y :-0.013582122 Z: -0.0034621095
D/MyActivity( 1555): Accelerometer: X: 0.15382746 Y :-0.0796072 Z: 10.443508
D/MyActivity( 1555): Magnetometer: X: -43.2 Y :26.94 Z: 17.58
D/MyActivity( 1555): Gyroscope: X: 0.00479369 Y :-0.011984225 Z: -0.0018642128
D/MyActivity( 1555): Accelerometer: X: 0.16101007 Y :-0.10235212 Z: 10.462063
D/MyActivity( 1555): Magnetometer: X: -43.14 Y :26.94 Z: 17.64
D/MyActivity( 1555): Gyroscope: X: 0.0061252704 Y :-0.010120012 Z: -0.002130529
D/MyActivity( 1555): Accelerometer: X: 0.15562311 Y :-0.089184016 Z: 10.42196
D/MyActivity( 1555): Magnetometer: X: -43.2 Y :26.94 Z: 17.64
D/MyActivity( 1555): Gyroscope: X: 0.005060006 Y :-0.008255799 Z: -0.0015978967
D/MyActivity( 1555): Accelerometer: X: 0.16340427 Y :-0.10235212 Z: 10.424355
D/MyActivity( 1555): Magnetometer: X: -43.14 Y :26.94 Z: 17.64
D/MyActivity( 1555): Gyroscope: X: 0.00479369 Y :-0.007456851 Z: -0.0015978967
D/MyActivity( 1555): Accelerometer: X: 0.16160862 Y :-0.09696517 Z: 10.421362
D/MyActivity( 1555): Magnetometer: X: -43.14 Y :26.94 Z: 17.7
D/MyActivity( 1555): Gyroscope: X: 0.0055926386 Y :-0.013582122 Z: -0.0026631611
D/MyActivity( 1555): Accelerometer: X: 0.19512744 Y :-0.089184016 Z: 10.447698
D/MyActivity( 1555): Magnetometer: X: -43.14 Y :26.94 Z: 17.7
D/MyActivity( 1555): Gyroscope: X: 0.0063915867 Y :-0.010918961 Z: -0.0015978967
D/MyActivity( 1555): Accelerometer: X: 0.17178397 Y :-0.09756372 Z: 10.4405155
D/MyActivity( 1555): Magnetometer: X: -43.14 Y :26.94 Z: 17.7
D/MyActivity( 1555): Gyroscope: X: 0.00479369 Y :-0.009054748 Z: -0.0018642128
D/MyActivity( 1555): Accelerometer: X: 0.1604115 Y :-0.092775315 Z: 10.45069
D/MyActivity( 1555): Magnetometer: X: -43.2 Y :27.0 Z: 17.7
D/MyActivity( 1555): Gyroscope: X: 0.0055926386 Y :-0.007190535 Z: -0.0013315806
D/MyActivity( 1555): Accelerometer: X: 0.15442601 Y :-0.079008654 Z: 10.439917
D/MyActivity( 1555): Magnetometer: X: -43.2 Y :27.0 Z: 17.7
D/MyActivity( 1555): Gyroscope: X: 0.005060006 Y :-0.0077231675 Z: -2.663161E-4
D/MyActivity( 1555): Accelerometer: X: 0.1604115 Y :-0.08080431 Z: 10.431537
D/MyActivity( 1555): Magnetometer: X: -43.2 Y :27.0 Z: 17.7
D/MyActivity( 1555): Gyroscope: X: 0.00479369 Y :-0.014114754 Z: -0.002396845
E/SMD     (  298): DCD ON
D/MyActivity( 1555): Accelerometer: X: 0.16819267 Y :-0.08798691 Z: 10.408792
D/MyActivity( 1555): Magnetometer: X: -43.2 Y :27.0 Z: 17.7
D/MyActivity( 1555): Gyroscope: X: 0.005060006 Y :-0.010918961 Z: -0.0013315806
D/MyActivity( 1555): Accelerometer: X: 0.17298107 Y :-0.10354923 Z: 10.433332
D/MyActivity( 1555): Magnetometer: X: -43.2 Y :27.0 Z: 17.76
D/MyActivity( 1555): Gyroscope: X: 0.0055926386 Y :-0.010918961 Z: -7.9894834E-4
D/MyActivity( 1555): Accelerometer: X: 0.17836803 Y :-0.08738836 Z: 10.450092
D/MyActivity( 1555): Magnetometer: X: -43.2 Y :27.0 Z: 17.7
D/MyActivity( 1555): Gyroscope: X: 0.0063915867 Y :-0.006657903 Z: -0.0026631611
D/MyActivity( 1555): Accelerometer: X: 0.17178397 Y :-0.09876082 Z: 10.426748
D/MyActivity( 1555): Magnetometer: X: -43.2 Y :27.0 Z: 17.7
D/MyActivity( 1555): Gyroscope: X: 0.005060006 Y :-0.0127831735 Z: -0.0010652645
D/SSRM:m  (  881): SIOP:: AP = 260, PST = 260, CUR = 450
D/MyActivity( 1555): Accelerometer: X: 0.18375498 Y :-0.08319851 Z: 10.428544
D/MyActivity( 1555): Magnetometer: X: -43.2 Y :27.0 Z: 17.7
D/MyActivity( 1555): Gyroscope: X: 0.0061252704 Y :-0.011717909 Z: -0.0037284256
D/MyActivity( 1555): Accelerometer: X: 0.18854338 Y :-0.08259996 Z: 10.465055
D/MyActivity( 1555): Magnetometer: X: -43.2 Y :27.0 Z: 17.64
D/MyActivity( 1555): Gyroscope: X: 0.006657903 Y :-0.0077231675 Z: -0.0026631611
D/MyActivity( 1555): Accelerometer: X: 0.17597382 Y :-0.088585466 Z: 10.4728365
D/MyActivity( 1555): Magnetometer: X: -43.2 Y :27.06 Z: 17.64
D/MyActivity( 1555): Gyroscope: X: 0.0063915867 Y :-0.00479369 Z: -0.0013315806
D/MyActivity( 1555): Accelerometer: X: 0.15382746 Y :-0.10115502 Z: 10.420164
D/MyActivity( 1555): Magnetometer: X: -43.2 Y :27.06 Z: 17.58
D/MyActivity( 1555): Gyroscope: X: 0.0053263223 Y :-0.008255799 Z: -0.002130529
D/MyActivity( 1555): Accelerometer: X: 0.19093758 Y :-0.0676362 Z: 10.453085
D/MyActivity( 1555): Magnetometer: X: -43.2 Y :27.06 Z: 17.58
D/MyActivity( 1555): Gyroscope: X: 0.0063915867 Y :-0.014647386 Z: -0.0031957934
D/MyActivity( 1555): Accelerometer: X: 0.17118542 Y :-0.088585466 Z: 10.459669
D/MyActivity( 1555): Magnetometer: X: -43.2 Y :27.06 Z: 17.52
D/MyActivity( 1555): Gyroscope: X: 0.007190535 Y :-0.011717909 Z: -0.0010652645
D/MyActivity( 1555): Accelerometer: X: 0.16879122 Y :-0.10594343 Z: 10.42196
D/MyActivity( 1555): Magnetometer: X: -43.2 Y :27.06 Z: 17.52
D/MyActivity( 1555): Gyroscope: X: 0.0061252704 Y :-0.006657903 Z: -0.0013315806
D/MyActivity( 1555): Accelerometer: X: 0.1933318 Y :-0.09636662 Z: 10.433931
D/MyActivity( 1555): Magnetometer: X: -43.2 Y :27.12 Z: 17.46
D/MyActivity( 1555): Gyroscope: X: 0.004527374 Y :-0.013848438 Z: -0.002396845
D/MyActivity( 1555): Accelerometer: X: 0.17597382 Y :-0.06823475 Z: 10.453683
D/MyActivity( 1555): Magnetometer: X: -43.2 Y :27.12 Z: 17.46
D/MyActivity( 1555): Gyroscope: X: 0.00479369 Y :-0.013582122 Z: -0.0034621095
D/MyActivity( 1555): Accelerometer: X: 0.16639702 Y :-0.076015905 Z: 10.462662
D/MyActivity( 1555): Magnetometer: X: -43.2 Y :27.12 Z: 17.4
D/MyActivity( 1555): Gyroscope: X: 0.00479369 Y :-0.011984225 Z: -0.0015978967
D/MyActivity( 1555): Accelerometer: X: 0.15562311 Y :-0.09696517 Z: 10.414778
D/MyActivity( 1555): Magnetometer: X: -43.2 Y :27.12 Z: 17.4
D/MyActivity( 1555): Gyroscope: X: 0.0053263223 Y :-0.012516857 Z: -0.0029294773
I/Finsky  (31079): [2507] com.google.android.finsky.bp.an.run(6): Stats for Executor: Db-frosting.db com.google.android.finsky.bp.ao@23bb870e[Running, pool size = 0, active threads = 0, queued tasks = 0, completed tasks = 4]
D/BatteryService(  881): level:55, scale:100, status:2, health:2, present:true, voltage: 4030, temperature: 271, technology: Li-ion, AC powered:false, USB powered:true, Wireless powered:false, icon:17303749, invalid charger:0
D/BatteryService(  881): online:4, current avg:450, charge type:1, power sharing:false, high voltage charger:false, capacity:280000
D/BatteryService(  881): Sending ACTION_BATTERY_CHANGED.
D/BatteryService(  881): stay LED for charging
D/MotionRecognitionService(  881):   mReceiver.onReceive : ACTION_BATTERY_CHANGED
I/MotionRecognitionService(  881): Plugged
I/MotionRecognitionService(  881): setPowerConnected  = true
D/KeyguardUpdateMonitor( 1188): received broadcast android.intent.action.BATTERY_CHANGED
D/KeyguardUpdateMonitor( 1188): handleBatteryUpdate
D/STATUSBAR-PhoneStatusBar( 1188):  mBrightnessEnablebySettings = true mBrightnessEnablebyBattery = true mBrightnessEnablebyDisableFlag = true mPmsBrightnessEnablebySettings = true
I/BusinessExecutor( 2176): registered Task#993 : PowerInfoEventSource$1
I/BusinessExecutor( 2176): Task#993 : #run() called
I/BusinessExecutor( 2176): Task#993 : #run() ended
D/MyActivity( 1555): Accelerometer: X: 0.15861586 Y :-0.08020575 Z: 10.424355
D/MyActivity( 1555): Magnetometer: X: -43.2 Y :27.12 Z: 17.34
D/BatteryMeterView( 1188): ACTION_BATTERY_CHANGED : level:55 status:2 health:2
D/BatteryMeterView( 1188): ACTION_BATTERY_CHANGED : level:55 status:2 health:2
D/MyActivity( 1555): Gyroscope: X: 0.00479369 Y :-0.010652645 Z: -0.0010652645
I/DBG_FMMDM( 5128): [50.20.150730][Line:931][onReceive] Batter Changed
D/BatteryMeterView( 1188): ACTION_BATTERY_CHANGED : level:55 status:2 health:2
D/SViewCoverView( 1188): BroadcastReceiver onReceive() : action : android.intent.action.BATTERY_CHANGED
D/SViewCoverView( 1188): level :55 plugged : 2
D/BatteryMeterView( 1188): ACTION_BATTERY_CHANGED : level:55 status:2 health:2
I/DBG_FMMDM( 5128): [50.20.150730][Line:1242][xlawmoAdpGetUltraBatteryLevel] cnt: 55
I/DBG_FMMDM( 5128): [50.20.150730][Line:1253][xlawmoAdpGetBatteryStatus] xlawmoAdpGetBatteryStatus
I/DBG_FMMDM( 5128): [50.20.150730][Line:1255][xlawmoAdpGetBatteryStatus] 
I/DBG_FMMDM( 5128): [50.20.150730][Line:1281][xlawmoAdpGetBatteryStatus] szBatteryStatus = CHARGING
I/DBG_FMMDM( 5128): [50.20.150730][Line:529][xdbLawmoGetExtLastLoactionSet] LastLoactionSet : 0
I/DBG_FMMDM( 5128): [50.20.150730][Line:360][xlawmoAdpGetLastLocationState] Device LastLocationMode state : 0
I/DBG_FMMDM( 5128): [50.20.150730][Line:839][xdmBroadcastBatteryInfo] Battery Flag : 0
I/DBG_FMMDM( 5128): [50.20.150730][Line:840][xdmBroadcastBatteryInfo] Battery szBatteryStatus : CHARGING
D/MyActivity( 1555): Accelerometer: X: 0.18794483 Y :-0.09756372 Z: 10.402806
D/MyActivity( 1555): Magnetometer: X: -43.2 Y :27.12 Z: 17.34
D/MyActivity( 1555): Gyroscope: X: 0.0053263223 Y :-0.008255799 Z: -0.0029294773
E/SMD     (  298): DCD ON
E/Watchdog(  881): !@Sync 336
D/MyActivity( 1555): Accelerometer: X: 0.17357962 Y :-0.090381116 Z: 10.425551
D/MyActivity( 1555): Magnetometer: X: -43.2 Y :27.12 Z: 17.28
D/MyActivity( 1555): Gyroscope: X: 0.0055926386 Y :-0.007456851 Z: -0.0015978967
D/MyActivity( 1555): Accelerometer: X: 0.16280572 Y :-0.09756372 Z: 10.423756
D/MyActivity( 1555): Magnetometer: X: -43.2 Y :27.12 Z: 17.28
D/MyActivity( 1555): Gyroscope: X: 0.006924219 Y :-0.015180019 Z: -0.002130529
D/MyActivity( 1555): Accelerometer: X: 0.16938977 Y :-0.07062895 Z: 10.411784
D/MyActivity( 1555): Magnetometer: X: -43.2 Y :27.12 Z: 17.28
D/MyActivity( 1555): Gyroscope: X: 0.00479369 Y :-0.011185277 Z: -0.0026631611
D/MyActivity( 1555): Accelerometer: X: 0.17298107 Y :-0.11492168 Z: 10.426748
D/MyActivity( 1555): Magnetometer: X: -43.2 Y :27.12 Z: 17.28
D/MyActivity( 1555): Gyroscope: X: 0.0058589545 Y :-0.006657903 Z: -7.9894834E-4
D/MyActivity( 1555): Accelerometer: X: 0.17178397 Y :-0.08678981 Z: 10.438121
D/MyActivity( 1555): Magnetometer: X: -43.2 Y :27.18 Z: 17.28
D/MyActivity( 1555): Gyroscope: X: 0.0055926386 Y :-0.011451593 Z: -0.0031957934
D/MyActivity( 1555): Accelerometer: X: 0.19093758 Y :-0.107140526 Z: 10.427945
D/MyActivity( 1555): Magnetometer: X: -43.2 Y :27.12 Z: 17.28
D/MyActivity( 1555): Gyroscope: X: 0.0061252704 Y :-0.007989483 Z: -0.0015978967
D/MyActivity( 1555): Accelerometer: X: 0.18435353 Y :-0.09995792 Z: 10.427347
D/MyActivity( 1555): Magnetometer: X: -43.2 Y :27.12 Z: 17.28
D/MyActivity( 1555): Gyroscope: X: 0.0061252704 Y :-0.007456851 Z: -0.002130529
D/MyActivity( 1555): Accelerometer: X: 0.18315643 Y :-0.09995792 Z: 10.442909
D/MyActivity( 1555): Magnetometer: X: -43.2 Y :27.12 Z: 17.28
D/MyActivity( 1555): Gyroscope: X: 0.0063915867 Y :-0.014114754 Z: -0.002130529
D/MyActivity( 1555): Accelerometer: X: 0.18016368 Y :-0.075417355 Z: 10.45907
D/MyActivity( 1555): Magnetometer: X: -43.2 Y :27.12 Z: 17.34
D/MyActivity( 1555): Gyroscope: X: 0.0058589545 Y :-0.010652645 Z: -0.002130529
D/MyActivity( 1555): Accelerometer: X: 0.16938977 Y :-0.074818805 Z: 10.472239
D/MyActivity( 1555): Magnetometer: X: -43.2 Y :27.06 Z: 17.34
D/MyActivity( 1555): Gyroscope: X: 0.0063915867 Y :-0.0077231675 Z: -0.0026631611
D/MyActivity( 1555): Accelerometer: X: 0.16460137 Y :-0.09816227 Z: 10.444705
D/MyActivity( 1555): Magnetometer: X: -43.2 Y :27.06 Z: 17.34
D/MyActivity( 1555): Gyroscope: X: 0.005060006 Y :-0.009853696 Z: -0.002130529
D/MyActivity( 1555): Accelerometer: X: 0.16879122 Y :-0.10654198 Z: 10.438121
D/MyActivity( 1555): Magnetometer: X: -43.2 Y :27.06 Z: 17.34
D/MyActivity( 1555): Gyroscope: X: 0.0039947415 Y :-0.00958738 Z: -5.326322E-4
I/Finsky  (31079): [2507] com.google.android.finsky.bp.an.run(6): Stats for Executor: Db-verify_apps.db com.google.android.finsky.bp.ao@1cd2f52f[Running, pool size = 0, active threads = 0, queued tasks = 0, completed tasks = 7]
D/MyActivity( 1555): Accelerometer: X: 0.17896658 Y :-0.08559271 Z: 10.405799
D/MyActivity( 1555): Magnetometer: X: -43.2 Y :27.0 Z: 17.34
D/MyActivity( 1555): Gyroscope: X: 0.00479369 Y :-0.008255799 Z: -0.0010652645
I/Finsky  (31079): [2507] com.google.android.finsky.bp.an.run(6): Stats for Executor: Db-notification_cache com.google.android.finsky.bp.ao@1de0e73c[Running, pool size = 0, active threads = 0, queued tasks = 0, completed tasks = 2]
D/MyActivity( 1555): Accelerometer: X: 0.16280572 Y :-0.092176765 Z: 10.429143
D/MyActivity( 1555): Magnetometer: X: -43.2 Y :27.0 Z: 17.34
D/MyActivity( 1555): Gyroscope: X: 0.004527374 Y :-0.010652645 Z: -0.0015978967
D/MyActivity( 1555): Accelerometer: X: 0.16639702 Y :-0.10115502 Z: 10.438121
D/MyActivity( 1555): Magnetometer: X: -43.2 Y :27.0 Z: 17.4
D/MyActivity( 1555): Gyroscope: X: 0.00479369 Y :-0.014647386 Z: -0.002130529
