--------- beginning of system
D/SViewCoverWidget( 1188): Weather changed action :android.intent.action.TIME_TICK
V/AlarmManager(  881): waitForAlarm result :4
D/WifiService(  881): acquireWifiLockLocked: WifiLock{NlpWifiLock type=2 binder=android.os.BinderProxy@df32744}
D/WifiService(  881): startScan by pid=1668, uid=10012
D/ActivityManager(  881): startService callerProcessName:com.google.android.gms, calleePkgName: com.google.android.gms
D/ActivityManager(  881): bindService callerProcessName:com.google.android.gms, calleePkgName: com.google.android.gms, action: com.google.android.gms.phenotype.service.START
D/ActivityManager(  881): bindService callerProcessName:com.google.android.gms, calleePkgName: com.google.android.gms, action: com.google.android.gms.clearcut.service.START
D/ActivityManager(  881): bindService callerProcessName:com.google.android.gms, calleePkgName: com.google.android.gms, action: com.google.android.gms.udc.service.START
D/ActivityManager(  881): bindService callerProcessName:com.google.android.gms, calleePkgName: com.google.android.gms, action: com.google.android.contextmanager.service.ContextManagerService.START
D/ConnectivityService(  881): returning getActiveNetworkInfo :[type: WIFI[] - WIFI, state: CONNECTED/CONNECTED, reason: (unspecified), extra: "TangGarMong", roaming: false, failover: false, isAvailable: true, isConnectedToProvisioningNetwork: false]
D/SSRM:m  (  881): SIOP:: AP = 270, PST = 272, CUR = 450
I/Nat464Xlat(  881): interfaceLinkStateChanged wlan0, true
I/CLocInfoService(  881): External Intent Received android.net.wifi.SCAN_RESULTS
D/WifiService(  881): releaseWifiLockLocked: WifiLock{NlpWifiLock type=2 binder=android.os.BinderProxy@df32744}
D/BatteryService(  881): level:51, scale:100, status:2, health:2, present:true, voltage: 4001, temperature: 271, technology: Li-ion, AC powered:false, USB powered:true, Wireless powered:false, icon:17303749, invalid charger:0
D/BatteryService(  881): online:4, current avg:450, charge type:1, power sharing:false, high voltage charger:false, capacity:280000
D/BatteryService(  881): stay LED for charging
D/BatteryService(  881): Sending ACTION_BATTERY_CHANGED.
D/MotionRecognitionService(  881):   mReceiver.onReceive : ACTION_BATTERY_CHANGED
I/MotionRecognitionService(  881): Plugged
I/MotionRecognitionService(  881): setPowerConnected  = true
D/STATUSBAR-PhoneStatusBar( 1188):  mBrightnessEnablebySettings = true mBrightnessEnablebyBattery = true mBrightnessEnablebyDisableFlag = true mPmsBrightnessEnablebySettings = true
D/BatteryMeterView( 1188): ACTION_BATTERY_CHANGED : level:51 status:2 health:2
D/BatteryMeterView( 1188): ACTION_BATTERY_CHANGED : level:51 status:2 health:2
D/BatteryMeterView( 1188): ACTION_BATTERY_CHANGED : level:51 status:2 health:2
D/SViewCoverView( 1188): BroadcastReceiver onReceive() : action : android.intent.action.BATTERY_CHANGED
D/SViewCoverView( 1188): level :51 plugged : 2
D/BatteryMeterView( 1188): ACTION_BATTERY_CHANGED : level:51 status:2 health:2
E/Watchdog(  881): !@Sync 324
D/ConnectivityService(  881): returning getActiveNetworkInfo :[type: WIFI[] - WIFI, state: CONNECTED/CONNECTED, reason: (unspecified), extra: "TangGarMong", roaming: false, failover: false, isAvailable: true, isConnectedToProvisioningNetwork: false]
D/SSRM:m  (  881): SIOP:: AP = 270, PST = 272, CUR = 450
D/BatteryService(  881): level:51, scale:100, status:2, health:2, present:true, voltage: 4015, temperature: 271, technology: Li-ion, AC powered:false, USB powered:true, Wireless powered:false, icon:17303749, invalid charger:0
D/BatteryService(  881): online:4, current avg:450, charge type:1, power sharing:false, high voltage charger:false, capacity:280000
D/BatteryService(  881): Sending ACTION_BATTERY_CHANGED.
D/MotionRecognitionService(  881):   mReceiver.onReceive : ACTION_BATTERY_CHANGED
D/BatteryService(  881): stay LED for charging
I/MotionRecognitionService(  881): Plugged
I/MotionRecognitionService(  881): setPowerConnected  = true
D/STATUSBAR-PhoneStatusBar( 1188):  mBrightnessEnablebySettings = true mBrightnessEnablebyBattery = true mBrightnessEnablebyDisableFlag = true mPmsBrightnessEnablebySettings = true
D/BatteryMeterView( 1188): ACTION_BATTERY_CHANGED : level:51 status:2 health:2
D/BatteryMeterView( 1188): ACTION_BATTERY_CHANGED : level:51 status:2 health:2
D/BatteryMeterView( 1188): ACTION_BATTERY_CHANGED : level:51 status:2 health:2
D/SViewCoverView( 1188): BroadcastReceiver onReceive() : action : android.intent.action.BATTERY_CHANGED
D/SViewCoverView( 1188): level :51 plugged : 2
D/BatteryMeterView( 1188): ACTION_BATTERY_CHANGED : level:51 status:2 health:2
V/AlarmManager(  881): waitForAlarm result :8
D/SSRM:m  (  881): SIOP:: AP = 260, PST = 272, CUR = 450
D/BatteryService(  881): level:52, scale:100, status:2, health:2, present:true, voltage: 4015, temperature: 271, technology: Li-ion, AC powered:false, USB powered:true, Wireless powered:false, icon:17303749, invalid charger:0
D/BatteryService(  881): online:4, current avg:450, charge type:1, power sharing:false, high voltage charger:false, capacity:280000
D/BatteryService(  881): Sending ACTION_BATTERY_CHANGED.
D/MotionRecognitionService(  881):   mReceiver.onReceive : ACTION_BATTERY_CHANGED
D/BatteryService(  881): stay LED for charging
I/MotionRecognitionService(  881): Plugged
I/MotionRecognitionService(  881): setPowerConnected  = true
D/STATUSBAR-PhoneStatusBar( 1188):  mBrightnessEnablebySettings = true mBrightnessEnablebyBattery = true mBrightnessEnablebyDisableFlag = true mPmsBrightnessEnablebySettings = true
D/ConnectivityService(  881): returning getNetworkInfo(networkType - 1) :[type: WIFI[] - WIFI, state: CONNECTED/CONNECTED, reason: (unspecified), extra: "TangGarMong", roaming: false, failover: false, isAvailable: true, isConnectedToProvisioningNetwork: false]
D/BatteryMeterView( 1188): ACTION_BATTERY_CHANGED : level:52 status:2 health:2
D/BatteryMeterView( 1188): ACTION_BATTERY_CHANGED : level:52 status:2 health:2
D/BatteryMeterView( 1188): ACTION_BATTERY_CHANGED : level:52 status:2 health:2
D/SViewCoverView( 1188): BroadcastReceiver onReceive() : action : android.intent.action.BATTERY_CHANGED
D/SViewCoverView( 1188): level :52 plugged : 2
D/BatteryMeterView( 1188): ACTION_BATTERY_CHANGED : level:52 status:2 health:2
D/ConnectivityService(  881): returning getNetworkInfo(networkType - 1) :[type: WIFI[] - WIFI, state: CONNECTED/CONNECTED, reason: (unspecified), extra: "TangGarMong", roaming: false, failover: false, isAvailable: true, isConnectedToProvisioningNetwork: false]
D/ConnectivityService(  881): returning getNetworkInfo(networkType - 1) :[type: WIFI[] - WIFI, state: CONNECTED/CONNECTED, reason: (unspecified), extra: "TangGarMong", roaming: false, failover: false, isAvailable: true, isConnectedToProvisioningNetwork: false]
D/SSRM:m  (  881): SIOP:: AP = 260, PST = 272, CUR = 450
D/BatteryService(  881): level:52, scale:100, status:2, health:2, present:true, voltage: 4017, temperature: 271, technology: Li-ion, AC powered:false, USB powered:true, Wireless powered:false, icon:17303749, invalid charger:0
D/BatteryService(  881): online:4, current avg:450, charge type:1, power sharing:false, high voltage charger:false, capacity:280000
D/BatteryService(  881): Sending ACTION_BATTERY_CHANGED.
D/MotionRecognitionService(  881):   mReceiver.onReceive : ACTION_BATTERY_CHANGED
I/MotionRecognitionService(  881): Plugged
I/MotionRecognitionService(  881): setPowerConnected  = true
D/BatteryService(  881): stay LED for charging
D/STATUSBAR-PhoneStatusBar( 1188):  mBrightnessEnablebySettings = true mBrightnessEnablebyBattery = true mBrightnessEnablebyDisableFlag = true mPmsBrightnessEnablebySettings = true
D/BatteryMeterView( 1188): ACTION_BATTERY_CHANGED : level:52 status:2 health:2
D/BatteryMeterView( 1188): ACTION_BATTERY_CHANGED : level:52 status:2 health:2
D/BatteryMeterView( 1188): ACTION_BATTERY_CHANGED : level:52 status:2 health:2
D/SViewCoverView( 1188): BroadcastReceiver onReceive() : action : android.intent.action.BATTERY_CHANGED
D/SViewCoverView( 1188): level :52 plugged : 2
D/BatteryMeterView( 1188): ACTION_BATTERY_CHANGED : level:52 status:2 health:2
E/Watchdog(  881): !@Sync 325
D/SSRM:m  (  881): SIOP:: AP = 260, PST = 269, CUR = 450
D/BatteryService(  881): level:52, scale:100, status:2, health:2, present:true, voltage: 4015, temperature: 271, technology: Li-ion, AC powered:false, USB powered:true, Wireless powered:false, icon:17303749, invalid charger:0
D/BatteryService(  881): online:4, current avg:450, charge type:1, power sharing:false, high voltage charger:false, capacity:280000
D/BatteryService(  881): Sending ACTION_BATTERY_CHANGED.
D/MotionRecognitionService(  881):   mReceiver.onReceive : ACTION_BATTERY_CHANGED
I/MotionRecognitionService(  881): Plugged
I/MotionRecognitionService(  881): setPowerConnected  = true
D/BatteryService(  881): stay LED for charging
D/STATUSBAR-PhoneStatusBar( 1188):  mBrightnessEnablebySettings = true mBrightnessEnablebyBattery = true mBrightnessEnablebyDisableFlag = true mPmsBrightnessEnablebySettings = true
D/BatteryMeterView( 1188): ACTION_BATTERY_CHANGED : level:52 status:2 health:2
D/BatteryMeterView( 1188): ACTION_BATTERY_CHANGED : level:52 status:2 health:2
D/BatteryMeterView( 1188): ACTION_BATTERY_CHANGED : level:52 status:2 health:2
D/SViewCoverView( 1188): BroadcastReceiver onReceive() : action : android.intent.action.BATTERY_CHANGED
D/SViewCoverView( 1188): level :52 plugged : 2
D/BatteryMeterView( 1188): ACTION_BATTERY_CHANGED : level:52 status:2 health:2
D/SSRM:m  (  881): SIOP:: AP = 260, PST = 268, CUR = 450
D/BatteryService(  881): level:52, scale:100, status:2, health:2, present:true, voltage: 4017, temperature: 271, technology: Li-ion, AC powered:false, USB powered:true, Wireless powered:false, icon:17303749, invalid charger:0
D/BatteryService(  881): online:4, current avg:450, charge type:1, power sharing:false, high voltage charger:false, capacity:280000
D/BatteryService(  881): Sending ACTION_BATTERY_CHANGED.
D/MotionRecognitionService(  881):   mReceiver.onReceive : ACTION_BATTERY_CHANGED
I/MotionRecognitionService(  881): Plugged
I/MotionRecognitionService(  881): setPowerConnected  = true
D/BatteryService(  881): stay LED for charging
D/STATUSBAR-PhoneStatusBar( 1188):  mBrightnessEnablebySettings = true mBrightnessEnablebyBattery = true mBrightnessEnablebyDisableFlag = true mPmsBrightnessEnablebySettings = true
D/BatteryMeterView( 1188): ACTION_BATTERY_CHANGED : level:52 status:2 health:2
D/BatteryMeterView( 1188): ACTION_BATTERY_CHANGED : level:52 status:2 health:2
D/BatteryMeterView( 1188): ACTION_BATTERY_CHANGED : level:52 status:2 health:2
D/SViewCoverView( 1188): BroadcastReceiver onReceive() : action : android.intent.action.BATTERY_CHANGED
D/SViewCoverView( 1188): level :52 plugged : 2
D/BatteryMeterView( 1188): ACTION_BATTERY_CHANGED : level:52 status:2 health:2
V/AlarmManager(  881): waitForAlarm result :8
D/SSRM:m  (  881): SIOP:: AP = 260, PST = 268, CUR = 450
D/BatteryService(  881): level:52, scale:100, status:2, health:2, present:true, voltage: 4013, temperature: 271, technology: Li-ion, AC powered:false, USB powered:true, Wireless powered:false, icon:17303749, invalid charger:0
D/BatteryService(  881): online:4, current avg:450, charge type:1, power sharing:false, high voltage charger:false, capacity:280000
D/BatteryService(  881): Sending ACTION_BATTERY_CHANGED.
D/MotionRecognitionService(  881):   mReceiver.onReceive : ACTION_BATTERY_CHANGED
I/MotionRecognitionService(  881): Plugged
I/MotionRecognitionService(  881): setPowerConnected  = true
D/BatteryService(  881): stay LED for charging
D/STATUSBAR-PhoneStatusBar( 1188):  mBrightnessEnablebySettings = true mBrightnessEnablebyBattery = true mBrightnessEnablebyDisableFlag = true mPmsBrightnessEnablebySettings = true
D/BatteryMeterView( 1188): ACTION_BATTERY_CHANGED : level:52 status:2 health:2
D/BatteryMeterView( 1188): ACTION_BATTERY_CHANGED : level:52 status:2 health:2
D/BatteryMeterView( 1188): ACTION_BATTERY_CHANGED : level:52 status:2 health:2
D/SViewCoverView( 1188): BroadcastReceiver onReceive() : action : android.intent.action.BATTERY_CHANGED
D/SViewCoverView( 1188): level :52 plugged : 2
D/BatteryMeterView( 1188): ACTION_BATTERY_CHANGED : level:52 status:2 health:2
E/Watchdog(  881): !@Sync 326
D/SSRM:m  (  881): SIOP:: AP = 260, PST = 265, CUR = 450
D/BatteryService(  881): level:52, scale:100, status:2, health:2, present:true, voltage: 4016, temperature: 271, technology: Li-ion, AC powered:false, USB powered:true, Wireless powered:false, icon:17303749, invalid charger:0
D/BatteryService(  881): online:4, current avg:450, charge type:1, power sharing:false, high voltage charger:false, capacity:280000
D/BatteryService(  881): Sending ACTION_BATTERY_CHANGED.
D/MotionRecognitionService(  881):   mReceiver.onReceive : ACTION_BATTERY_CHANGED
I/MotionRecognitionService(  881): Plugged
I/MotionRecognitionService(  881): setPowerConnected  = true
D/BatteryService(  881): stay LED for charging
D/STATUSBAR-PhoneStatusBar( 1188):  mBrightnessEnablebySettings = true mBrightnessEnablebyBattery = true mBrightnessEnablebyDisableFlag = true mPmsBrightnessEnablebySettings = true
D/BatteryMeterView( 1188): ACTION_BATTERY_CHANGED : level:52 status:2 health:2
D/BatteryMeterView( 1188): ACTION_BATTERY_CHANGED : level:52 status:2 health:2
D/BatteryMeterView( 1188): ACTION_BATTERY_CHANGED : level:52 status:2 health:2
D/SViewCoverView( 1188): BroadcastReceiver onReceive() : action : android.intent.action.BATTERY_CHANGED
D/SViewCoverView( 1188): level :52 plugged : 2
D/BatteryMeterView( 1188): ACTION_BATTERY_CHANGED : level:52 status:2 health:2
D/SSRM:m  (  881): SIOP:: AP = 260, PST = 263, CUR = 450
D/BatteryService(  881): level:52, scale:100, status:2, health:2, present:true, voltage: 4020, temperature: 271, technology: Li-ion, AC powered:false, USB powered:true, Wireless powered:false, icon:17303749, invalid charger:0
D/BatteryService(  881): online:4, current avg:450, charge type:1, power sharing:false, high voltage charger:false, capacity:280000
D/BatteryService(  881): Sending ACTION_BATTERY_CHANGED.
D/MotionRecognitionService(  881):   mReceiver.onReceive : ACTION_BATTERY_CHANGED
I/MotionRecognitionService(  881): Plugged
I/MotionRecognitionService(  881): setPowerConnected  = true
D/BatteryService(  881): stay LED for charging
D/STATUSBAR-PhoneStatusBar( 1188):  mBrightnessEnablebySettings = true mBrightnessEnablebyBattery = true mBrightnessEnablebyDisableFlag = true mPmsBrightnessEnablebySettings = true
D/BatteryMeterView( 1188): ACTION_BATTERY_CHANGED : level:52 status:2 health:2
D/BatteryMeterView( 1188): ACTION_BATTERY_CHANGED : level:52 status:2 health:2
D/BatteryMeterView( 1188): ACTION_BATTERY_CHANGED : level:52 status:2 health:2
D/SViewCoverView( 1188): BroadcastReceiver onReceive() : action : android.intent.action.BATTERY_CHANGED
D/SViewCoverView( 1188): level :52 plugged : 2
D/BatteryMeterView( 1188): ACTION_BATTERY_CHANGED : level:52 status:2 health:2
I/PowerManagerService(  881): [PWL] Off : 1380s ago
D/SSRM:m  (  881): SIOP:: AP = 260, PST = 262, CUR = 450
D/BatteryService(  881): level:52, scale:100, status:2, health:2, present:true, voltage: 4017, temperature: 271, technology: Li-ion, AC powered:false, USB powered:true, Wireless powered:false, icon:17303749, invalid charger:0
D/BatteryService(  881): online:4, current avg:450, charge type:1, power sharing:false, high voltage charger:false, capacity:280000
D/BatteryService(  881): Sending ACTION_BATTERY_CHANGED.
D/MotionRecognitionService(  881):   mReceiver.onReceive : ACTION_BATTERY_CHANGED
D/BatteryService(  881): stay LED for charging
I/MotionRecognitionService(  881): Plugged
I/MotionRecognitionService(  881): setPowerConnected  = true
D/STATUSBAR-PhoneStatusBar( 1188):  mBrightnessEnablebySettings = true mBrightnessEnablebyBattery = true mBrightnessEnablebyDisableFlag = true mPmsBrightnessEnablebySettings = true
D/BatteryMeterView( 1188): ACTION_BATTERY_CHANGED : level:52 status:2 health:2
D/BatteryMeterView( 1188): ACTION_BATTERY_CHANGED : level:52 status:2 health:2
D/BatteryMeterView( 1188): ACTION_BATTERY_CHANGED : level:52 status:2 health:2
D/SViewCoverView( 1188): BroadcastReceiver onReceive() : action : android.intent.action.BATTERY_CHANGED
D/SViewCoverView( 1188): level :52 plugged : 2
D/BatteryMeterView( 1188): ACTION_BATTERY_CHANGED : level:52 status:2 health:2
E/Watchdog(  881): !@Sync 327
D/SSRM:m  (  881): SIOP:: AP = 260, PST = 261, CUR = 450
D/SSRM:m  (  881): SIOP:: AP = 260, PST = 260, CUR = 450
V/AlarmManager(  881): waitForAlarm result :4
D/BatteryService(  881): level:52, scale:100, status:2, health:2, present:true, voltage: 4020, temperature: 271, technology: Li-ion, AC powered:false, USB powered:true, Wireless powered:false, icon:17303749, invalid charger:0
D/BatteryService(  881): online:4, current avg:450, charge type:1, power sharing:false, high voltage charger:false, capacity:280000
D/BatteryService(  881): stay LED for charging
D/BatteryService(  881): Sending ACTION_BATTERY_CHANGED.
D/STATUSBAR-PhoneStatusBar( 1188):  mBrightnessEnablebySettings = true mBrightnessEnablebyBattery = true mBrightnessEnablebyDisableFlag = true mPmsBrightnessEnablebySettings = true
D/MotionRecognitionService(  881):   mReceiver.onReceive : ACTION_BATTERY_CHANGED
I/MotionRecognitionService(  881): Plugged
I/MotionRecognitionService(  881): setPowerConnected  = true
D/BatteryMeterView( 1188): ACTION_BATTERY_CHANGED : level:52 status:2 health:2
D/BatteryMeterView( 1188): ACTION_BATTERY_CHANGED : level:52 status:2 health:2
D/BatteryMeterView( 1188): ACTION_BATTERY_CHANGED : level:52 status:2 health:2
D/SViewCoverView( 1188): BroadcastReceiver onReceive() : action : android.intent.action.BATTERY_CHANGED
D/SViewCoverView( 1188): level :52 plugged : 2
D/BatteryMeterView( 1188): ACTION_BATTERY_CHANGED : level:52 status:2 health:2
D/ActivityManager(  881): startService callerProcessName:com.google.android.gms, calleePkgName: com.google.android.gms
D/ActivityManager(  881): bindService callerProcessName:com.google.android.gms, calleePkgName: com.google.android.gms, action: com.google.android.gms.clearcut.service.START
D/ActivityManager(  881): bindService callerProcessName:com.google.android.gms, calleePkgName: com.google.android.gms, action: com.google.android.gms.phenotype.service.START
D/ActivityManager(  881): bindService callerProcessName:com.google.android.gms, calleePkgName: com.google.android.gms, action: com.google.android.gms.udc.service.START
D/ActivityManager(  881): bindService callerProcessName:com.google.android.gms, calleePkgName: com.google.android.gms, action: com.google.android.contextmanager.service.ContextManagerService.START
D/ActivityManager(  881): startService callerProcessName:com.sec.android.GeoLookout, calleePkgName: com.sec.android.GeoLookout
D/ConnectivityService(  881): returning getActiveNetworkInfo :[type: WIFI[] - WIFI, state: CONNECTED/CONNECTED, reason: (unspecified), extra: "TangGarMong", roaming: false, failover: false, isAvailable: true, isConnectedToProvisioningNetwork: false]
D/SViewCoverWidget( 1188): initClock() : TimeZone =libcore.util.ZoneInfo[id="Europe/London",mRawOffset=0,mEarliestRawOffset=0,mUseDst=true,mDstSavings=3600000,transitions=242]
D/SViewCoverWidget( 1188): initClock() : TimeZone =libcore.util.ZoneInfo[id="Europe/London",mRawOffset=0,mEarliestRawOffset=0,mUseDst=true,mDstSavings=3600000,transitions=242]
D/SViewCoverWidget( 1188): Weather changed action :android.intent.action.TIME_TICK
D/SSRM:m  (  881): SIOP:: AP = 260, PST = 260, CUR = 450
D/BatteryService(  881): level:53, scale:100, status:2, health:2, present:true, voltage: 4018, temperature: 271, technology: Li-ion, AC powered:false, USB powered:true, Wireless powered:false, icon:17303749, invalid charger:0
D/BatteryService(  881): online:4, current avg:450, charge type:1, power sharing:false, high voltage charger:false, capacity:280000
D/BatteryService(  881): Sending ACTION_BATTERY_CHANGED.
D/MotionRecognitionService(  881):   mReceiver.onReceive : ACTION_BATTERY_CHANGED
I/MotionRecognitionService(  881): Plugged
I/MotionRecognitionService(  881): setPowerConnected  = true
D/BatteryService(  881): stay LED for charging
D/STATUSBAR-PhoneStatusBar( 1188):  mBrightnessEnablebySettings = true mBrightnessEnablebyBattery = true mBrightnessEnablebyDisableFlag = true mPmsBrightnessEnablebySettings = true
D/ConnectivityService(  881): returning getNetworkInfo(networkType - 1) :[type: WIFI[] - WIFI, state: CONNECTED/CONNECTED, reason: (unspecified), extra: "TangGarMong", roaming: false, failover: false, isAvailable: true, isConnectedToProvisioningNetwork: false]
D/BatteryMeterView( 1188): ACTION_BATTERY_CHANGED : level:53 status:2 health:2
D/BatteryMeterView( 1188): ACTION_BATTERY_CHANGED : level:53 status:2 health:2
D/BatteryMeterView( 1188): ACTION_BATTERY_CHANGED : level:53 status:2 health:2
D/SViewCoverView( 1188): BroadcastReceiver onReceive() : action : android.intent.action.BATTERY_CHANGED
D/SViewCoverView( 1188): level :53 plugged : 2
D/BatteryMeterView( 1188): ACTION_BATTERY_CHANGED : level:53 status:2 health:2
D/ConnectivityService(  881): returning getNetworkInfo(networkType - 1) :[type: WIFI[] - WIFI, state: CONNECTED/CONNECTED, reason: (unspecified), extra: "TangGarMong", roaming: false, failover: false, isAvailable: true, isConnectedToProvisioningNetwork: false]
D/ConnectivityService(  881): returning getNetworkInfo(networkType - 1) :[type: WIFI[] - WIFI, state: CONNECTED/CONNECTED, reason: (unspecified), extra: "TangGarMong", roaming: false, failover: false, isAvailable: true, isConnectedToProvisioningNetwork: false]
E/Watchdog(  881): !@Sync 328
D/SSRM:m  (  881): SIOP:: AP = 260, PST = 260, CUR = 450
D/BatteryService(  881): level:53, scale:100, status:2, health:2, present:true, voltage: 4020, temperature: 271, technology: Li-ion, AC powered:false, USB powered:true, Wireless powered:false, icon:17303749, invalid charger:0
D/BatteryService(  881): online:4, current avg:450, charge type:1, power sharing:false, high voltage charger:false, capacity:280000
D/BatteryService(  881): Sending ACTION_BATTERY_CHANGED.
D/MotionRecognitionService(  881):   mReceiver.onReceive : ACTION_BATTERY_CHANGED
I/MotionRecognitionService(  881): Plugged
I/MotionRecognitionService(  881): setPowerConnected  = true
D/BatteryService(  881): stay LED for charging
D/STATUSBAR-PhoneStatusBar( 1188):  mBrightnessEnablebySettings = true mBrightnessEnablebyBattery = true mBrightnessEnablebyDisableFlag = true mPmsBrightnessEnablebySettings = true
D/BatteryMeterView( 1188): ACTION_BATTERY_CHANGED : level:53 status:2 health:2
D/BatteryMeterView( 1188): ACTION_BATTERY_CHANGED : level:53 status:2 health:2
D/BatteryMeterView( 1188): ACTION_BATTERY_CHANGED : level:53 status:2 health:2
D/SViewCoverView( 1188): BroadcastReceiver onReceive() : action : android.intent.action.BATTERY_CHANGED
D/SViewCoverView( 1188): level :53 plugged : 2
D/BatteryMeterView( 1188): ACTION_BATTERY_CHANGED : level:53 status:2 health:2
V/AlarmManager(  881): waitForAlarm result :8
D/SSRM:m  (  881): SIOP:: AP = 260, PST = 260, CUR = 450
D/BatteryService(  881): level:53, scale:100, status:2, health:2, present:true, voltage: 4016, temperature: 271, technology: Li-ion, AC powered:false, USB powered:true, Wireless powered:false, icon:17303749, invalid charger:0
D/BatteryService(  881): online:4, current avg:450, charge type:1, power sharing:false, high voltage charger:false, capacity:280000
D/BatteryService(  881): Sending ACTION_BATTERY_CHANGED.
D/MotionRecognitionService(  881):   mReceiver.onReceive : ACTION_BATTERY_CHANGED
I/MotionRecognitionService(  881): Plugged
I/MotionRecognitionService(  881): setPowerConnected  = true
D/BatteryService(  881): stay LED for charging
D/STATUSBAR-PhoneStatusBar( 1188):  mBrightnessEnablebySettings = true mBrightnessEnablebyBattery = true mBrightnessEnablebyDisableFlag = true mPmsBrightnessEnablebySettings = true
D/BatteryMeterView( 1188): ACTION_BATTERY_CHANGED : level:53 status:2 health:2
D/BatteryMeterView( 1188): ACTION_BATTERY_CHANGED : level:53 status:2 health:2
D/BatteryMeterView( 1188): ACTION_BATTERY_CHANGED : level:53 status:2 health:2
D/SViewCoverView( 1188): BroadcastReceiver onReceive() : action : android.intent.action.BATTERY_CHANGED
D/SViewCoverView( 1188): level :53 plugged : 2
D/BatteryMeterView( 1188): ACTION_BATTERY_CHANGED : level:53 status:2 health:2
D/SSRM:m  (  881): SIOP:: AP = 260, PST = 260, CUR = 450
D/BatteryService(  881): level:53, scale:100, status:2, health:2, present:true, voltage: 4020, temperature: 271, technology: Li-ion, AC powered:false, USB powered:true, Wireless powered:false, icon:17303749, invalid charger:0
D/BatteryService(  881): online:4, current avg:450, charge type:1, power sharing:false, high voltage charger:false, capacity:280000
D/BatteryService(  881): Sending ACTION_BATTERY_CHANGED.
D/BatteryService(  881): stay LED for charging
D/MotionRecognitionService(  881):   mReceiver.onReceive : ACTION_BATTERY_CHANGED
I/MotionRecognitionService(  881): Plugged
I/MotionRecognitionService(  881): setPowerConnected  = true
D/STATUSBAR-PhoneStatusBar( 1188):  mBrightnessEnablebySettings = true mBrightnessEnablebyBattery = true mBrightnessEnablebyDisableFlag = true mPmsBrightnessEnablebySettings = true
D/BatteryMeterView( 1188): ACTION_BATTERY_CHANGED : level:53 status:2 health:2
D/BatteryMeterView( 1188): ACTION_BATTERY_CHANGED : level:53 status:2 health:2
D/BatteryMeterView( 1188): ACTION_BATTERY_CHANGED : level:53 status:2 health:2
D/SViewCoverView( 1188): BroadcastReceiver onReceive() : action : android.intent.action.BATTERY_CHANGED
D/SViewCoverView( 1188): level :53 plugged : 2
D/BatteryMeterView( 1188): ACTION_BATTERY_CHANGED : level:53 status:2 health:2
E/Watchdog(  881): !@Sync 329
D/SSRM:m  (  881): SIOP:: AP = 260, PST = 260, CUR = 450
D/BatteryService(  881): level:53, scale:100, status:2, health:2, present:true, voltage: 4018, temperature: 271, technology: Li-ion, AC powered:false, USB powered:true, Wireless powered:false, icon:17303749, invalid charger:0
D/BatteryService(  881): online:4, current avg:450, charge type:1, power sharing:false, high voltage charger:false, capacity:280000
D/BatteryService(  881): stay LED for charging
D/BatteryService(  881): Sending ACTION_BATTERY_CHANGED.
D/MotionRecognitionService(  881):   mReceiver.onReceive : ACTION_BATTERY_CHANGED
I/MotionRecognitionService(  881): Plugged
I/MotionRecognitionService(  881): setPowerConnected  = true
D/STATUSBAR-PhoneStatusBar( 1188):  mBrightnessEnablebySettings = true mBrightnessEnablebyBattery = true mBrightnessEnablebyDisableFlag = true mPmsBrightnessEnablebySettings = true
D/BatteryMeterView( 1188): ACTION_BATTERY_CHANGED : level:53 status:2 health:2
D/BatteryMeterView( 1188): ACTION_BATTERY_CHANGED : level:53 status:2 health:2
D/BatteryMeterView( 1188): ACTION_BATTERY_CHANGED : level:53 status:2 health:2
D/SViewCoverView( 1188): BroadcastReceiver onReceive() : action : android.intent.action.BATTERY_CHANGED
D/SViewCoverView( 1188): level :53 plugged : 2
D/BatteryMeterView( 1188): ACTION_BATTERY_CHANGED : level:53 status:2 health:2
D/SSRM:m  (  881): SIOP:: AP = 260, PST = 260, CUR = 450
D/BatteryService(  881): level:53, scale:100, status:2, health:2, present:true, voltage: 4020, temperature: 271, technology: Li-ion, AC powered:false, USB powered:true, Wireless powered:false, icon:17303749, invalid charger:0
D/BatteryService(  881): online:4, current avg:450, charge type:1, power sharing:false, high voltage charger:false, capacity:280000
D/BatteryService(  881): Sending ACTION_BATTERY_CHANGED.
D/MotionRecognitionService(  881):   mReceiver.onReceive : ACTION_BATTERY_CHANGED
I/MotionRecognitionService(  881): Plugged
I/MotionRecognitionService(  881): setPowerConnected  = true
D/BatteryService(  881): stay LED for charging
D/STATUSBAR-PhoneStatusBar( 1188):  mBrightnessEnablebySettings = true mBrightnessEnablebyBattery = true mBrightnessEnablebyDisableFlag = true mPmsBrightnessEnablebySettings = true
D/BatteryMeterView( 1188): ACTION_BATTERY_CHANGED : level:53 status:2 health:2
D/BatteryMeterView( 1188): ACTION_BATTERY_CHANGED : level:53 status:2 health:2
D/BatteryMeterView( 1188): ACTION_BATTERY_CHANGED : level:53 status:2 health:2
D/SViewCoverView( 1188): BroadcastReceiver onReceive() : action : android.intent.action.BATTERY_CHANGED
D/SViewCoverView( 1188): level :53 plugged : 2
D/BatteryMeterView( 1188): ACTION_BATTERY_CHANGED : level:53 status:2 health:2
V/AlarmManager(  881): waitForAlarm result :8
D/TimaService(  881): TIMA: TimaService scheduler is intialized. 
D/TimaService(  881): TIMA: checkEvent, operation: 50000 subject: 10000
D/TimaService(  881): TimaServiceHandler.handleMessage what =1
D/SSRM:m  (  881): SIOP:: AP = 260, PST = 260, CUR = 450
D/BatteryService(  881): level:53, scale:100, status:2, health:2, present:true, voltage: 4007, temperature: 271, technology: Li-ion, AC powered:false, USB powered:true, Wireless powered:false, icon:17303749, invalid charger:0
D/BatteryService(  881): online:4, current avg:450, charge type:1, power sharing:false, high voltage charger:false, capacity:280000
D/BatteryService(  881): Sending ACTION_BATTERY_CHANGED.
D/BatteryService(  881): stay LED for charging
D/MotionRecognitionService(  881):   mReceiver.onReceive : ACTION_BATTERY_CHANGED
I/MotionRecognitionService(  881): Plugged
I/MotionRecognitionService(  881): setPowerConnected  = true
D/STATUSBAR-PhoneStatusBar( 1188):  mBrightnessEnablebySettings = true mBrightnessEnablebyBattery = true mBrightnessEnablebyDisableFlag = true mPmsBrightnessEnablebySettings = true
D/BatteryMeterView( 1188): ACTION_BATTERY_CHANGED : level:53 status:2 health:2
D/BatteryMeterView( 1188): ACTION_BATTERY_CHANGED : level:53 status:2 health:2
D/BatteryMeterView( 1188): ACTION_BATTERY_CHANGED : level:53 status:2 health:2
D/SViewCoverView( 1188): BroadcastReceiver onReceive() : action : android.intent.action.BATTERY_CHANGED
D/SViewCoverView( 1188): level :53 plugged : 2
D/BatteryMeterView( 1188): ACTION_BATTERY_CHANGED : level:53 status:2 health:2
D/TimaService(  881): TIMA MEASUREMENT Result: TIMA_STATUS=0;MSG=Kernel Verification Success;
D/TimaService(  881): TIMA MEASUREMENT success status: TIMA_STATUS=0;MSG=Kernel Verification Success;
E/Watchdog(  881): !@Sync 330
D/SSRM:m  (  881): SIOP:: AP = 260, PST = 260, CUR = 450
D/BatteryService(  881): level:53, scale:100, status:2, health:2, present:true, voltage: 4020, temperature: 271, technology: Li-ion, AC powered:false, USB powered:true, Wireless powered:false, icon:17303749, invalid charger:0
D/BatteryService(  881): online:4, current avg:450, charge type:1, power sharing:false, high voltage charger:false, capacity:280000
D/BatteryService(  881): Sending ACTION_BATTERY_CHANGED.
D/MotionRecognitionService(  881):   mReceiver.onReceive : ACTION_BATTERY_CHANGED
I/MotionRecognitionService(  881): Plugged
I/MotionRecognitionService(  881): setPowerConnected  = true
D/BatteryService(  881): stay LED for charging
D/STATUSBAR-PhoneStatusBar( 1188):  mBrightnessEnablebySettings = true mBrightnessEnablebyBattery = true mBrightnessEnablebyDisableFlag = true mPmsBrightnessEnablebySettings = true
D/BatteryMeterView( 1188): ACTION_BATTERY_CHANGED : level:53 status:2 health:2
D/BatteryMeterView( 1188): ACTION_BATTERY_CHANGED : level:53 status:2 health:2
D/BatteryMeterView( 1188): ACTION_BATTERY_CHANGED : level:53 status:2 health:2
D/SViewCoverView( 1188): BroadcastReceiver onReceive() : action : android.intent.action.BATTERY_CHANGED
D/SViewCoverView( 1188): level :53 plugged : 2
D/BatteryMeterView( 1188): ACTION_BATTERY_CHANGED : level:53 status:2 health:2
D/SSRM:m  (  881): SIOP:: AP = 260, PST = 260, CUR = 450
D/BatteryService(  881): level:53, scale:100, status:2, health:2, present:true, voltage: 4023, temperature: 271, technology: Li-ion, AC powered:false, USB powered:true, Wireless powered:false, icon:17303749, invalid charger:0
D/BatteryService(  881): online:4, current avg:450, charge type:1, power sharing:false, high voltage charger:false, capacity:280000
D/BatteryService(  881): Sending ACTION_BATTERY_CHANGED.
D/MotionRecognitionService(  881):   mReceiver.onReceive : ACTION_BATTERY_CHANGED
I/MotionRecognitionService(  881): Plugged
I/MotionRecognitionService(  881): setPowerConnected  = true
D/BatteryService(  881): stay LED for charging
D/STATUSBAR-PhoneStatusBar( 1188):  mBrightnessEnablebySettings = true mBrightnessEnablebyBattery = true mBrightnessEnablebyDisableFlag = true mPmsBrightnessEnablebySettings = true
D/BatteryMeterView( 1188): ACTION_BATTERY_CHANGED : level:53 status:2 health:2
D/BatteryMeterView( 1188): ACTION_BATTERY_CHANGED : level:53 status:2 health:2
D/BatteryMeterView( 1188): ACTION_BATTERY_CHANGED : level:53 status:2 health:2
D/SViewCoverView( 1188): BroadcastReceiver onReceive() : action : android.intent.action.BATTERY_CHANGED
D/SViewCoverView( 1188): level :53 plugged : 2
D/BatteryMeterView( 1188): ACTION_BATTERY_CHANGED : level:53 status:2 health:2
I/PowerManagerService(  881): [PWL] Off : 1500s ago
D/SSRM:m  (  881): SIOP:: AP = 260, PST = 260, CUR = 450
D/BatteryService(  881): level:54, scale:100, status:2, health:2, present:true, voltage: 4022, temperature: 271, technology: Li-ion, AC powered:false, USB powered:true, Wireless powered:false, icon:17303749, invalid charger:0
D/BatteryService(  881): online:4, current avg:450, charge type:1, power sharing:false, high voltage charger:false, capacity:280000
D/BatteryService(  881): Sending ACTION_BATTERY_CHANGED.
D/MotionRecognitionService(  881):   mReceiver.onReceive : ACTION_BATTERY_CHANGED
D/BatteryService(  881): stay LED for charging
I/MotionRecognitionService(  881): Plugged
I/MotionRecognitionService(  881): setPowerConnected  = true
D/STATUSBAR-PhoneStatusBar( 1188):  mBrightnessEnablebySettings = true mBrightnessEnablebyBattery = true mBrightnessEnablebyDisableFlag = true mPmsBrightnessEnablebySettings = true
D/ConnectivityService(  881): returning getNetworkInfo(networkType - 1) :[type: WIFI[] - WIFI, state: CONNECTED/CONNECTED, reason: (unspecified), extra: "TangGarMong", roaming: false, failover: false, isAvailable: true, isConnectedToProvisioningNetwork: false]
D/BatteryMeterView( 1188): ACTION_BATTERY_CHANGED : level:54 status:2 health:2
D/BatteryMeterView( 1188): ACTION_BATTERY_CHANGED : level:54 status:2 health:2
D/BatteryMeterView( 1188): ACTION_BATTERY_CHANGED : level:54 status:2 health:2
D/SViewCoverView( 1188): BroadcastReceiver onReceive() : action : android.intent.action.BATTERY_CHANGED
D/SViewCoverView( 1188): level :54 plugged : 2
D/BatteryMeterView( 1188): ACTION_BATTERY_CHANGED : level:54 status:2 health:2
D/ConnectivityService(  881): returning getNetworkInfo(networkType - 1) :[type: WIFI[] - WIFI, state: CONNECTED/CONNECTED, reason: (unspecified), extra: "TangGarMong", roaming: false, failover: false, isAvailable: true, isConnectedToProvisioningNetwork: false]
D/ConnectivityService(  881): returning getNetworkInfo(networkType - 1) :[type: WIFI[] - WIFI, state: CONNECTED/CONNECTED, reason: (unspecified), extra: "TangGarMong", roaming: false, failover: false, isAvailable: true, isConnectedToProvisioningNetwork: false]
E/Watchdog(  881): !@Sync 331
D/SSRM:m  (  881): SIOP:: AP = 260, PST = 260, CUR = 450
--------- beginning of main
D/MyActivity( 1555): Accelerometer: X: 0.17357962 Y :-0.093373865 Z: 10.427945
D/MyActivity( 1555): Magnetometer: X: -43.2 Y :27.18 Z: 17.88
D/MyActivity( 1555): Gyroscope: X: 0.0058589545 Y :-0.008788432 Z: -0.0013315806
D/MyActivity( 1555): Accelerometer: X: 0.16579847 Y :-0.091578215 Z: 10.465055
D/MyActivity( 1555): Magnetometer: X: -43.2 Y :27.18 Z: 17.88
D/MyActivity( 1555): Gyroscope: X: 0.006657903 Y :-0.011185277 Z: -0.0013315806
D/MyActivity( 1555): Accelerometer: X: 0.15741876 Y :-0.092176765 Z: 10.444705
D/MyActivity( 1555): Magnetometer: X: -43.2 Y :27.18 Z: 17.82
D/MyActivity( 1555): Gyroscope: X: 0.0053263223 Y :-0.009321064 Z: -0.0029294773
D/MyActivity( 1555): Accelerometer: X: 0.17238252 Y :-0.108337626 Z: 10.420763
D/MyActivity( 1555): Magnetometer: X: -43.2 Y :27.18 Z: 17.82
D/MyActivity( 1555): Gyroscope: X: 0.005060006 Y :-0.008522116 Z: -7.9894834E-4
D/MyActivity( 1555): Accelerometer: X: 0.16938977 Y :-0.10115502 Z: 10.419566
D/MyActivity( 1555): Magnetometer: X: -43.2 Y :27.24 Z: 17.82
D/MyActivity( 1555): Gyroscope: X: 0.004527374 Y :-0.008522116 Z: -0.002396845
D/MyActivity( 1555): Accelerometer: X: 0.18674773 Y :-0.09636662 Z: 10.428544
D/MyActivity( 1555): Magnetometer: X: -43.14 Y :27.24 Z: 17.76
D/MyActivity( 1555): Gyroscope: X: 0.0061252704 Y :-0.009054748 Z: -0.0015978967
D/MyActivity( 1555): Accelerometer: X: 0.17956513 Y :-0.077811554 Z: 10.443508
D/MyActivity( 1555): Magnetometer: X: -43.2 Y :27.24 Z: 17.76
D/MyActivity( 1555): Gyroscope: X: 0.0058589545 Y :-0.010120012 Z: -0.0015978967
D/MyActivity( 1555): Accelerometer: X: 0.16101007 Y :-0.08259996 Z: 10.434529
D/MyActivity( 1555): Magnetometer: X: -43.2 Y :27.3 Z: 17.7
D/MyActivity( 1555): Gyroscope: X: 0.004527374 Y :-0.008788432 Z: -0.0026631611
D/MyActivity( 1555): Accelerometer: X: 0.17597382 Y :-0.09756372 Z: 10.445902
D/MyActivity( 1555): Magnetometer: X: -43.2 Y :27.3 Z: 17.7
D/MyActivity( 1555): Gyroscope: X: 0.0053263223 Y :-0.009321064 Z: -0.0015978967
D/MyActivity( 1555): Accelerometer: X: 0.16220717 Y :-0.05925649 Z: 10.4249525
D/MyActivity( 1555): Magnetometer: X: -43.2 Y :27.3 Z: 17.7
D/MyActivity( 1555): Gyroscope: X: 0.005060006 Y :-0.009054748 Z: -0.0018642128
D/MyActivity( 1555): Accelerometer: X: 0.16699557 Y :-0.09876082 Z: 10.411784
D/MyActivity( 1555): Magnetometer: X: -43.2 Y :27.3 Z: 17.7
D/MyActivity( 1555): Gyroscope: X: 0.0058589545 Y :-0.011717909 Z: -0.002130529
D/MyActivity( 1555): Accelerometer: X: 0.18854338 Y :-0.108936176 Z: 10.463859
D/MyActivity( 1555): Magnetometer: X: -43.2 Y :27.3 Z: 17.7
D/MyActivity( 1555): Gyroscope: X: 0.00479369 Y :-0.010652645 Z: 0.0
D/MyActivity( 1555): Accelerometer: X: 0.18854338 Y :-0.076614454 Z: 10.45907
D/MyActivity( 1555): Magnetometer: X: -43.2 Y :27.36 Z: 17.64
D/MyActivity( 1555): Gyroscope: X: 0.004527374 Y :-0.009853696 Z: -0.0013315806
D/MyActivity( 1555): Accelerometer: X: 0.19752164 Y :-0.089184016 Z: 10.411784
D/MyActivity( 1555): Magnetometer: X: -43.2 Y :27.36 Z: 17.64
D/MyActivity( 1555): Gyroscope: X: 0.0053263223 Y :-0.010120012 Z: -0.002396845
D/MyActivity( 1555): Accelerometer: X: 0.17537527 Y :-0.090979666 Z: 10.426748
D/MyActivity( 1555): Magnetometer: X: -43.2 Y :27.36 Z: 17.64
D/MyActivity( 1555): Gyroscope: X: 0.0061252704 Y :-0.011717909 Z: -0.0031957934
E/SMD     (  298): DCD ON
D/MyActivity( 1555): Accelerometer: X: 0.17118542 Y :-0.075417355 Z: 10.422559
D/MyActivity( 1555): Magnetometer: X: -43.2 Y :27.36 Z: 17.64
D/MyActivity( 1555): Gyroscope: X: 0.0053263223 Y :-0.010386328 Z: -0.0015978967
D/MyActivity( 1555): Accelerometer: X: 0.15382746 Y :-0.089184016 Z: 10.459669
D/MyActivity( 1555): Magnetometer: X: -43.2 Y :27.36 Z: 17.64
D/MyActivity( 1555): Gyroscope: X: 0.0061252704 Y :-0.010918961 Z: -7.9894834E-4
D/MyActivity( 1555): Accelerometer: X: 0.17058687 Y :-0.08259996 Z: 10.454282
D/MyActivity( 1555): Magnetometer: X: -43.26 Y :27.36 Z: 17.64
D/MyActivity( 1555): Gyroscope: X: 0.0055926386 Y :-0.010652645 Z: -7.9894834E-4
D/MyActivity( 1555): Accelerometer: X: 0.18255788 Y :-0.077213004 Z: 10.433332
D/MyActivity( 1555): Magnetometer: X: -43.26 Y :27.24 Z: 17.64
D/MyActivity( 1555): Gyroscope: X: 0.0053263223 Y :-0.010918961 Z: -0.0013315806
D/MyActivity( 1555): Accelerometer: X: 0.15502456 Y :-0.091578215 Z: 10.474632
D/MyActivity( 1555): Magnetometer: X: -43.26 Y :27.18 Z: 17.58
D/MyActivity( 1555): Gyroscope: X: 0.0053263223 Y :-0.009853696 Z: -2.663161E-4
D/MyActivity( 1555): Accelerometer: X: 0.15442601 Y :-0.09995792 Z: 10.422559
D/MyActivity( 1555): Magnetometer: X: -43.26 Y :27.06 Z: 17.58
D/MyActivity( 1555): Gyroscope: X: 0.0058589545 Y :-0.010652645 Z: -0.0013315806
D/MyActivity( 1555): Accelerometer: X: 0.14784196 Y :-0.109534726 Z: 10.439917
D/MyActivity( 1555): Magnetometer: X: -43.26 Y :27.0 Z: 17.64
D/MyActivity( 1555): Gyroscope: X: 0.0058589545 Y :-0.008522116 Z: -0.0015978967
D/MyActivity( 1555): Accelerometer: X: 0.16101007 Y :-0.11911154 Z: 10.441712
D/MyActivity( 1555): Magnetometer: X: -43.26 Y :26.88 Z: 17.64
D/MyActivity( 1555): Gyroscope: X: 0.0053263223 Y :-0.011984225 Z: -2.663161E-4
D/MyActivity( 1555): Accelerometer: X: 0.16699557 Y :-0.08678981 Z: 10.443508
D/MyActivity( 1555): Magnetometer: X: -43.26 Y :26.82 Z: 17.64
D/MyActivity( 1555): Gyroscope: X: 0.0053263223 Y :-0.010386328 Z: -0.0010652645
D/MyActivity( 1555): Accelerometer: X: 0.15562311 Y :-0.073621705 Z: 10.42615
D/MyActivity( 1555): Magnetometer: X: -43.26 Y :26.7 Z: 17.64
D/MyActivity( 1555): Gyroscope: X: 0.004527374 Y :-0.010652645 Z: -0.002396845
D/MyActivity( 1555): Accelerometer: X: 0.16639702 Y :-0.076015905 Z: 10.445902
D/MyActivity( 1555): Magnetometer: X: -43.26 Y :26.64 Z: 17.64
D/MyActivity( 1555): Gyroscope: X: 0.0053263223 Y :-0.008788432 Z: -7.9894834E-4
D/MyActivity( 1555): Accelerometer: X: 0.1592144 Y :-0.08499416 Z: 10.414778
D/MyActivity( 1555): Magnetometer: X: -43.26 Y :26.58 Z: 17.58
D/MyActivity( 1555): Gyroscope: X: 0.0061252704 Y :-0.010120012 Z: -0.0013315806
D/MyActivity( 1555): Accelerometer: X: 0.17836803 Y :-0.09995792 Z: 10.429143
D/MyActivity( 1555): Magnetometer: X: -43.26 Y :26.52 Z: 17.58
D/MyActivity( 1555): Gyroscope: X: 0.005060006 Y :-0.009853696 Z: -0.0015978967
D/MyActivity( 1555): Accelerometer: X: 0.18076223 Y :-0.08379706 Z: 10.453683
D/MyActivity( 1555): Magnetometer: X: -43.2 Y :26.46 Z: 17.58
D/MyActivity( 1555): Gyroscope: X: 0.0061252704 Y :-0.008522116 Z: -0.002396845
D/MyActivity( 1555): Accelerometer: X: 0.15442601 Y :-0.09696517 Z: 10.414778
D/MyActivity( 1555): Magnetometer: X: -43.2 Y :26.4 Z: 17.58
D/MyActivity( 1555): Gyroscope: X: 0.0063915867 Y :-0.011185277 Z: 2.663161E-4
D/MyActivity( 1555): Accelerometer: X: 0.16460137 Y :-0.08619126 Z: 10.456676
D/MyActivity( 1555): Magnetometer: X: -43.2 Y :26.4 Z: 17.58
D/MyActivity( 1555): Gyroscope: X: 0.0039947415 Y :-0.010386328 Z: -0.002396845
D/MyActivity( 1555): Accelerometer: X: 0.17417817 Y :-0.109534726 Z: 10.423756
D/MyActivity( 1555): Magnetometer: X: -43.2 Y :26.4 Z: 17.58
D/MyActivity( 1555): Gyroscope: X: 0.004527374 Y :-0.010918961 Z: -0.0015978967
E/SMD     (  298): DCD ON
D/MyActivity( 1555): Accelerometer: X: 0.17597382 Y :-0.09816227 Z: 10.437522
D/MyActivity( 1555): Magnetometer: X: -43.2 Y :26.34 Z: 17.58
D/MyActivity( 1555): Gyroscope: X: 0.004527374 Y :-0.008788432 Z: -0.0018642128
D/MyActivity( 1555): Accelerometer: X: 0.17178397 Y :-0.08259996 Z: 10.439318
D/MyActivity( 1555): Magnetometer: X: -43.2 Y :26.34 Z: 17.64
D/MyActivity( 1555): Gyroscope: X: 0.00479369 Y :-0.010652645 Z: -0.0026631611
D/MyActivity( 1555): Accelerometer: X: 0.16400282 Y :-0.08379706 Z: 10.454881
D/MyActivity( 1555): Magnetometer: X: -43.2 Y :26.4 Z: 17.64
D/MyActivity( 1555): Gyroscope: X: 0.00479369 Y :-0.009853696 Z: 0.0
D/MyActivity( 1555): Accelerometer: X: 0.19632454 Y :-0.088585466 Z: 10.445902
D/MyActivity( 1555): Magnetometer: X: -43.2 Y :26.46 Z: 17.64
D/MyActivity( 1555): Gyroscope: X: 0.0055926386 Y :-0.011451593 Z: -0.002396845
D/MyActivity( 1555): Accelerometer: X: 0.18435353 Y :-0.09935937 Z: 10.465654
D/MyActivity( 1555): Magnetometer: X: -43.2 Y :26.52 Z: 17.64
D/MyActivity( 1555): Gyroscope: X: 0.0053263223 Y :-0.009853696 Z: -0.0018642128
D/MyActivity( 1555): Accelerometer: X: 0.17178397 Y :-0.095768064 Z: 10.453085
D/MyActivity( 1555): Magnetometer: X: -43.2 Y :26.58 Z: 17.64
D/MyActivity( 1555): Gyroscope: X: 0.005060006 Y :-0.00958738 Z: -0.0018642128
D/MyActivity( 1555): Accelerometer: X: 0.15562311 Y :-0.091578215 Z: 10.422559
D/MyActivity( 1555): Magnetometer: X: -43.14 Y :26.64 Z: 17.64
D/MyActivity( 1555): Gyroscope: X: 0.004527374 Y :-0.011717909 Z: -0.0015978967
D/MyActivity( 1555): Accelerometer: X: 0.17357962 Y :-0.093972415 Z: 10.423157
D/MyActivity( 1555): Magnetometer: X: -43.14 Y :26.7 Z: 17.64
D/MyActivity( 1555): Gyroscope: X: 0.005060006 Y :-0.010120012 Z: -7.9894834E-4
D/MyActivity( 1555): Accelerometer: X: 0.16579847 Y :-0.08798691 Z: 10.415975
D/MyActivity( 1555): Magnetometer: X: -43.14 Y :26.76 Z: 17.64
D/MyActivity( 1555): Gyroscope: X: 0.004527374 Y :-0.011185277 Z: -7.9894834E-4
D/MyActivity( 1555): Accelerometer: X: 0.16460137 Y :-0.11133038 Z: 10.426748
D/MyActivity( 1555): Magnetometer: X: -43.14 Y :26.82 Z: 17.64
D/MyActivity( 1555): Gyroscope: X: 0.005060006 Y :-0.010386328 Z: -0.0015978967
D/MyActivity( 1555): Accelerometer: X: 0.17537527 Y :-0.08738836 Z: 10.438121
D/MyActivity( 1555): Magnetometer: X: -43.14 Y :26.82 Z: 17.64
D/MyActivity( 1555): Gyroscope: X: 0.0053263223 Y :-0.011717909 Z: -5.326322E-4
D/SSRM:m  (  881): SIOP:: AP = 260, PST = 260, CUR = 450
D/MyActivity( 1555): Accelerometer: X: 0.17417817 Y :-0.09935937 Z: 10.425551
D/MyActivity( 1555): Magnetometer: X: -43.08 Y :26.88 Z: 17.58
D/MyActivity( 1555): Gyroscope: X: 0.005060006 Y :-0.009853696 Z: -0.0029294773
D/MyActivity( 1555): Accelerometer: X: 0.15801731 Y :-0.10414778 Z: 10.429143
D/MyActivity( 1555): Magnetometer: X: -43.08 Y :26.88 Z: 17.58
D/MyActivity( 1555): Gyroscope: X: 0.0031957934 Y :-0.009054748 Z: -5.326322E-4
D/MyActivity( 1555): Accelerometer: X: 0.17118542 Y :-0.107140526 Z: 10.418368
D/MyActivity( 1555): Magnetometer: X: -43.08 Y :26.88 Z: 17.52
D/MyActivity( 1555): Gyroscope: X: 0.004527374 Y :-0.010120012 Z: -0.0026631611
D/MyActivity( 1555): Accelerometer: X: 0.16400282 Y :-0.10354923 Z: 10.44231
D/MyActivity( 1555): Magnetometer: X: -43.08 Y :26.88 Z: 17.52
D/MyActivity( 1555): Gyroscope: X: 0.006657903 Y :-0.010120012 Z: -0.002130529
D/MyActivity( 1555): Accelerometer: X: 0.15322891 Y :-0.08439561 Z: 10.428544
D/MyActivity( 1555): Magnetometer: X: -43.08 Y :26.94 Z: 17.46
D/MyActivity( 1555): Gyroscope: X: 0.0053263223 Y :-0.010386328 Z: -7.9894834E-4
E/SMD     (  298): DCD ON
D/MyActivity( 1555): Accelerometer: X: 0.16639702 Y :-0.074818805 Z: 10.407595
D/MyActivity( 1555): Magnetometer: X: -43.02 Y :26.94 Z: 17.4
D/MyActivity( 1555): Gyroscope: X: 0.0058589545 Y :-0.011717909 Z: -0.002130529
D/MyActivity( 1555): Accelerometer: X: 0.18016368 Y :-0.095768064 Z: 10.412383
D/MyActivity( 1555): Magnetometer: X: -43.02 Y :26.94 Z: 17.4
D/MyActivity( 1555): Gyroscope: X: 0.004261058 Y :-0.010120012 Z: -5.326322E-4
D/MyActivity( 1555): Accelerometer: X: 0.16400282 Y :-0.08678981 Z: 10.45907
D/MyActivity( 1555): Magnetometer: X: -43.02 Y :26.94 Z: 17.4
D/MyActivity( 1555): Gyroscope: X: 0.00479369 Y :-0.007456851 Z: -0.0013315806
D/BatteryService(  881): level:54, scale:100, status:2, health:2, present:true, voltage: 4023, temperature: 271, technology: Li-ion, AC powered:false, USB powered:true, Wireless powered:false, icon:17303749, invalid charger:0
D/BatteryService(  881): online:4, current avg:450, charge type:1, power sharing:false, high voltage charger:false, capacity:280000
D/BatteryService(  881): Sending ACTION_BATTERY_CHANGED.
D/MotionRecognitionService(  881):   mReceiver.onReceive : ACTION_BATTERY_CHANGED
I/MotionRecognitionService(  881): Plugged
I/MotionRecognitionService(  881): setPowerConnected  = true
D/BatteryService(  881): stay LED for charging
D/KeyguardUpdateMonitor( 1188): received broadcast android.intent.action.BATTERY_CHANGED
D/KeyguardUpdateMonitor( 1188): handleBatteryUpdate
D/STATUSBAR-PhoneStatusBar( 1188):  mBrightnessEnablebySettings = true mBrightnessEnablebyBattery = true mBrightnessEnablebyDisableFlag = true mPmsBrightnessEnablebySettings = true
I/BusinessExecutor( 2176): registered Task#983 : PowerInfoEventSource$1
I/BusinessExecutor( 2176): Task#983 : #run() called
I/BusinessExecutor( 2176): Task#983 : #run() ended
D/BatteryMeterView( 1188): ACTION_BATTERY_CHANGED : level:54 status:2 health:2
D/BatteryMeterView( 1188): ACTION_BATTERY_CHANGED : level:54 status:2 health:2
D/BatteryMeterView( 1188): ACTION_BATTERY_CHANGED : level:54 status:2 health:2
D/SViewCoverView( 1188): BroadcastReceiver onReceive() : action : android.intent.action.BATTERY_CHANGED
D/SViewCoverView( 1188): level :54 plugged : 2
I/DBG_FMMDM( 5128): [50.20.150730][Line:931][onReceive] Batter Changed
I/DBG_FMMDM( 5128): [50.20.150730][Line:1242][xlawmoAdpGetUltraBatteryLevel] cnt: 54
I/DBG_FMMDM( 5128): [50.20.150730][Line:1253][xlawmoAdpGetBatteryStatus] xlawmoAdpGetBatteryStatus
I/DBG_FMMDM( 5128): [50.20.150730][Line:1255][xlawmoAdpGetBatteryStatus] 
D/BatteryMeterView( 1188): ACTION_BATTERY_CHANGED : level:54 status:2 health:2
I/DBG_FMMDM( 5128): [50.20.150730][Line:1281][xlawmoAdpGetBatteryStatus] szBatteryStatus = CHARGING
I/DBG_FMMDM( 5128): [50.20.150730][Line:529][xdbLawmoGetExtLastLoactionSet] LastLoactionSet : 0
I/DBG_FMMDM( 5128): [50.20.150730][Line:360][xlawmoAdpGetLastLocationState] Device LastLocationMode state : 0
I/DBG_FMMDM( 5128): [50.20.150730][Line:839][xdmBroadcastBatteryInfo] Battery Flag : 0
I/DBG_FMMDM( 5128): [50.20.150730][Line:840][xdmBroadcastBatteryInfo] Battery szBatteryStatus : CHARGING
D/MyActivity( 1555): Accelerometer: X: 0.18495208 Y :-0.092775315 Z: 10.427945
D/MyActivity( 1555): Magnetometer: X: -43.02 Y :26.94 Z: 17.34
D/MyActivity( 1555): Gyroscope: X: 0.0061252704 Y :-0.008522116 Z: -0.0018642128
D/MyActivity( 1555): Accelerometer: X: 0.16759412 Y :-0.08559271 Z: 10.415975
D/MyActivity( 1555): Magnetometer: X: -42.96 Y :26.94 Z: 17.34
D/MyActivity( 1555): Gyroscope: X: 0.004527374 Y :-0.011185277 Z: -0.0029294773
D/MyActivity( 1555): Accelerometer: X: 0.16340427 Y :-0.08619126 Z: 10.42196
D/MyActivity( 1555): Magnetometer: X: -42.96 Y :27.0 Z: 17.34
D/MyActivity( 1555): Gyroscope: X: 0.004527374 Y :-0.011717909 Z: -0.0018642128
